Archive member included to satisfy reference by file (symbol)

../..//build\libdaisy.a(dsy_adc.o)
                              build/main.o (dsy_adc_init)
../..//build\libdaisy.a(dsy_audio.o)
                              build/main.o (dsy_audio_init)
../..//build\libdaisy.a(dsy_qspi.o)
                              build/main.o (dsy_qspi_init)
../..//build\libdaisy.a(dsy_sdram.o)
                              build/main.o (dsy_sdram_init)
../..//build\libdaisy.a(dsy_system.o)
                              build/main.o (dsy_system_init)
../..//build\libdaisy.a(dsy_i2c.o)
                              ../..//build\libdaisy.a(dsy_audio.o) (dsy_i2c_init)
../..//build\libdaisy.a(dsy_sai.o)
                              ../..//build\libdaisy.a(dsy_audio.o) (hsai_BlockA1)
../..//build\libdaisy.a(dsy_gpio.o)
                              build/main.o (dsy_gpio_init)
../..//build\libdaisy.a(dsy_switch.o)
                              build/main.o (dsy_switch_init)
../..//build\libdaisy.a(dsy_encoder.o)
                              build/main.o (dsy_encoder_init)
../..//build\libdaisy.a(stm32h7xx_hal_adc.o)
                              ../..//build\libdaisy.a(dsy_adc.o) (HAL_ADC_ConfigChannel)
../..//build\libdaisy.a(stm32h7xx_hal_adc_ex.o)
                              ../..//build\libdaisy.a(stm32h7xx_hal_adc.o) (HAL_ADCEx_InjectedConvCpltCallback)
../..//build\libdaisy.a(stm32h7xx_hal_cortex.o)
                              ../..//build\libdaisy.a(dsy_qspi.o) (HAL_NVIC_SetPriority)
../..//build\libdaisy.a(stm32h7xx_hal_sdram.o)
                              ../..//build\libdaisy.a(dsy_sdram.o) (HAL_SDRAM_Init)
../..//build\libdaisy.a(stm32h7xx_hal_i2c.o)
                              ../..//build\libdaisy.a(dsy_i2c.o) (HAL_I2C_Init)
../..//build\libdaisy.a(stm32h7xx_hal_i2c_ex.o)
                              ../..//build\libdaisy.a(dsy_i2c.o) (HAL_I2CEx_ConfigAnalogFilter)
../..//build\libdaisy.a(stm32h7xx_hal_qspi.o)
                              ../..//build\libdaisy.a(dsy_qspi.o) (HAL_QSPI_Init)
../..//build\libdaisy.a(stm32h7xx_hal_sai.o)
                              ../..//build\libdaisy.a(dsy_sai.o) (HAL_SAI_InitProtocol)
../..//build\libdaisy.a(stm32h7xx_hal_rcc.o)
                              ../..//build\libdaisy.a(dsy_system.o) (HAL_RCC_OscConfig)
../..//build\libdaisy.a(stm32h7xx_hal_rcc_ex.o)
                              ../..//build\libdaisy.a(dsy_system.o) (HAL_RCCEx_PeriphCLKConfig)
../..//build\libdaisy.a(stm32h7xx_hal_gpio.o)
                              ../..//build\libdaisy.a(dsy_adc.o) (HAL_GPIO_Init)
../..//build\libdaisy.a(stm32h7xx_hal_dma.o)
                              ../..//build\libdaisy.a(dsy_adc.o) (HAL_DMA_Init)
../..//build\libdaisy.a(stm32h7xx_hal_mdma.o)
                              ../..//build\libdaisy.a(stm32h7xx_hal_sdram.o) (HAL_MDMA_Start_IT)
../..//build\libdaisy.a(stm32h7xx_hal_pwr_ex.o)
                              ../..//build\libdaisy.a(dsy_system.o) (HAL_PWREx_ConfigSupply)
../..//build\libdaisy.a(stm32h7xx_hal.o)
                              ../..//build\libdaisy.a(stm32h7xx_hal_rcc.o) (HAL_InitTick)
../..//build\libdaisy.a(codec_wm8731.o)
                              ../..//build\libdaisy.a(dsy_audio.o) (codec_wm8731_init)
../..//build\libdaisy.a(dsy_dma.o)
                              ../..//build\libdaisy.a(dsy_system.o) (dsy_dma_init)
../..//build\libdaisy.a(stm32h7xx_ll_fmc.o)
                              ../..//build\libdaisy.a(stm32h7xx_hal_sdram.o) (FMC_SDRAM_Init)
../..//build\libdaisy.a(stm32h7xx_hal_pwr.o)
                              ../..//build\libdaisy.a(stm32h7xx_hal_pwr_ex.o) (HAL_PWR_PVDCallback)
c:/program files (x86)/gnu tools arm embedded/8 2019-q3-update/bin/../lib/gcc/arm-none-eabi/8.3.1/../../../../arm-none-eabi/lib/thumb/v7e-m+dp/hard\libc_nano.a(lib_a-exit.o)
                              c:/program files (x86)/gnu tools arm embedded/8 2019-q3-update/bin/../lib/gcc/arm-none-eabi/8.3.1/../../../../arm-none-eabi/lib/thumb/v7e-m+dp/hard/crt0.o (exit)
c:/program files (x86)/gnu tools arm embedded/8 2019-q3-update/bin/../lib/gcc/arm-none-eabi/8.3.1/../../../../arm-none-eabi/lib/thumb/v7e-m+dp/hard\libc_nano.a(lib_a-impure.o)
                              c:/program files (x86)/gnu tools arm embedded/8 2019-q3-update/bin/../lib/gcc/arm-none-eabi/8.3.1/../../../../arm-none-eabi/lib/thumb/v7e-m+dp/hard\libc_nano.a(lib_a-exit.o) (_global_impure_ptr)
c:/program files (x86)/gnu tools arm embedded/8 2019-q3-update/bin/../lib/gcc/arm-none-eabi/8.3.1/../../../../arm-none-eabi/lib/thumb/v7e-m+dp/hard\libc_nano.a(lib_a-init.o)
                              c:/program files (x86)/gnu tools arm embedded/8 2019-q3-update/bin/../lib/gcc/arm-none-eabi/8.3.1/../../../../arm-none-eabi/lib/thumb/v7e-m+dp/hard/crt0.o (__libc_init_array)
[...]
Memory Configuration

Name             Origin             Length             Attributes
FLASH            0x08000000         0x00020000         xr
DTCMRAM          0x20000000         0x00020000         xrw
SRAM             0x24000000         0x00080000         xrw
RAM_D2           0x30000000         0x00048000         xrw
RAM_D3           0x38000000         0x00010000         xrw
ITCMRAM          0x00000000         0x00010000         xrw
SDRAM            0xc0000000         0x04000000         xrw
*default*        0x00000000         0xffffffff

Linker script and memory map

LOAD c:/program files (x86)/gnu tools arm embedded/8 2019-q3-update/bin/../lib/gcc/arm-none-eabi/8.3.1/thumb/v7e-m+dp/hard/crti.o
LOAD c:/program files (x86)/gnu tools arm embedded/8 2019-q3-update/bin/../lib/gcc/arm-none-eabi/8.3.1/thumb/v7e-m+dp/hard/crtbegin.o
LOAD c:/program files (x86)/gnu tools arm embedded/8 2019-q3-update/bin/../lib/gcc/arm-none-eabi/8.3.1/../../../../arm-none-eabi/lib/thumb/v7e-m+dp/hard/crt0.o
LOAD build/main.o
LOAD build/system_stm32h7xx.o
LOAD build/startup_stm32h750xx.o
LOAD ../..//build\libdaisy.a
LOAD ../../../daisysp/build\libdaisysp.a
LOAD c:/program files (x86)/gnu tools arm embedded/8 2019-q3-update/bin/../lib/gcc/arm-none-eabi/8.3.1/../../../../arm-none-eabi/lib/thumb/v7e-m+dp/hard\libc_nano.a
LOAD c:/program files (x86)/gnu tools arm embedded/8 2019-q3-update/bin/../lib/gcc/arm-none-eabi/8.3.1/../../../../arm-none-eabi/lib/thumb/v7e-m+dp/hard\libm.a
LOAD c:/program files (x86)/gnu tools arm embedded/8 2019-q3-update/bin/../lib/gcc/arm-none-eabi/8.3.1/../../../../arm-none-eabi/lib/thumb/v7e-m+dp/hard\libnosys.a
START GROUP
LOAD c:/program files (x86)/gnu tools arm embedded/8 2019-q3-update/bin/../lib/gcc/arm-none-eabi/8.3.1/thumb/v7e-m+dp/hard\libgcc.a
LOAD c:/program files (x86)/gnu tools arm embedded/8 2019-q3-update/bin/../lib/gcc/arm-none-eabi/8.3.1/../../../../arm-none-eabi/lib/thumb/v7e-m+dp/hard\libc_nano.a
END GROUP
START GROUP
LOAD c:/program files (x86)/gnu tools arm embedded/8 2019-q3-update/bin/../lib/gcc/arm-none-eabi/8.3.1/thumb/v7e-m+dp/hard\libgcc.a
LOAD c:/program files (x86)/gnu tools arm embedded/8 2019-q3-update/bin/../lib/gcc/arm-none-eabi/8.3.1/../../../../arm-none-eabi/lib/thumb/v7e-m+dp/hard\libc_nano.a
END GROUP
LOAD c:/program files (x86)/gnu tools arm embedded/8 2019-q3-update/bin/../lib/gcc/arm-none-eabi/8.3.1/thumb/v7e-m+dp/hard/crtend.o
LOAD c:/program files (x86)/gnu tools arm embedded/8 2019-q3-update/bin/../lib/gcc/arm-none-eabi/8.3.1/thumb/v7e-m+dp/hard/crtn.o
                0x20020000                _estack = 0x20020000

.isr_vector     0x08000000      0x298
                0x08000000                . = ALIGN (0x4)
 *(.isr_vector)
 .isr_vector    0x08000000      0x298 build/startup_stm32h750xx.o
                0x08000000                g_pfnVectors
                0x08000298                . = ALIGN (0x4)

.eh_frame       0x08000298        0x0
 .eh_frame      0x08000298        0x0 c:/program files (x86)/gnu tools arm embedded/8 2019-q3-update/bin/../lib/gcc/arm-none-eabi/8.3.1/thumb/v7e-m+dp/hard/crtbegin.o

.text           0x08000298     0x764c
                0x08000298                . = ALIGN (0x4)
                0x08000298                _stext = .
 *(.text)
 .text          0x08000298       0x40 c:/program files (x86)/gnu tools arm embedded/8 2019-q3-update/bin/../lib/gcc/arm-none-eabi/8.3.1/thumb/v7e-m+dp/hard/crtbegin.o
 *(.text*)
 .text.callback
                0x080002d8       0x50 build/main.o
 .text.daisy_seed_init
                0x08000328      0x198 build/main.o
                0x08000328                daisy_seed_init
 .text.startup.main
                0x080004c0      0x118 build/main.o
                0x080004c0                main
 .text.SystemInit
                0x080005d8       0x80 build/system_stm32h7xx.o
                0x080005d8                SystemInit
 .text.Reset_Handler
                0x08000658       0x50 build/startup_stm32h750xx.o
                0x08000658                Reset_Handler
 .text.Default_Handler
                0x080006a8        0x2 build/startup_stm32h750xx.o
                0x080006a8                RTC_Alarm_IRQHandler
                0x080006a8                HASH_RNG_IRQHandler
                0x080006a8                EXTI2_IRQHandler
                0x080006a8                TIM8_CC_IRQHandler
                0x080006a8                HRTIM1_Master_IRQHandler
                0x080006a8                DebugMon_Handler
                0x080006a8                UART8_IRQHandler
                0x080006a8                SPI4_IRQHandler
                0x080006a8                TIM1_CC_IRQHandler
                0x080006a8                BDMA_Channel6_IRQHandler
                0x080006a8                DMA2_Stream5_IRQHandler
                0x080006a8                HRTIM1_FLT_IRQHandler
                0x080006a8                JPEG_IRQHandler
                0x080006a8                DMA1_Stream5_IRQHandler
                0x080006a8                BDMA_Channel1_IRQHandler
                0x080006a8                HRTIM1_TIMD_IRQHandler
                0x080006a8                TAMP_STAMP_IRQHandler
                0x080006a8                PendSV_Handler
                0x080006a8                NMI_Handler
                0x080006a8                EXTI3_IRQHandler
                0x080006a8                LPTIM4_IRQHandler
                0x080006a8                TIM8_TRG_COM_TIM14_IRQHandler
                0x080006a8                LPTIM2_IRQHandler
                0x080006a8                DFSDM1_FLT1_IRQHandler
                0x080006a8                DMAMUX2_OVR_IRQHandler
                0x080006a8                TIM8_UP_TIM13_IRQHandler
                0x080006a8                I2C3_ER_IRQHandler
                0x080006a8                DFSDM1_FLT2_IRQHandler
                0x080006a8                MDMA_IRQHandler
                0x080006a8                LPTIM3_IRQHandler
                0x080006a8                HSEM1_IRQHandler
                0x080006a8                EXTI0_IRQHandler
                0x080006a8                I2C2_EV_IRQHandler
                0x080006a8                FPU_IRQHandler
                0x080006a8                OTG_HS_WKUP_IRQHandler
                0x080006a8                FDCAN1_IT1_IRQHandler
                0x080006a8                UsageFault_Handler
                0x080006a8                LTDC_ER_IRQHandler
                0x080006a8                DMA2_Stream2_IRQHandler
                0x080006a8                HRTIM1_TIME_IRQHandler
                0x080006a8                SPI1_IRQHandler
                0x080006a8                TIM6_DAC_IRQHandler
                0x080006a8                DCMI_IRQHandler
                0x080006a8                HRTIM1_TIMC_IRQHandler
                0x080006a8                DMA2_Stream3_IRQHandler
                0x080006a8                SAI2_IRQHandler
                0x080006a8                DFSDM1_FLT3_IRQHandler
                0x080006a8                USART6_IRQHandler
                0x080006a8                TIM17_IRQHandler
                0x080006a8                USART3_IRQHandler
                0x080006a8                BDMA_Channel7_IRQHandler
                0x080006a8                CRYP_IRQHandler
                0x080006a8                LPTIM5_IRQHandler
                0x080006a8                UART5_IRQHandler
                0x080006a8                ADC3_IRQHandler
                0x080006a8                DMA2_Stream0_IRQHandler
                0x080006a8                TIM4_IRQHandler
                0x080006a8                BDMA_Channel2_IRQHandler
                0x080006a8                I2C1_EV_IRQHandler
                0x080006a8                DMA1_Stream6_IRQHandler
                0x080006a8                DMAMUX1_OVR_IRQHandler
                0x080006a8                TIM16_IRQHandler
                0x080006a8                UART4_IRQHandler
                0x080006a8                BDMA_Channel5_IRQHandler
                0x080006a8                TIM3_IRQHandler
                0x080006a8                RCC_IRQHandler
                0x080006a8                TIM8_BRK_TIM12_IRQHandler
                0x080006a8                TIM1_TRG_COM_IRQHandler
                0x080006a8                Default_Handler
                0x080006a8                ECC_IRQHandler
                0x080006a8                CEC_IRQHandler
                0x080006a8                EXTI15_10_IRQHandler
                0x080006a8                BDMA_Channel0_IRQHandler
                0x080006a8                ADC_IRQHandler
                0x080006a8                DMA1_Stream7_IRQHandler
                0x080006a8                HRTIM1_TIMA_IRQHandler
                0x080006a8                SPI5_IRQHandler
                0x080006a8                TIM7_IRQHandler
                0x080006a8                SDMMC1_IRQHandler
                0x080006a8                TIM5_IRQHandler
                0x080006a8                DMA2_Stream7_IRQHandler
                0x080006a8                TIM15_IRQHandler
                0x080006a8                PVD_AVD_IRQHandler
                0x080006a8                I2C3_EV_IRQHandler
                0x080006a8                EXTI9_5_IRQHandler
                0x080006a8                RTC_WKUP_IRQHandler
                0x080006a8                LTDC_IRQHandler
                0x080006a8                SAI3_IRQHandler
                0x080006a8                ETH_WKUP_IRQHandler
                0x080006a8                SPDIF_RX_IRQHandler
                0x080006a8                SPI2_IRQHandler
                0x080006a8                OTG_HS_EP1_IN_IRQHandler
                0x080006a8                MemManage_Handler
                0x080006a8                SVC_Handler
                0x080006a8                CRS_IRQHandler
                0x080006a8                EXTI4_IRQHandler
                0x080006a8                HRTIM1_TIMB_IRQHandler
                0x080006a8                FDCAN2_IT1_IRQHandler
                0x080006a8                ETH_IRQHandler
                0x080006a8                TIM1_UP_IRQHandler
                0x080006a8                BDMA_Channel4_IRQHandler
                0x080006a8                OTG_HS_EP1_OUT_IRQHandler
                0x080006a8                WWDG_IRQHandler
                0x080006a8                SPI6_IRQHandler
                0x080006a8                MDIOS_IRQHandler
                0x080006a8                I2C4_EV_IRQHandler
                0x080006a8                FDCAN2_IT0_IRQHandler
                0x080006a8                LPUART1_IRQHandler
                0x080006a8                FDCAN1_IT0_IRQHandler
                0x080006a8                TIM2_IRQHandler
                0x080006a8                OTG_FS_WKUP_IRQHandler
                0x080006a8                OTG_HS_IRQHandler
                0x080006a8                DMA2D_IRQHandler
                0x080006a8                TIM1_BRK_IRQHandler
                0x080006a8                EXTI1_IRQHandler
                0x080006a8                SDMMC2_IRQHandler
                0x080006a8                OTG_FS_EP1_OUT_IRQHandler
                0x080006a8                BDMA_Channel3_IRQHandler
                0x080006a8                UART7_IRQHandler
                0x080006a8                MDIOS_WKUP_IRQHandler
                0x080006a8                USART2_IRQHandler
                0x080006a8                DFSDM1_FLT0_IRQHandler
                0x080006a8                SAI4_IRQHandler
                0x080006a8                I2C2_ER_IRQHandler
                0x080006a8                DMA2_Stream1_IRQHandler
                0x080006a8                FLASH_IRQHandler
                0x080006a8                DMA2_Stream4_IRQHandler
                0x080006a8                BusFault_Handler
                0x080006a8                USART1_IRQHandler
                0x080006a8                OTG_FS_IRQHandler
                0x080006a8                SPI3_IRQHandler
                0x080006a8                WAKEUP_PIN_IRQHandler
                0x080006a8                OTG_FS_EP1_IN_IRQHandler
                0x080006a8                I2C1_ER_IRQHandler
                0x080006a8                FMC_IRQHandler
                0x080006a8                FDCAN_CAL_IRQHandler
                0x080006a8                SWPMI1_IRQHandler
                0x080006a8                COMP1_IRQHandler
                0x080006a8                LPTIM1_IRQHandler
                0x080006a8                I2C4_ER_IRQHandler
                0x080006a8                DMA2_Stream6_IRQHandler
                0x080006a8                SAI1_IRQHandler
 *fill*         0x080006aa        0x2 
 .text.dsy_adc_init
                0x080006ac      0x150 ../..//build\libdaisy.a(dsy_adc.o)
                0x080006ac                dsy_adc_init
 .text.HAL_ADC_MspInit
                0x080007fc      0x184 ../..//build\libdaisy.a(dsy_adc.o)
                0x080007fc                HAL_ADC_MspInit
 .text.DMA1_Stream2_IRQHandler
                0x08000980        0xc ../..//build\libdaisy.a(dsy_adc.o)
                0x08000980                DMA1_Stream2_IRQHandler
 .text.dsy_audio_passthru
                0x0800098c        0xc ../..//build\libdaisy.a(dsy_audio.o)
                0x0800098c                dsy_audio_passthru
 .text.DMA1_Stream0_IRQHandler
                0x08000998        0xc ../..//build\libdaisy.a(dsy_audio.o)
                0x08000998                DMA1_Stream0_IRQHandler
 .text.DMA1_Stream1_IRQHandler
                0x080009a4        0xc ../..//build\libdaisy.a(dsy_audio.o)
                0x080009a4                DMA1_Stream1_IRQHandler
 .text.DMA1_Stream3_IRQHandler
                0x080009b0        0xc ../..//build\libdaisy.a(dsy_audio.o)
                0x080009b0                DMA1_Stream3_IRQHandler
 .text.DMA1_Stream4_IRQHandler
                0x080009bc        0xc ../..//build\libdaisy.a(dsy_audio.o)
                0x080009bc                DMA1_Stream4_IRQHandler
 .text.dsy_audio_init
                0x080009c8       0xfc ../..//build\libdaisy.a(dsy_audio.o)
                0x080009c8                dsy_audio_init
 .text.dsy_audio_set_callback
                0x08000ac4       0x18 ../..//build\libdaisy.a(dsy_audio.o)
                0x08000ac4                dsy_audio_set_callback
 .text.dsy_audio_start
                0x08000adc       0x54 ../..//build\libdaisy.a(dsy_audio.o)
                0x08000adc                dsy_audio_start
 .text.HAL_SAI_RxHalfCpltCallback
                0x08000b30      0x160 ../..//build\libdaisy.a(dsy_audio.o)
                0x08000b30                HAL_SAI_RxHalfCpltCallback
 .text.HAL_SAI_RxCpltCallback
                0x08000c90      0x16c ../..//build\libdaisy.a(dsy_audio.o)
                0x08000c90                HAL_SAI_RxCpltCallback
 .text.dsy_qspi_init
                0x08000dfc      0x390 ../..//build\libdaisy.a(dsy_qspi.o)
                0x08000dfc                dsy_qspi_init
 .text.HAL_QSPI_MspInit
                0x0800118c      0x114 ../..//build\libdaisy.a(dsy_qspi.o)
                0x0800118c                HAL_QSPI_MspInit
 .text.HAL_QSPI_MspDeInit
                0x080012a0       0x5c ../..//build\libdaisy.a(dsy_qspi.o)
                0x080012a0                HAL_QSPI_MspDeInit
 .text.QUADSPI_IRQHandler
                0x080012fc        0xc ../..//build\libdaisy.a(dsy_qspi.o)
                0x080012fc                QUADSPI_IRQHandler
 .text.dsy_sdram_init
                0x08001308      0x11c ../..//build\libdaisy.a(dsy_sdram.o)
                0x08001308                dsy_sdram_init
 .text.HAL_SDRAM_MspInit
                0x08001424      0x1dc ../..//build\libdaisy.a(dsy_sdram.o)
                0x08001424                HAL_SDRAM_MspInit
 .text.SystemClock_Config
                0x08001600      0x174 ../..//build\libdaisy.a(dsy_system.o)
 .text.SysTick_Handler
                0x08001774       0x10 ../..//build\libdaisy.a(dsy_system.o)
                0x08001774                SysTick_Handler
 .text.HardFault_Handler
                0x08001784        0x4 ../..//build\libdaisy.a(dsy_system.o)
                0x08001784                HardFault_Handler
 .text.dsy_system_init
                0x08001788       0x40 ../..//build\libdaisy.a(dsy_system.o)
                0x08001788                dsy_system_init
 .text.dsy_i2c_init
                0x080017c8       0xc8 ../..//build\libdaisy.a(dsy_i2c.o)
                0x080017c8                dsy_i2c_init
 .text.dsy_i2c_hal_handle
                0x08001890       0x18 ../..//build\libdaisy.a(dsy_i2c.o)
                0x08001890                dsy_i2c_hal_handle
 .text.HAL_I2C_MspInit
                0x080018a8      0x28c ../..//build\libdaisy.a(dsy_i2c.o)
                0x080018a8                HAL_I2C_MspInit
 .text.dsy_sai1_init
                0x08001b34       0x90 ../..//build\libdaisy.a(dsy_sai.o)
 .text.dsy_sai2_init
                0x08001bc4       0x84 ../..//build\libdaisy.a(dsy_sai.o)
 .text.dsy_sai_init_from_handle
                0x08001c48       0x44 ../..//build\libdaisy.a(dsy_sai.o)
                0x08001c48                dsy_sai_init_from_handle
 .text.HAL_SAI_MspInit
                0x08001c8c      0x428 ../..//build\libdaisy.a(dsy_sai.o)
                0x08001c8c                HAL_SAI_MspInit
 .text.dsy_gpio_init
                0x080020b4       0x58 ../..//build\libdaisy.a(dsy_gpio.o)
                0x080020b4                dsy_gpio_init
 .text.dsy_gpio_read
                0x0800210c       0x24 ../..//build\libdaisy.a(dsy_gpio.o)
                0x0800210c                dsy_gpio_read
 .text.dsy_gpio_write
                0x08002130       0x28 ../..//build\libdaisy.a(dsy_gpio.o)
                0x08002130                dsy_gpio_write
 .text.dsy_switch_init
                0x08002158       0x3c ../..//build\libdaisy.a(dsy_switch.o)
                0x08002158                dsy_switch_init
 .text.dsy_encoder_init
                0x08002194       0x48 ../..//build\libdaisy.a(dsy_encoder.o)
                0x08002194                dsy_encoder_init
 .text.dsy_encoder_debounce
                0x080021dc       0x7c ../..//build\libdaisy.a(dsy_encoder.o)
                0x080021dc                dsy_encoder_debounce
 .text.dsy_encoder_inc
                0x08002258        0x4 ../..//build\libdaisy.a(dsy_encoder.o)
                0x08002258                dsy_encoder_inc
 .text.dsy_encoder_rising_edge
                0x0800225c       0x10 ../..//build\libdaisy.a(dsy_encoder.o)
                0x0800225c                dsy_encoder_rising_edge
 .text.HAL_ADC_ConfigChannel
                0x0800226c      0x3cc ../..//build\libdaisy.a(stm32h7xx_hal_adc.o)
                0x0800226c                HAL_ADC_ConfigChannel
 .text.ADC_ConfigureBoostMode
                0x08002638      0x17c ../..//build\libdaisy.a(stm32h7xx_hal_adc.o)
                0x08002638                ADC_ConfigureBoostMode
 .text.HAL_ADC_Init
                0x080027b4      0x218 ../..//build\libdaisy.a(stm32h7xx_hal_adc.o)
                0x080027b4                HAL_ADC_Init
 .text.HAL_ADCEx_MultiModeConfigChannel
                0x080029cc       0xc4 ../..//build\libdaisy.a(stm32h7xx_hal_adc_ex.o)
                0x080029cc                HAL_ADCEx_MultiModeConfigChannel
 .text.HAL_NVIC_SetPriorityGrouping
                0x08002a90       0x28 ../..//build\libdaisy.a(stm32h7xx_hal_cortex.o)
                0x08002a90                HAL_NVIC_SetPriorityGrouping
 .text.HAL_NVIC_SetPriority
                0x08002ab8       0x6c ../..//build\libdaisy.a(stm32h7xx_hal_cortex.o)
                0x08002ab8                HAL_NVIC_SetPriority
 .text.HAL_NVIC_EnableIRQ
                0x08002b24       0x1c ../..//build\libdaisy.a(stm32h7xx_hal_cortex.o)
                0x08002b24                HAL_NVIC_EnableIRQ
 .text.HAL_NVIC_DisableIRQ
                0x08002b40       0x28 ../..//build\libdaisy.a(stm32h7xx_hal_cortex.o)
                0x08002b40                HAL_NVIC_DisableIRQ
 .text.HAL_SYSTICK_Config
                0x08002b68       0x30 ../..//build\libdaisy.a(stm32h7xx_hal_cortex.o)
                0x08002b68                HAL_SYSTICK_Config
 .text.HAL_SYSTICK_Callback
                0x08002b98        0x4 ../..//build\libdaisy.a(stm32h7xx_hal_cortex.o)
                0x08002b98                HAL_SYSTICK_Callback
 .text.HAL_SYSTICK_IRQHandler
                0x08002b9c        0x8 ../..//build\libdaisy.a(stm32h7xx_hal_cortex.o)
                0x08002b9c                HAL_SYSTICK_IRQHandler
 .text.HAL_SDRAM_Init
                0x08002ba4       0x54 ../..//build\libdaisy.a(stm32h7xx_hal_sdram.o)
                0x08002ba4                HAL_SDRAM_Init
 .text.HAL_SDRAM_SendCommand
                0x08002bf8       0x4c ../..//build\libdaisy.a(stm32h7xx_hal_sdram.o)
                0x08002bf8                HAL_SDRAM_SendCommand
 .text.HAL_SDRAM_ProgramRefreshRate
                0x08002c44       0x34 ../..//build\libdaisy.a(stm32h7xx_hal_sdram.o)
                0x08002c44                HAL_SDRAM_ProgramRefreshRate
 .text.I2C_WaitOnTXISFlagUntilTimeout
                0x08002c78       0xc8 ../..//build\libdaisy.a(stm32h7xx_hal_i2c.o)
 .text.I2C_WaitOnSTOPFlagUntilTimeout
                0x08002d40       0xb4 ../..//build\libdaisy.a(stm32h7xx_hal_i2c.o)
 .text.HAL_I2C_Init
                0x08002df4       0xa8 ../..//build\libdaisy.a(stm32h7xx_hal_i2c.o)
                0x08002df4                HAL_I2C_Init
 .text.HAL_I2C_Master_Transmit
                0x08002e9c      0x1b4 ../..//build\libdaisy.a(stm32h7xx_hal_i2c.o)
                0x08002e9c                HAL_I2C_Master_Transmit
 .text.HAL_I2CEx_ConfigAnalogFilter
                0x08003050       0x54 ../..//build\libdaisy.a(stm32h7xx_hal_i2c_ex.o)
                0x08003050                HAL_I2CEx_ConfigAnalogFilter
 .text.HAL_I2CEx_ConfigDigitalFilter
                0x080030a4       0x50 ../..//build\libdaisy.a(stm32h7xx_hal_i2c_ex.o)
                0x080030a4                HAL_I2CEx_ConfigDigitalFilter
 .text.QSPI_Config
                0x080030f4      0x1a0 ../..//build\libdaisy.a(stm32h7xx_hal_qspi.o)
 .text.HAL_QSPI_Init
                0x08003294       0xd8 ../..//build\libdaisy.a(stm32h7xx_hal_qspi.o)
                0x08003294                HAL_QSPI_Init
 .text.HAL_QSPI_DeInit
                0x0800336c       0x3c ../..//build\libdaisy.a(stm32h7xx_hal_qspi.o)
                0x0800336c                HAL_QSPI_DeInit
 .text.HAL_QSPI_Command
                0x080033a8       0xd4 ../..//build\libdaisy.a(stm32h7xx_hal_qspi.o)
                0x080033a8                HAL_QSPI_Command
 .text.HAL_QSPI_Transmit
                0x0800347c      0x11c ../..//build\libdaisy.a(stm32h7xx_hal_qspi.o)
                0x0800347c                HAL_QSPI_Transmit
 .text.HAL_QSPI_Receive
                0x08003598      0x11c ../..//build\libdaisy.a(stm32h7xx_hal_qspi.o)
                0x08003598                HAL_QSPI_Receive
 .text.HAL_QSPI_AutoPolling
                0x080036b4       0xe0 ../..//build\libdaisy.a(stm32h7xx_hal_qspi.o)
                0x080036b4                HAL_QSPI_AutoPolling
 .text.HAL_QSPI_MemoryMapped
                0x08003794       0xb8 ../..//build\libdaisy.a(stm32h7xx_hal_qspi.o)
                0x08003794                HAL_QSPI_MemoryMapped
 .text.HAL_QSPI_ErrorCallback
                0x0800384c        0x4 ../..//build\libdaisy.a(stm32h7xx_hal_qspi.o)
                0x0800384c                HAL_QSPI_ErrorCallback
 .text.QSPI_DMAAbortCplt
                0x08003850       0x38 ../..//build\libdaisy.a(stm32h7xx_hal_qspi.o)
 .text.HAL_QSPI_AbortCpltCallback
                0x08003888        0x4 ../..//build\libdaisy.a(stm32h7xx_hal_qspi.o)
                0x08003888                HAL_QSPI_AbortCpltCallback
 .text.HAL_QSPI_CmdCpltCallback
                0x0800388c        0x4 ../..//build\libdaisy.a(stm32h7xx_hal_qspi.o)
                0x0800388c                HAL_QSPI_CmdCpltCallback
 .text.HAL_QSPI_RxCpltCallback
                0x08003890        0x4 ../..//build\libdaisy.a(stm32h7xx_hal_qspi.o)
                0x08003890                HAL_QSPI_RxCpltCallback
 .text.HAL_QSPI_TxCpltCallback
                0x08003894        0x4 ../..//build\libdaisy.a(stm32h7xx_hal_qspi.o)
                0x08003894                HAL_QSPI_TxCpltCallback
 .text.HAL_QSPI_FifoThresholdCallback
                0x08003898        0x4 ../..//build\libdaisy.a(stm32h7xx_hal_qspi.o)
                0x08003898                HAL_QSPI_FifoThresholdCallback
 .text.HAL_QSPI_StatusMatchCallback
                0x0800389c        0x4 ../..//build\libdaisy.a(stm32h7xx_hal_qspi.o)
                0x0800389c                HAL_QSPI_StatusMatchCallback
 .text.HAL_QSPI_TimeOutCallback
                0x080038a0        0x4 ../..//build\libdaisy.a(stm32h7xx_hal_qspi.o)
                0x080038a0                HAL_QSPI_TimeOutCallback
 .text.HAL_QSPI_IRQHandler
                0x080038a4      0x21c ../..//build\libdaisy.a(stm32h7xx_hal_qspi.o)
                0x080038a4                HAL_QSPI_IRQHandler
 .text.HAL_SAI_Init
                0x08003ac0      0x39c ../..//build\libdaisy.a(stm32h7xx_hal_sai.o)
                0x08003ac0                HAL_SAI_Init
 .text.HAL_SAI_InitProtocol
                0x08003e5c      0x154 ../..//build\libdaisy.a(stm32h7xx_hal_sai.o)
                0x08003e5c                HAL_SAI_InitProtocol
 .text.HAL_SAI_Transmit_DMA
                0x08003fb0      0x134 ../..//build\libdaisy.a(stm32h7xx_hal_sai.o)
                0x08003fb0                HAL_SAI_Transmit_DMA
 .text.HAL_SAI_Receive_DMA
                0x080040e4       0xdc ../..//build\libdaisy.a(stm32h7xx_hal_sai.o)
                0x080040e4                HAL_SAI_Receive_DMA
 .text.HAL_SAI_TxCpltCallback
                0x080041c0        0x4 ../..//build\libdaisy.a(stm32h7xx_hal_sai.o)
                0x080041c0                HAL_SAI_TxCpltCallback
 .text.SAI_DMATxCplt
                0x080041c4       0x60 ../..//build\libdaisy.a(stm32h7xx_hal_sai.o)
 .text.HAL_SAI_TxHalfCpltCallback
                0x08004224        0x4 ../..//build\libdaisy.a(stm32h7xx_hal_sai.o)
                0x08004224                HAL_SAI_TxHalfCpltCallback
 .text.SAI_DMATxHalfCplt
                0x08004228        0xc ../..//build\libdaisy.a(stm32h7xx_hal_sai.o)
 .text.SAI_DMARxCplt
                0x08004234       0x60 ../..//build\libdaisy.a(stm32h7xx_hal_sai.o)
 .text.SAI_DMARxHalfCplt
                0x08004294        0xc ../..//build\libdaisy.a(stm32h7xx_hal_sai.o)
 .text.HAL_SAI_ErrorCallback
                0x080042a0        0x4 ../..//build\libdaisy.a(stm32h7xx_hal_sai.o)
                0x080042a0                HAL_SAI_ErrorCallback
 .text.SAI_DMAError
                0x080042a4       0x7c ../..//build\libdaisy.a(stm32h7xx_hal_sai.o)
 .text.HAL_RCC_OscConfig
                0x08004320      0x548 ../..//build\libdaisy.a(stm32h7xx_hal_rcc.o)
                0x08004320                HAL_RCC_OscConfig
 .text.HAL_RCC_GetSysClockFreq
                0x08004868      0x118 ../..//build\libdaisy.a(stm32h7xx_hal_rcc.o)
                0x08004868                HAL_RCC_GetSysClockFreq
 .text.HAL_RCC_ClockConfig
                0x08004980      0x22c ../..//build\libdaisy.a(stm32h7xx_hal_rcc.o)
                0x08004980                HAL_RCC_ClockConfig
 .text.HAL_RCC_GetHCLKFreq
                0x08004bac       0x2c ../..//build\libdaisy.a(stm32h7xx_hal_rcc.o)
                0x08004bac                HAL_RCC_GetHCLKFreq
 .text.RCCEx_PLL2_Config
                0x08004bd8       0xf8 ../..//build\libdaisy.a(stm32h7xx_hal_rcc_ex.o)
 .text.RCCEx_PLL3_Config
                0x08004cd0       0xf8 ../..//build\libdaisy.a(stm32h7xx_hal_rcc_ex.o)
 .text.HAL_RCCEx_PeriphCLKConfig
                0x08004dc8      0xa88 ../..//build\libdaisy.a(stm32h7xx_hal_rcc_ex.o)
                0x08004dc8                HAL_RCCEx_PeriphCLKConfig
 .text.HAL_RCCEx_GetPLL2ClockFreq
                0x08005850      0x130 ../..//build\libdaisy.a(stm32h7xx_hal_rcc_ex.o)
                0x08005850                HAL_RCCEx_GetPLL2ClockFreq
 .text.HAL_RCCEx_GetPLL3ClockFreq
                0x08005980      0x130 ../..//build\libdaisy.a(stm32h7xx_hal_rcc_ex.o)
                0x08005980                HAL_RCCEx_GetPLL3ClockFreq
 .text.HAL_RCCEx_GetPLL1ClockFreq
                0x08005ab0      0x130 ../..//build\libdaisy.a(stm32h7xx_hal_rcc_ex.o)
                0x08005ab0                HAL_RCCEx_GetPLL1ClockFreq
 .text.HAL_RCCEx_GetPeriphCLKFreq
                0x08005be0      0x198 ../..//build\libdaisy.a(stm32h7xx_hal_rcc_ex.o)
                0x08005be0                HAL_RCCEx_GetPeriphCLKFreq
 .text.HAL_RCCEx_GetD1SysClockFreq
                0x08005d78       0x2c ../..//build\libdaisy.a(stm32h7xx_hal_rcc_ex.o)
                0x08005d78                HAL_RCCEx_GetD1SysClockFreq
 .text.HAL_GPIO_Init
                0x08005da4      0x250 ../..//build\libdaisy.a(stm32h7xx_hal_gpio.o)
                0x08005da4                HAL_GPIO_Init
 .text.HAL_GPIO_DeInit
                0x08005ff4      0x198 ../..//build\libdaisy.a(stm32h7xx_hal_gpio.o)
                0x08005ff4                HAL_GPIO_DeInit
 .text.HAL_GPIO_ReadPin
                0x0800618c        0xc ../..//build\libdaisy.a(stm32h7xx_hal_gpio.o)
                0x0800618c                HAL_GPIO_ReadPin
 .text.HAL_GPIO_WritePin
                0x08006198        0x8 ../..//build\libdaisy.a(stm32h7xx_hal_gpio.o)
                0x08006198                HAL_GPIO_WritePin
 .text.DMA_SetConfig
                0x080061a0      0x178 ../..//build\libdaisy.a(stm32h7xx_hal_dma.o)
 .text.DMA_CalcBaseAndBitshift
                0x08006318       0xf4 ../..//build\libdaisy.a(stm32h7xx_hal_dma.o)
 .text.DMA_CalcDMAMUXChannelBaseAndMask
                0x0800640c       0xdc ../..//build\libdaisy.a(stm32h7xx_hal_dma.o)
 .text.HAL_DMA_Init
                0x080064e8      0x394 ../..//build\libdaisy.a(stm32h7xx_hal_dma.o)
                0x080064e8                HAL_DMA_Init
 .text.HAL_DMA_Start_IT
                0x0800687c      0x170 ../..//build\libdaisy.a(stm32h7xx_hal_dma.o)
                0x0800687c                HAL_DMA_Start_IT
 .text.HAL_DMA_IRQHandler
                0x080069ec      0x6b0 ../..//build\libdaisy.a(stm32h7xx_hal_dma.o)
                0x080069ec                HAL_DMA_IRQHandler
 .text.HAL_DMA_GetError
                0x0800709c        0x4 ../..//build\libdaisy.a(stm32h7xx_hal_dma.o)
                0x0800709c                HAL_DMA_GetError
 .text.HAL_MDMA_Abort_IT
                0x080070a0       0x2c ../..//build\libdaisy.a(stm32h7xx_hal_mdma.o)
                0x080070a0                HAL_MDMA_Abort_IT
 .text.HAL_PWREx_ConfigSupply
                0x080070cc       0x4c ../..//build\libdaisy.a(stm32h7xx_hal_pwr_ex.o)
                0x080070cc                HAL_PWREx_ConfigSupply
 .text.HAL_PWREx_EnableUSBVoltageDetector
                0x08007118       0x10 ../..//build\libdaisy.a(stm32h7xx_hal_pwr_ex.o)
                0x08007118                HAL_PWREx_EnableUSBVoltageDetector
 .text.HAL_MspInit
                0x08007128        0x4 ../..//build\libdaisy.a(stm32h7xx_hal.o)
                0x08007128                HAL_MspInit
 .text.HAL_InitTick
                0x0800712c       0x4c ../..//build\libdaisy.a(stm32h7xx_hal.o)
                0x0800712c                HAL_InitTick
 .text.HAL_Init
                0x08007178       0x5c ../..//build\libdaisy.a(stm32h7xx_hal.o)
                0x08007178                HAL_Init
 .text.HAL_IncTick
                0x080071d4       0x18 ../..//build\libdaisy.a(stm32h7xx_hal.o)
                0x080071d4                HAL_IncTick
 .text.HAL_GetTick
                0x080071ec        0xc ../..//build\libdaisy.a(stm32h7xx_hal.o)
                0x080071ec                HAL_GetTick
 .text.HAL_Delay
                0x080071f8       0x24 ../..//build\libdaisy.a(stm32h7xx_hal.o)
                0x080071f8                HAL_Delay
 .text.HAL_GetREVID
                0x0800721c        0xc ../..//build\libdaisy.a(stm32h7xx_hal.o)
                0x0800721c                HAL_GetREVID
 .text.codec_wm8731_init
                0x08007228      0x208 ../..//build\libdaisy.a(codec_wm8731.o)
                0x08007228                codec_wm8731_init
 .text.dsy_dma_init
                0x08007430       0x78 ../..//build\libdaisy.a(dsy_dma.o)
                0x08007430                dsy_dma_init
 .text.FMC_SDRAM_Init
                0x080074a8       0x78 ../..//build\libdaisy.a(stm32h7xx_ll_fmc.o)
                0x080074a8                FMC_SDRAM_Init
 .text.FMC_SDRAM_Timing_Init
                0x08007520       0x84 ../..//build\libdaisy.a(stm32h7xx_ll_fmc.o)
                0x08007520                FMC_SDRAM_Timing_Init
 .text.FMC_SDRAM_SendCommand
                0x080075a4       0x24 ../..//build\libdaisy.a(stm32h7xx_ll_fmc.o)
                0x080075a4                FMC_SDRAM_SendCommand
 .text.FMC_SDRAM_ProgramRefreshRate
                0x080075c8       0x1c ../..//build\libdaisy.a(stm32h7xx_ll_fmc.o)
                0x080075c8                FMC_SDRAM_ProgramRefreshRate
 .text.__libc_init_array
                0x080075e4       0x48 c:/program files (x86)/gnu tools arm embedded/8 2019-q3-update/bin/../lib/gcc/arm-none-eabi/8.3.1/../../../../arm-none-eabi/lib/thumb/v7e-m+dp/hard\libc_nano.a(lib_a-init.o)
                0x080075e4                __libc_init_array
 .text.memcpy   0x0800762c       0x1c c:/program files (x86)/gnu tools arm embedded/8 2019-q3-update/bin/../lib/gcc/arm-none-eabi/8.3.1/../../../../arm-none-eabi/lib/thumb/v7e-m+dp/hard\libc_nano.a(lib_a-memcpy-stub.o)
                0x0800762c                memcpy
 .text.memset   0x08007648       0x10 c:/program files (x86)/gnu tools arm embedded/8 2019-q3-update/bin/../lib/gcc/arm-none-eabi/8.3.1/../../../../arm-none-eabi/lib/thumb/v7e-m+dp/hard\libc_nano.a(lib_a-memset.o)
                0x08007648                memset
 *(.rodata)
 *(.rodata*)
 .rodata.D1CorePrescTable
                0x08007658       0x10 build/system_stm32h7xx.o
                0x08007658                D1CorePrescTable
 .rodata.dsy_adc_channel_map
                0x08007668       0x2c ../..//build\libdaisy.a(dsy_adc.o)
 .rodata.dsy_adc_rank_map
                0x08007694       0x40 ../..//build\libdaisy.a(dsy_adc.o)
 .rodata.gpio_hal_pin_map
                0x080076d4       0x20 ../..//build\libdaisy.a(dsy_adc.o)
 .rodata.gpio_hal_port_map
                0x080076f4       0x30 ../..//build\libdaisy.a(dsy_adc.o)
 .rodata.gpio_hal_pin_map
                0x08007724       0x20 ../..//build\libdaisy.a(dsy_qspi.o)
 .rodata.gpio_hal_port_map
                0x08007744       0x30 ../..//build\libdaisy.a(dsy_qspi.o)
 .rodata.gpio_hal_pin_map
                0x08007774       0x20 ../..//build\libdaisy.a(dsy_sdram.o)
 .rodata.gpio_hal_port_map
                0x08007794       0x30 ../..//build\libdaisy.a(dsy_sdram.o)
 .rodata.CSWTCH.10
                0x080077c4       0x10 ../..//build\libdaisy.a(dsy_i2c.o)
 .rodata.gpio_hal_pin_map
                0x080077d4       0x20 ../..//build\libdaisy.a(dsy_i2c.o)
 .rodata.gpio_hal_port_map
                0x080077f4       0x30 ../..//build\libdaisy.a(dsy_i2c.o)
 .rodata.gpio_hal_pin_map
                0x08007824       0x20 ../..//build\libdaisy.a(dsy_sai.o)
 .rodata.gpio_hal_port_map
                0x08007844       0x30 ../..//build\libdaisy.a(dsy_sai.o)
 .rodata.gpio_hal_pin_map
                0x08007874       0x20 ../..//build\libdaisy.a(dsy_gpio.o)
 .rodata.gpio_hal_port_map
                0x08007894       0x30 ../..//build\libdaisy.a(dsy_gpio.o)
 .rodata.flagBitshiftOffset.17833
                0x080078c4        0x8 ../..//build\libdaisy.a(stm32h7xx_hal_dma.o)
 *(.glue_7)
 .glue_7        0x080078cc        0x0 linker stubs
 *(.glue_7t)
 .glue_7t       0x080078cc        0x0 linker stubs
 *(.init)
 .init          0x080078cc        0x4 c:/program files (x86)/gnu tools arm embedded/8 2019-q3-update/bin/../lib/gcc/arm-none-eabi/8.3.1/thumb/v7e-m+dp/hard/crti.o
                0x080078cc                _init
 .init          0x080078d0        0x8 c:/program files (x86)/gnu tools arm embedded/8 2019-q3-update/bin/../lib/gcc/arm-none-eabi/8.3.1/thumb/v7e-m+dp/hard/crtn.o
 *(.fini)
 .fini          0x080078d8        0x4 c:/program files (x86)/gnu tools arm embedded/8 2019-q3-update/bin/../lib/gcc/arm-none-eabi/8.3.1/thumb/v7e-m+dp/hard/crti.o
                0x080078d8                _fini
 .fini          0x080078dc        0x8 c:/program files (x86)/gnu tools arm embedded/8 2019-q3-update/bin/../lib/gcc/arm-none-eabi/8.3.1/thumb/v7e-m+dp/hard/crtn.o
                0x080078e4                . = ALIGN (0x4)
                0x080078e4                _etext = .

.vfp11_veneer   0x080078e4        0x0
 .vfp11_veneer  0x080078e4        0x0 linker stubs

.v4_bx          0x080078e4        0x0
 .v4_bx         0x080078e4        0x0 linker stubs

.iplt           0x080078e4        0x0
 .iplt          0x080078e4        0x0 c:/program files (x86)/gnu tools arm embedded/8 2019-q3-update/bin/../lib/gcc/arm-none-eabi/8.3.1/thumb/v7e-m+dp/hard/crtbegin.o

.rel.dyn        0x080078e4        0x0
 .rel.iplt      0x080078e4        0x0 c:/program files (x86)/gnu tools arm embedded/8 2019-q3-update/bin/../lib/gcc/arm-none-eabi/8.3.1/thumb/v7e-m+dp/hard/crtbegin.o

.ARM.extab      0x080078e4        0x0
                0x080078e4                . = ALIGN (0x4)
 *(.ARM.extab)
 *(.gnu.linkonce.armextab.*)
                0x080078e4                . = ALIGN (0x4)

.exidx          0x080078e4        0x0
                0x080078e4                . = ALIGN (0x4)
                [!provide]                PROVIDE (__exidx_start = .)
 *(.ARM.exidx*)
                0x080078e4                . = ALIGN (0x4)
                [!provide]                PROVIDE (__exidx_end = .)

.ARM.attributes
                0x080078e4       0x2e
 *(.ARM.attributes)
 .ARM.attributes
                0x080078e4       0x1e c:/program files (x86)/gnu tools arm embedded/8 2019-q3-update/bin/../lib/gcc/arm-none-eabi/8.3.1/thumb/v7e-m+dp/hard/crti.o
 .ARM.attributes
                0x08007902       0x32 c:/program files (x86)/gnu tools arm embedded/8 2019-q3-update/bin/../lib/gcc/arm-none-eabi/8.3.1/thumb/v7e-m+dp/hard/crtbegin.o
 .ARM.attributes
                0x08007934       0x32 build/main.o
 .ARM.attributes
                0x08007966       0x32 build/system_stm32h7xx.o
 .ARM.attributes
                0x08007998       0x21 build/startup_stm32h750xx.o
 .ARM.attributes
                0x080079b9       0x32 ../..//build\libdaisy.a(dsy_adc.o)
 .ARM.attributes
                0x080079eb       0x32 ../..//build\libdaisy.a(dsy_audio.o)
 .ARM.attributes
                0x08007a1d       0x32 ../..//build\libdaisy.a(dsy_qspi.o)
 .ARM.attributes
                0x08007a4f       0x32 ../..//build\libdaisy.a(dsy_sdram.o)
 .ARM.attributes
                0x08007a81       0x32 ../..//build\libdaisy.a(dsy_system.o)
 .ARM.attributes
                0x08007ab3       0x32 ../..//build\libdaisy.a(dsy_i2c.o)
 .ARM.attributes
                0x08007ae5       0x32 ../..//build\libdaisy.a(dsy_sai.o)
 .ARM.attributes
                0x08007b17       0x32 ../..//build\libdaisy.a(dsy_gpio.o)
 .ARM.attributes
                0x08007b49       0x32 ../..//build\libdaisy.a(dsy_switch.o)
 .ARM.attributes
                0x08007b7b       0x32 ../..//build\libdaisy.a(dsy_encoder.o)
 .ARM.attributes
                0x08007bad       0x32 ../..//build\libdaisy.a(stm32h7xx_hal_adc.o)
 .ARM.attributes
                0x08007bdf       0x32 ../..//build\libdaisy.a(stm32h7xx_hal_adc_ex.o)
 .ARM.attributes
                0x08007c11       0x32 ../..//build\libdaisy.a(stm32h7xx_hal_cortex.o)
 .ARM.attributes
                0x08007c43       0x32 ../..//build\libdaisy.a(stm32h7xx_hal_sdram.o)
 .ARM.attributes
                0x08007c75       0x32 ../..//build\libdaisy.a(stm32h7xx_hal_i2c.o)
 .ARM.attributes
                0x08007ca7       0x32 ../..//build\libdaisy.a(stm32h7xx_hal_i2c_ex.o)
 .ARM.attributes
                0x08007cd9       0x32 ../..//build\libdaisy.a(stm32h7xx_hal_qspi.o)
 .ARM.attributes
                0x08007d0b       0x32 ../..//build\libdaisy.a(stm32h7xx_hal_sai.o)
 .ARM.attributes
                0x08007d3d       0x32 ../..//build\libdaisy.a(stm32h7xx_hal_rcc.o)
 .ARM.attributes
                0x08007d6f       0x32 ../..//build\libdaisy.a(stm32h7xx_hal_rcc_ex.o)
 .ARM.attributes
                0x08007da1       0x32 ../..//build\libdaisy.a(stm32h7xx_hal_gpio.o)
 .ARM.attributes
                0x08007dd3       0x32 ../..//build\libdaisy.a(stm32h7xx_hal_dma.o)
 .ARM.attributes
                0x08007e05       0x32 ../..//build\libdaisy.a(stm32h7xx_hal_mdma.o)
 .ARM.attributes
                0x08007e37       0x32 ../..//build\libdaisy.a(stm32h7xx_hal_pwr_ex.o)
 .ARM.attributes
                0x08007e69       0x32 ../..//build\libdaisy.a(stm32h7xx_hal.o)
 .ARM.attributes
                0x08007e9b       0x32 ../..//build\libdaisy.a(codec_wm8731.o)
 .ARM.attributes
                0x08007ecd       0x32 ../..//build\libdaisy.a(dsy_dma.o)
 .ARM.attributes
                0x08007eff       0x32 ../..//build\libdaisy.a(stm32h7xx_ll_fmc.o)
 .ARM.attributes
                0x08007f31       0x32 c:/program files (x86)/gnu tools arm embedded/8 2019-q3-update/bin/../lib/gcc/arm-none-eabi/8.3.1/../../../../arm-none-eabi/lib/thumb/v7e-m+dp/hard\libc_nano.a(lib_a-init.o)
 .ARM.attributes
                0x08007f63       0x32 c:/program files (x86)/gnu tools arm embedded/8 2019-q3-update/bin/../lib/gcc/arm-none-eabi/8.3.1/../../../../arm-none-eabi/lib/thumb/v7e-m+dp/hard\libc_nano.a(lib_a-memcpy-stub.o)
 .ARM.attributes
                0x08007f95       0x32 c:/program files (x86)/gnu tools arm embedded/8 2019-q3-update/bin/../lib/gcc/arm-none-eabi/8.3.1/../../../../arm-none-eabi/lib/thumb/v7e-m+dp/hard\libc_nano.a(lib_a-memset.o)
 .ARM.attributes
                0x08007fc7       0x1e c:/program files (x86)/gnu tools arm embedded/8 2019-q3-update/bin/../lib/gcc/arm-none-eabi/8.3.1/thumb/v7e-m+dp/hard/crtn.o

.preinit_array  0x080078e4        0x0
                0x080078e4                PROVIDE (__preinit_array_start = .)
 *(.preinit_array*)
                0x080078e4                PROVIDE (__preinit_array_end = .)

.init_array     0x080078e4        0x4
                0x080078e4                PROVIDE (__init_array_start = .)
 *(SORT_BY_NAME(.init_array.*))
 *(.init_array*)
 .init_array    0x080078e4        0x4 c:/program files (x86)/gnu tools arm embedded/8 2019-q3-update/bin/../lib/gcc/arm-none-eabi/8.3.1/thumb/v7e-m+dp/hard/crtbegin.o
                0x080078e8                PROVIDE (__init_array_end = .)

.fini_array     0x080078e8        0x4
                [!provide]                PROVIDE (__fini_array_start = .)
 *(.fini_array*)
 .fini_array    0x080078e8        0x4 c:/program files (x86)/gnu tools arm embedded/8 2019-q3-update/bin/../lib/gcc/arm-none-eabi/8.3.1/thumb/v7e-m+dp/hard/crtbegin.o
 *(SORT_BY_NAME(.fini_array.*))
                [!provide]                PROVIDE (__fini_array_end = .)

.data           0x24000000       0x10 load address 0x080078ec
                0x24000000                . = ALIGN (0x4)
                0x24000000                _sdata = .
                [!provide]                PROVIDE (__data_start__ = _sdata)
 *(.data)
 *(.data*)
 .data.SystemCoreClock
                0x24000000        0x4 build/system_stm32h7xx.o
                0x24000000                SystemCoreClock
 .data.SystemD2Clock
                0x24000004        0x4 build/system_stm32h7xx.o
                0x24000004                SystemD2Clock
 .data.uwTickFreq
                0x24000008        0x1 ../..//build\libdaisy.a(stm32h7xx_hal.o)
 *fill*         0x24000009        0x3 
 .data.uwTickPrio
                0x2400000c        0x4 ../..//build\libdaisy.a(stm32h7xx_hal.o)
                0x24000010                . = ALIGN (0x4)
                0x24000010                _edata = .
                [!provide]                PROVIDE (__data_end__ = _edata)
                0x080078ec                _sidata = LOADADDR (.data)

.igot.plt       0x24000010        0x0 load address 0x080078fc
 .igot.plt      0x24000010        0x0 c:/program files (x86)/gnu tools arm embedded/8 2019-q3-update/bin/../lib/gcc/arm-none-eabi/8.3.1/thumb/v7e-m+dp/hard/crtbegin.o

.bss            0x24000010      0xf80 load address 0x080078fc
                0x24000010                . = ALIGN (0x4)
                0x24000010                _sbss = .
                0x24000010                PROVIDE (__bss_start__ = _sbss)
 *(.bss)
 .bss           0x24000010       0x1c c:/program files (x86)/gnu tools arm embedded/8 2019-q3-update/bin/../lib/gcc/arm-none-eabi/8.3.1/thumb/v7e-m+dp/hard/crtbegin.o
 *(.bss*)
 .bss.hw        0x2400002c      0x10c build/main.o
 .bss.led_sel   0x24000138        0x1 build/main.o
 *fill*         0x24000139        0x3 
 .bss.dsy_adc   0x2400013c       0xec ../..//build\libdaisy.a(dsy_adc.o)
 .bss.audio_handle
                0x24000228      0x314 ../..//build\libdaisy.a(dsy_audio.o)
 .bss.audio_handle_ext
                0x2400053c      0x314 ../..//build\libdaisy.a(dsy_audio.o)
 .bss.dsy_qspi_handle
                0x24000850       0x54 ../..//build\libdaisy.a(dsy_qspi.o)
 .bss.FMC_Initialized
                0x240008a4        0x4 ../..//build\libdaisy.a(dsy_sdram.o)
 .bss.dsy_sdram
                0x240008a8       0x3c ../..//build\libdaisy.a(dsy_sdram.o)
 .bss.i2c1_handler
                0x240008e4        0x6 ../..//build\libdaisy.a(dsy_i2c.o)
 *fill*         0x240008ea        0x2 
 .bss.i2c2_handler
                0x240008ec        0x6 ../..//build\libdaisy.a(dsy_i2c.o)
 *fill*         0x240008f2        0x2 
 .bss.i2c3_handler
                0x240008f4        0x6 ../..//build\libdaisy.a(dsy_i2c.o)
 *fill*         0x240008fa        0x2 
 .bss.i2c4_handler
                0x240008fc        0x6 ../..//build\libdaisy.a(dsy_i2c.o)
 *fill*         0x24000902        0x2 
 .bss.SAI1_client
                0x24000904        0x4 ../..//build\libdaisy.a(dsy_sai.o)
 .bss.SAI2_client
                0x24000908        0x4 ../..//build\libdaisy.a(dsy_sai.o)
 .bss.dsy_sai_handle
                0x2400090c       0x1d ../..//build\libdaisy.a(dsy_sai.o)
 *fill*         0x24000929        0x3 
 .bss.uwTick    0x2400092c        0x4 ../..//build\libdaisy.a(stm32h7xx_hal.o)
 *(COMMON)
 COMMON         0x24000930       0xdc ../..//build\libdaisy.a(dsy_adc.o)
                0x24000930                hadc1
                0x24000994                hdma_adc1
 COMMON         0x24000a0c      0x130 ../..//build\libdaisy.a(dsy_i2c.o)
                0x24000a0c                hi2c3
                0x24000a58                hi2c4
                0x24000aa4                hi2c1
                0x24000af0                hi2c2
 COMMON         0x24000b3c      0x440 ../..//build\libdaisy.a(dsy_sai.o)
                0x24000b3c                hsai_BlockB2
                0x24000bd4                hdma_sai2_b
                0x24000c4c                hsai_BlockA2
                0x24000ce4                hsai_BlockB1
                0x24000d7c                hdma_sai1_a
                0x24000df4                hdma_sai1_b
                0x24000e6c                hdma_sai2_a
                0x24000ee4                hsai_BlockA1
 COMMON         0x24000f7c       0x14 ../..//build\libdaisy.a(codec_wm8731.o)
                0x24000f7c                codec_handle
                0x24000f90                . = ALIGN (0x4)
                0x24000f90                _ebss = .
                0x24000f90                PROVIDE (__bss_end__ = _ebss)

.sdram_text     0xc0000000        0x0 load address 0x080078fc
                0xc0000000                . = ALIGN (0x4)
                0xc0000000                _ssdram_text = .
                [!provide]                PROVIDE (__sdram_text_start = _ssdram_text)
 *(.sdram_text)
 *(.sdram_text*)
                0xc0000000                . = ALIGN (0x4)
                0xc0000000                _esdram_text = .
                [!provide]                PROVIDE (__sdram_text_end = _esdram_text)
                0x080078fc                _sisdram_text = LOADADDR (.sdram_text)

.sdram_bss      0xc0000000        0x0 load address 0x080078fc
                0xc0000000                . = ALIGN (0x4)
                0xc0000000                _ssdram_bss = .
                [!provide]                PROVIDE (__sdram_bss_start = _ssdram_bss)
 *(.sdram_bss)
 *(.sdram_bss*)
                0xc0000000                . = ALIGN (0x4)
                0xc0000000                _esdram_bss = .
                [!provide]                PROVIDE (__sdram_bss_end = _esdram_bss)
                [!provide]                PROVIDE (end = .)

.heap           0x24000f90        0x0
                0x24000f90                . = ALIGN (0x4)
                [!provide]                PROVIDE (__heap_start__ = .)
 *(.heap)
                0x24000f90                . = ALIGN (0x4)
                [!provide]                PROVIDE (__heap_end__ = .)

.reserved_for_stack
                0x24000f90        0x0
                0x24000f90                . = ALIGN (0x4)
                [!provide]                PROVIDE (__reserved_for_stack_start__ = .)
 *(.reserved_for_stack)
                0x24000f90                . = ALIGN (0x4)
                [!provide]                PROVIDE (__reserved_for_stack_end__ = .)
OUTPUT(build/template.elf elf32-littlearm)

.comment        0x00000000       0x76
 .comment       0x00000000       0x76 build/main.o
                                 0x77 (size before relaxing)
 .comment       0x00000076       0x77 build/system_stm32h7xx.o
 .comment       0x00000076       0x77 ../..//build\libdaisy.a(dsy_adc.o)
 .comment       0x00000076       0x77 ../..//build\libdaisy.a(dsy_audio.o)
 .comment       0x00000076       0x77 ../..//build\libdaisy.a(dsy_qspi.o)
 .comment       0x00000076       0x77 ../..//build\libdaisy.a(dsy_sdram.o)
 .comment       0x00000076       0x77 ../..//build\libdaisy.a(dsy_system.o)
 .comment       0x00000076       0x77 ../..//build\libdaisy.a(dsy_i2c.o)
 .comment       0x00000076       0x77 ../..//build\libdaisy.a(dsy_sai.o)
 .comment       0x00000076       0x77 ../..//build\libdaisy.a(dsy_gpio.o)
 .comment       0x00000076       0x77 ../..//build\libdaisy.a(dsy_switch.o)
 .comment       0x00000076       0x77 ../..//build\libdaisy.a(dsy_encoder.o)
 .comment       0x00000076       0x77 ../..//build\libdaisy.a(stm32h7xx_hal_adc.o)
 .comment       0x00000076       0x77 ../..//build\libdaisy.a(stm32h7xx_hal_adc_ex.o)
 .comment       0x00000076       0x77 ../..//build\libdaisy.a(stm32h7xx_hal_cortex.o)
 .comment       0x00000076       0x77 ../..//build\libdaisy.a(stm32h7xx_hal_sdram.o)
 .comment       0x00000076       0x77 ../..//build\libdaisy.a(stm32h7xx_hal_i2c.o)
 .comment       0x00000076       0x77 ../..//build\libdaisy.a(stm32h7xx_hal_i2c_ex.o)
 .comment       0x00000076       0x77 ../..//build\libdaisy.a(stm32h7xx_hal_qspi.o)
 .comment       0x00000076       0x77 ../..//build\libdaisy.a(stm32h7xx_hal_sai.o)
 .comment       0x00000076       0x77 ../..//build\libdaisy.a(stm32h7xx_hal_rcc.o)
 .comment       0x00000076       0x77 ../..//build\libdaisy.a(stm32h7xx_hal_rcc_ex.o)
 .comment       0x00000076       0x77 ../..//build\libdaisy.a(stm32h7xx_hal_gpio.o)
 .comment       0x00000076       0x77 ../..//build\libdaisy.a(stm32h7xx_hal_dma.o)
 .comment       0x00000076       0x77 ../..//build\libdaisy.a(stm32h7xx_hal_mdma.o)
 .comment       0x00000076       0x77 ../..//build\libdaisy.a(stm32h7xx_hal_pwr_ex.o)
 .comment       0x00000076       0x77 ../..//build\libdaisy.a(stm32h7xx_hal.o)
 .comment       0x00000076       0x77 ../..//build\libdaisy.a(codec_wm8731.o)
 .comment       0x00000076       0x77 ../..//build\libdaisy.a(dsy_dma.o)
 .comment       0x00000076       0x77 ../..//build\libdaisy.a(stm32h7xx_ll_fmc.o)

.debug_frame    0x00000000       0x74
 .debug_frame   0x00000000       0x2c c:/program files (x86)/gnu tools arm embedded/8 2019-q3-update/bin/../lib/gcc/arm-none-eabi/8.3.1/../../../../arm-none-eabi/lib/thumb/v7e-m+dp/hard\libc_nano.a(lib_a-init.o)
 .debug_frame   0x0000002c       0x28 c:/program files (x86)/gnu tools arm embedded/8 2019-q3-update/bin/../lib/gcc/arm-none-eabi/8.3.1/../../../../arm-none-eabi/lib/thumb/v7e-m+dp/hard\libc_nano.a(lib_a-memcpy-stub.o)
 .debug_frame   0x00000054       0x20 c:/program files (x86)/gnu tools arm embedded/8 2019-q3-update/bin/../lib/gcc/arm-none-eabi/8.3.1/../../../../arm-none-eabi/lib/thumb/v7e-m+dp/hard\libc_nano.a(lib_a-memset.o)

Cross Reference Table

Symbol                                            File
ADC3_IRQHandler                                   build/startup_stm32h750xx.o
ADC_ConfigureBoostMode                            ../..//build\libdaisy.a(stm32h7xx_hal_adc.o)
ADC_ConversionStop                                ../..//build\libdaisy.a(stm32h7xx_hal_adc.o)
                                                  ../..//build\libdaisy.a(stm32h7xx_hal_adc_ex.o)
ADC_DMAConvCplt                                   ../..//build\libdaisy.a(stm32h7xx_hal_adc.o)
                                                  ../..//build\libdaisy.a(stm32h7xx_hal_adc_ex.o)
ADC_DMAError                                      ../..//build\libdaisy.a(stm32h7xx_hal_adc.o)
                                                  ../..//build\libdaisy.a(stm32h7xx_hal_adc_ex.o)
ADC_DMAHalfConvCplt                               ../..//build\libdaisy.a(stm32h7xx_hal_adc.o)
                                                  ../..//build\libdaisy.a(stm32h7xx_hal_adc_ex.o)
ADC_Disable                                       ../..//build\libdaisy.a(stm32h7xx_hal_adc.o)
                                                  ../..//build\libdaisy.a(stm32h7xx_hal_adc_ex.o)
ADC_Enable                                        ../..//build\libdaisy.a(stm32h7xx_hal_adc.o)
                                                  ../..//build\libdaisy.a(stm32h7xx_hal_adc_ex.o)
ADC_IRQHandler                                    build/startup_stm32h750xx.o
BDMA_Channel0_IRQHandler                          build/startup_stm32h750xx.o
BDMA_Channel1_IRQHandler                          build/startup_stm32h750xx.o
BDMA_Channel2_IRQHandler                          build/startup_stm32h750xx.o
BDMA_Channel3_IRQHandler                          build/startup_stm32h750xx.o
BDMA_Channel4_IRQHandler                          build/startup_stm32h750xx.o
BDMA_Channel5_IRQHandler                          build/startup_stm32h750xx.o
BDMA_Channel6_IRQHandler                          build/startup_stm32h750xx.o
BDMA_Channel7_IRQHandler                          build/startup_stm32h750xx.o
BusFault_Handler                                  build/startup_stm32h750xx.o
CEC_IRQHandler                                    build/startup_stm32h750xx.o
COMP1_IRQHandler                                  build/startup_stm32h750xx.o
CRS_IRQHandler                                    build/startup_stm32h750xx.o
CRYP_IRQHandler                                   build/startup_stm32h750xx.o
D1CorePrescTable                                  build/system_stm32h7xx.o
                                                  ../..//build\libdaisy.a(stm32h7xx_hal.o)
                                                  ../..//build\libdaisy.a(stm32h7xx_hal_rcc_ex.o)
                                                  ../..//build\libdaisy.a(stm32h7xx_hal_rcc.o)
DCMI_IRQHandler                                   build/startup_stm32h750xx.o
DFSDM1_FLT0_IRQHandler                            build/startup_stm32h750xx.o
DFSDM1_FLT1_IRQHandler                            build/startup_stm32h750xx.o
DFSDM1_FLT2_IRQHandler                            build/startup_stm32h750xx.o
DFSDM1_FLT3_IRQHandler                            build/startup_stm32h750xx.o
DMA1_Stream0_IRQHandler                           ../..//build\libdaisy.a(dsy_audio.o)
                                                  build/startup_stm32h750xx.o
DMA1_Stream1_IRQHandler                           ../..//build\libdaisy.a(dsy_audio.o)
                                                  build/startup_stm32h750xx.o
DMA1_Stream2_IRQHandler                           ../..//build\libdaisy.a(dsy_adc.o)
                                                  build/startup_stm32h750xx.o
DMA1_Stream3_IRQHandler                           ../..//build\libdaisy.a(dsy_audio.o)
                                                  build/startup_stm32h750xx.o
DMA1_Stream4_IRQHandler                           ../..//build\libdaisy.a(dsy_audio.o)
                                                  build/startup_stm32h750xx.o
DMA1_Stream5_IRQHandler                           build/startup_stm32h750xx.o
DMA1_Stream6_IRQHandler                           build/startup_stm32h750xx.o
DMA1_Stream7_IRQHandler                           build/startup_stm32h750xx.o
DMA2D_IRQHandler                                  build/startup_stm32h750xx.o
DMA2_Stream0_IRQHandler                           build/startup_stm32h750xx.o
DMA2_Stream1_IRQHandler                           build/startup_stm32h750xx.o
DMA2_Stream2_IRQHandler                           build/startup_stm32h750xx.o
DMA2_Stream3_IRQHandler                           build/startup_stm32h750xx.o
DMA2_Stream4_IRQHandler                           build/startup_stm32h750xx.o
DMA2_Stream5_IRQHandler                           build/startup_stm32h750xx.o
DMA2_Stream6_IRQHandler                           build/startup_stm32h750xx.o
DMA2_Stream7_IRQHandler                           build/startup_stm32h750xx.o
DMAMUX1_OVR_IRQHandler                            build/startup_stm32h750xx.o
DMAMUX2_OVR_IRQHandler                            build/startup_stm32h750xx.o
DebugMon_Handler                                  build/startup_stm32h750xx.o
Default_Handler                                   build/startup_stm32h750xx.o
ECC_IRQHandler                                    build/startup_stm32h750xx.o
ETH_IRQHandler                                    build/startup_stm32h750xx.o
ETH_WKUP_IRQHandler                               build/startup_stm32h750xx.o
EXTI0_IRQHandler                                  build/startup_stm32h750xx.o
EXTI15_10_IRQHandler                              build/startup_stm32h750xx.o
EXTI1_IRQHandler                                  build/startup_stm32h750xx.o
EXTI2_IRQHandler                                  build/startup_stm32h750xx.o
EXTI3_IRQHandler                                  build/startup_stm32h750xx.o
EXTI4_IRQHandler                                  build/startup_stm32h750xx.o
EXTI9_5_IRQHandler                                build/startup_stm32h750xx.o
FDCAN1_IT0_IRQHandler                             build/startup_stm32h750xx.o
FDCAN1_IT1_IRQHandler                             build/startup_stm32h750xx.o
FDCAN2_IT0_IRQHandler                             build/startup_stm32h750xx.o
FDCAN2_IT1_IRQHandler                             build/startup_stm32h750xx.o
FDCAN_CAL_IRQHandler                              build/startup_stm32h750xx.o
FLASH_IRQHandler                                  build/startup_stm32h750xx.o
FMC_IRQHandler                                    build/startup_stm32h750xx.o
FMC_NAND_AttributeSpace_Timing_Init               ../..//build\libdaisy.a(stm32h7xx_ll_fmc.o)
FMC_NAND_CommonSpace_Timing_Init                  ../..//build\libdaisy.a(stm32h7xx_ll_fmc.o)
FMC_NAND_DeInit                                   ../..//build\libdaisy.a(stm32h7xx_ll_fmc.o)
FMC_NAND_ECC_Disable                              ../..//build\libdaisy.a(stm32h7xx_ll_fmc.o)
FMC_NAND_ECC_Enable                               ../..//build\libdaisy.a(stm32h7xx_ll_fmc.o)
FMC_NAND_GetECC                                   ../..//build\libdaisy.a(stm32h7xx_ll_fmc.o)
FMC_NAND_Init                                     ../..//build\libdaisy.a(stm32h7xx_ll_fmc.o)
FMC_NORSRAM_DeInit                                ../..//build\libdaisy.a(stm32h7xx_ll_fmc.o)
FMC_NORSRAM_Extended_Timing_Init                  ../..//build\libdaisy.a(stm32h7xx_ll_fmc.o)
FMC_NORSRAM_Init                                  ../..//build\libdaisy.a(stm32h7xx_ll_fmc.o)
FMC_NORSRAM_Timing_Init                           ../..//build\libdaisy.a(stm32h7xx_ll_fmc.o)
FMC_NORSRAM_WriteOperation_Disable                ../..//build\libdaisy.a(stm32h7xx_ll_fmc.o)
FMC_NORSRAM_WriteOperation_Enable                 ../..//build\libdaisy.a(stm32h7xx_ll_fmc.o)
FMC_SDRAM_DeInit                                  ../..//build\libdaisy.a(stm32h7xx_ll_fmc.o)
                                                  ../..//build\libdaisy.a(stm32h7xx_hal_sdram.o)
FMC_SDRAM_GetModeStatus                           ../..//build\libdaisy.a(stm32h7xx_ll_fmc.o)
                                                  ../..//build\libdaisy.a(stm32h7xx_hal_sdram.o)
FMC_SDRAM_Init                                    ../..//build\libdaisy.a(stm32h7xx_ll_fmc.o)
                                                  ../..//build\libdaisy.a(stm32h7xx_hal_sdram.o)
FMC_SDRAM_ProgramRefreshRate                      ../..//build\libdaisy.a(stm32h7xx_ll_fmc.o)
                                                  ../..//build\libdaisy.a(stm32h7xx_hal_sdram.o)
FMC_SDRAM_SendCommand                             ../..//build\libdaisy.a(stm32h7xx_ll_fmc.o)
                                                  ../..//build\libdaisy.a(stm32h7xx_hal_sdram.o)
FMC_SDRAM_SetAutoRefreshNumber                    ../..//build\libdaisy.a(stm32h7xx_ll_fmc.o)
                                                  ../..//build\libdaisy.a(stm32h7xx_hal_sdram.o)
FMC_SDRAM_Timing_Init                             ../..//build\libdaisy.a(stm32h7xx_ll_fmc.o)
                                                  ../..//build\libdaisy.a(stm32h7xx_hal_sdram.o)
FMC_SDRAM_WriteProtection_Disable                 ../..//build\libdaisy.a(stm32h7xx_ll_fmc.o)
                                                  ../..//build\libdaisy.a(stm32h7xx_hal_sdram.o)
FMC_SDRAM_WriteProtection_Enable                  ../..//build\libdaisy.a(stm32h7xx_ll_fmc.o)
                                                  ../..//build\libdaisy.a(stm32h7xx_hal_sdram.o)
FPU_IRQHandler                                    build/startup_stm32h750xx.o
HAL_ADCEx_Calibration_GetValue                    ../..//build\libdaisy.a(stm32h7xx_hal_adc_ex.o)
HAL_ADCEx_Calibration_SetValue                    ../..//build\libdaisy.a(stm32h7xx_hal_adc_ex.o)
HAL_ADCEx_Calibration_Start                       ../..//build\libdaisy.a(stm32h7xx_hal_adc_ex.o)
HAL_ADCEx_DisableInjectedQueue                    ../..//build\libdaisy.a(stm32h7xx_hal_adc_ex.o)
HAL_ADCEx_DisableVoltageRegulator                 ../..//build\libdaisy.a(stm32h7xx_hal_adc_ex.o)
HAL_ADCEx_EnableInjectedQueue                     ../..//build\libdaisy.a(stm32h7xx_hal_adc_ex.o)
HAL_ADCEx_EndOfSamplingCallback                   ../..//build\libdaisy.a(stm32h7xx_hal_adc_ex.o)
                                                  ../..//build\libdaisy.a(stm32h7xx_hal_adc.o)
HAL_ADCEx_EnterADCDeepPowerDownMode               ../..//build\libdaisy.a(stm32h7xx_hal_adc_ex.o)
HAL_ADCEx_InjectedConfigChannel                   ../..//build\libdaisy.a(stm32h7xx_hal_adc_ex.o)
HAL_ADCEx_InjectedConvCpltCallback                ../..//build\libdaisy.a(stm32h7xx_hal_adc_ex.o)
                                                  ../..//build\libdaisy.a(stm32h7xx_hal_adc.o)
HAL_ADCEx_InjectedGetValue                        ../..//build\libdaisy.a(stm32h7xx_hal_adc_ex.o)
HAL_ADCEx_InjectedPollForConversion               ../..//build\libdaisy.a(stm32h7xx_hal_adc_ex.o)
HAL_ADCEx_InjectedQueueOverflowCallback           ../..//build\libdaisy.a(stm32h7xx_hal_adc_ex.o)
                                                  ../..//build\libdaisy.a(stm32h7xx_hal_adc.o)
HAL_ADCEx_InjectedStart                           ../..//build\libdaisy.a(stm32h7xx_hal_adc_ex.o)
HAL_ADCEx_InjectedStart_IT                        ../..//build\libdaisy.a(stm32h7xx_hal_adc_ex.o)
HAL_ADCEx_InjectedStop                            ../..//build\libdaisy.a(stm32h7xx_hal_adc_ex.o)
HAL_ADCEx_InjectedStop_IT                         ../..//build\libdaisy.a(stm32h7xx_hal_adc_ex.o)
HAL_ADCEx_LevelOutOfWindow2Callback               ../..//build\libdaisy.a(stm32h7xx_hal_adc_ex.o)
                                                  ../..//build\libdaisy.a(stm32h7xx_hal_adc.o)
HAL_ADCEx_LevelOutOfWindow3Callback               ../..//build\libdaisy.a(stm32h7xx_hal_adc_ex.o)
                                                  ../..//build\libdaisy.a(stm32h7xx_hal_adc.o)
HAL_ADCEx_LinearCalibration_GetValue              ../..//build\libdaisy.a(stm32h7xx_hal_adc_ex.o)
HAL_ADCEx_LinearCalibration_SetValue              ../..//build\libdaisy.a(stm32h7xx_hal_adc_ex.o)
HAL_ADCEx_MultiModeConfigChannel                  ../..//build\libdaisy.a(stm32h7xx_hal_adc_ex.o)
                                                  ../..//build\libdaisy.a(dsy_adc.o)
HAL_ADCEx_MultiModeGetValue                       ../..//build\libdaisy.a(stm32h7xx_hal_adc_ex.o)
HAL_ADCEx_MultiModeStart_DMA                      ../..//build\libdaisy.a(stm32h7xx_hal_adc_ex.o)
HAL_ADCEx_MultiModeStop_DMA                       ../..//build\libdaisy.a(stm32h7xx_hal_adc_ex.o)
HAL_ADCEx_RegularMultiModeStop_DMA                ../..//build\libdaisy.a(stm32h7xx_hal_adc_ex.o)
HAL_ADCEx_RegularStop                             ../..//build\libdaisy.a(stm32h7xx_hal_adc_ex.o)
HAL_ADCEx_RegularStop_DMA                         ../..//build\libdaisy.a(stm32h7xx_hal_adc_ex.o)
HAL_ADCEx_RegularStop_IT                          ../..//build\libdaisy.a(stm32h7xx_hal_adc_ex.o)
HAL_ADC_AnalogWDGConfig                           ../..//build\libdaisy.a(stm32h7xx_hal_adc.o)
HAL_ADC_ConfigChannel                             ../..//build\libdaisy.a(stm32h7xx_hal_adc.o)
                                                  ../..//build\libdaisy.a(dsy_adc.o)
HAL_ADC_ConvCpltCallback                          ../..//build\libdaisy.a(dsy_adc.o)
HAL_ADC_ConvHalfCpltCallback                      ../..//build\libdaisy.a(stm32h7xx_hal_adc.o)
HAL_ADC_DeInit                                    ../..//build\libdaisy.a(stm32h7xx_hal_adc.o)
HAL_ADC_ErrorCallback                             ../..//build\libdaisy.a(stm32h7xx_hal_adc.o)
HAL_ADC_GetError                                  ../..//build\libdaisy.a(stm32h7xx_hal_adc.o)
HAL_ADC_GetState                                  ../..//build\libdaisy.a(stm32h7xx_hal_adc.o)
HAL_ADC_GetValue                                  ../..//build\libdaisy.a(stm32h7xx_hal_adc.o)
HAL_ADC_IRQHandler                                ../..//build\libdaisy.a(stm32h7xx_hal_adc.o)
HAL_ADC_Init                                      ../..//build\libdaisy.a(stm32h7xx_hal_adc.o)
                                                  ../..//build\libdaisy.a(dsy_adc.o)
HAL_ADC_LevelOutOfWindowCallback                  ../..//build\libdaisy.a(stm32h7xx_hal_adc.o)
HAL_ADC_MspDeInit                                 ../..//build\libdaisy.a(dsy_adc.o)
HAL_ADC_MspInit                                   ../..//build\libdaisy.a(dsy_adc.o)
HAL_ADC_PollForConversion                         ../..//build\libdaisy.a(stm32h7xx_hal_adc.o)
HAL_ADC_PollForEvent                              ../..//build\libdaisy.a(stm32h7xx_hal_adc.o)
HAL_ADC_Start                                     ../..//build\libdaisy.a(stm32h7xx_hal_adc.o)
HAL_ADC_Start_DMA                                 ../..//build\libdaisy.a(stm32h7xx_hal_adc.o)
                                                  ../..//build\libdaisy.a(dsy_adc.o)
HAL_ADC_Start_IT                                  ../..//build\libdaisy.a(stm32h7xx_hal_adc.o)
HAL_ADC_Stop                                      ../..//build\libdaisy.a(stm32h7xx_hal_adc.o)
HAL_ADC_Stop_DMA                                  ../..//build\libdaisy.a(stm32h7xx_hal_adc.o)
                                                  ../..//build\libdaisy.a(dsy_adc.o)
HAL_ADC_Stop_IT                                   ../..//build\libdaisy.a(stm32h7xx_hal_adc.o)
HAL_DBGMCU_DisableDBGSleepMode                    ../..//build\libdaisy.a(stm32h7xx_hal.o)
HAL_DBGMCU_DisableDBGStandbyMode                  ../..//build\libdaisy.a(stm32h7xx_hal.o)
HAL_DBGMCU_DisableDBGStopMode                     ../..//build\libdaisy.a(stm32h7xx_hal.o)
HAL_DBGMCU_EnableDBGSleepMode                     ../..//build\libdaisy.a(stm32h7xx_hal.o)
HAL_DBGMCU_EnableDBGStandbyMode                   ../..//build\libdaisy.a(stm32h7xx_hal.o)
HAL_DBGMCU_EnableDBGStopMode                      ../..//build\libdaisy.a(stm32h7xx_hal.o)
HAL_DMA_Abort                                     ../..//build\libdaisy.a(stm32h7xx_hal_dma.o)
                                                  ../..//build\libdaisy.a(stm32h7xx_hal_sai.o)
                                                  ../..//build\libdaisy.a(stm32h7xx_hal_adc_ex.o)
                                                  ../..//build\libdaisy.a(stm32h7xx_hal_adc.o)
HAL_DMA_Abort_IT                                  ../..//build\libdaisy.a(stm32h7xx_hal_dma.o)
                                                  ../..//build\libdaisy.a(stm32h7xx_hal_sai.o)
                                                  ../..//build\libdaisy.a(stm32h7xx_hal_i2c.o)
HAL_DMA_DeInit                                    ../..//build\libdaisy.a(stm32h7xx_hal_dma.o)
                                                  ../..//build\libdaisy.a(dsy_sai.o)
                                                  ../..//build\libdaisy.a(dsy_adc.o)
HAL_DMA_GetError                                  ../..//build\libdaisy.a(stm32h7xx_hal_dma.o)
                                                  ../..//build\libdaisy.a(stm32h7xx_hal_sai.o)
                                                  ../..//build\libdaisy.a(stm32h7xx_hal_i2c.o)
HAL_DMA_GetState                                  ../..//build\libdaisy.a(stm32h7xx_hal_dma.o)
HAL_DMA_IRQHandler                                ../..//build\libdaisy.a(stm32h7xx_hal_dma.o)
                                                  ../..//build\libdaisy.a(dsy_audio.o)
                                                  ../..//build\libdaisy.a(dsy_adc.o)
HAL_DMA_Init                                      ../..//build\libdaisy.a(stm32h7xx_hal_dma.o)
                                                  ../..//build\libdaisy.a(dsy_sai.o)
                                                  ../..//build\libdaisy.a(dsy_adc.o)
HAL_DMA_PollForTransfer                           ../..//build\libdaisy.a(stm32h7xx_hal_dma.o)
HAL_DMA_RegisterCallback                          ../..//build\libdaisy.a(stm32h7xx_hal_dma.o)
HAL_DMA_Start                                     ../..//build\libdaisy.a(stm32h7xx_hal_dma.o)
HAL_DMA_Start_IT                                  ../..//build\libdaisy.a(stm32h7xx_hal_dma.o)
                                                  ../..//build\libdaisy.a(stm32h7xx_hal_sai.o)
                                                  ../..//build\libdaisy.a(stm32h7xx_hal_i2c.o)
                                                  ../..//build\libdaisy.a(stm32h7xx_hal_adc_ex.o)
                                                  ../..//build\libdaisy.a(stm32h7xx_hal_adc.o)
HAL_DMA_UnRegisterCallback                        ../..//build\libdaisy.a(stm32h7xx_hal_dma.o)
HAL_DeInit                                        ../..//build\libdaisy.a(stm32h7xx_hal.o)
HAL_Delay                                         ../..//build\libdaisy.a(stm32h7xx_hal.o)
                                                  ../..//build\libdaisy.a(codec_wm8731.o)
                                                  ../..//build\libdaisy.a(dsy_system.o)
                                                  ../..//build\libdaisy.a(dsy_sdram.o)
HAL_DisableCompensationCell                       ../..//build\libdaisy.a(stm32h7xx_hal.o)
HAL_DisableDomain3DBGStandbyMode                  ../..//build\libdaisy.a(stm32h7xx_hal.o)
HAL_DisableDomain3DBGStopMode                     ../..//build\libdaisy.a(stm32h7xx_hal.o)
HAL_EXTI_D1_ClearFlag                             ../..//build\libdaisy.a(stm32h7xx_hal.o)
HAL_EXTI_D1_EventInputConfig                      ../..//build\libdaisy.a(stm32h7xx_hal.o)
HAL_EXTI_D3_EventInputConfig                      ../..//build\libdaisy.a(stm32h7xx_hal.o)
HAL_EXTI_EdgeConfig                               ../..//build\libdaisy.a(stm32h7xx_hal.o)
HAL_EXTI_GenerateSWInterrupt                      ../..//build\libdaisy.a(stm32h7xx_hal.o)
HAL_EnableCompensationCell                        ../..//build\libdaisy.a(stm32h7xx_hal.o)
HAL_EnableDomain3DBGStandbyMode                   ../..//build\libdaisy.a(stm32h7xx_hal.o)
HAL_EnableDomain3DBGStopMode                      ../..//build\libdaisy.a(stm32h7xx_hal.o)
HAL_GPIO_DeInit                                   ../..//build\libdaisy.a(stm32h7xx_hal_gpio.o)
                                                  ../..//build\libdaisy.a(dsy_sai.o)
                                                  ../..//build\libdaisy.a(dsy_i2c.o)
                                                  ../..//build\libdaisy.a(dsy_sdram.o)
                                                  ../..//build\libdaisy.a(dsy_qspi.o)
                                                  ../..//build\libdaisy.a(dsy_adc.o)
HAL_GPIO_EXTI_Callback                            ../..//build\libdaisy.a(stm32h7xx_hal_gpio.o)
HAL_GPIO_EXTI_IRQHandler                          ../..//build\libdaisy.a(stm32h7xx_hal_gpio.o)
HAL_GPIO_Init                                     ../..//build\libdaisy.a(stm32h7xx_hal_gpio.o)
                                                  ../..//build\libdaisy.a(stm32h7xx_hal_rcc.o)
                                                  ../..//build\libdaisy.a(dsy_gpio.o)
                                                  ../..//build\libdaisy.a(dsy_sai.o)
                                                  ../..//build\libdaisy.a(dsy_i2c.o)
                                                  ../..//build\libdaisy.a(dsy_sdram.o)
                                                  ../..//build\libdaisy.a(dsy_qspi.o)
                                                  ../..//build\libdaisy.a(dsy_adc.o)
HAL_GPIO_LockPin                                  ../..//build\libdaisy.a(stm32h7xx_hal_gpio.o)
HAL_GPIO_ReadPin                                  ../..//build\libdaisy.a(stm32h7xx_hal_gpio.o)
                                                  ../..//build\libdaisy.a(dsy_gpio.o)
HAL_GPIO_TogglePin                                ../..//build\libdaisy.a(stm32h7xx_hal_gpio.o)
                                                  ../..//build\libdaisy.a(dsy_gpio.o)
HAL_GPIO_WritePin                                 ../..//build\libdaisy.a(stm32h7xx_hal_gpio.o)
                                                  ../..//build\libdaisy.a(dsy_gpio.o)
                                                  ../..//build\libdaisy.a(dsy_adc.o)
HAL_GetCurrentCPUID                               ../..//build\libdaisy.a(stm32h7xx_hal_cortex.o)
HAL_GetDEVID                                      ../..//build\libdaisy.a(stm32h7xx_hal.o)
HAL_GetFMCMemorySwappingConfig                    ../..//build\libdaisy.a(stm32h7xx_hal.o)
HAL_GetHalVersion                                 ../..//build\libdaisy.a(stm32h7xx_hal.o)
HAL_GetREVID                                      ../..//build\libdaisy.a(stm32h7xx_hal.o)
                                                  ../..//build\libdaisy.a(stm32h7xx_hal_rcc_ex.o)
                                                  ../..//build\libdaisy.a(stm32h7xx_hal_rcc.o)
                                                  ../..//build\libdaisy.a(stm32h7xx_hal_sai.o)
                                                  ../..//build\libdaisy.a(stm32h7xx_hal_adc.o)
HAL_GetTick                                       ../..//build\libdaisy.a(stm32h7xx_hal.o)
                                                  ../..//build\libdaisy.a(stm32h7xx_ll_fmc.o)
                                                  ../..//build\libdaisy.a(stm32h7xx_hal_pwr_ex.o)
                                                  ../..//build\libdaisy.a(stm32h7xx_hal_mdma.o)
                                                  ../..//build\libdaisy.a(stm32h7xx_hal_dma.o)
                                                  ../..//build\libdaisy.a(stm32h7xx_hal_rcc_ex.o)
                                                  ../..//build\libdaisy.a(stm32h7xx_hal_rcc.o)
                                                  ../..//build\libdaisy.a(stm32h7xx_hal_sai.o)
                                                  ../..//build\libdaisy.a(stm32h7xx_hal_qspi.o)
                                                  ../..//build\libdaisy.a(stm32h7xx_hal_i2c.o)
                                                  ../..//build\libdaisy.a(stm32h7xx_hal_adc_ex.o)
                                                  ../..//build\libdaisy.a(stm32h7xx_hal_adc.o)
                                                  ../..//build\libdaisy.a(dsy_system.o)
HAL_GetTickFreq                                   ../..//build\libdaisy.a(stm32h7xx_hal.o)
HAL_GetTickPrio                                   ../..//build\libdaisy.a(stm32h7xx_hal.o)
HAL_I2CEx_ConfigAnalogFilter                      ../..//build\libdaisy.a(stm32h7xx_hal_i2c_ex.o)
                                                  ../..//build\libdaisy.a(dsy_i2c.o)
HAL_I2CEx_ConfigDigitalFilter                     ../..//build\libdaisy.a(stm32h7xx_hal_i2c_ex.o)
                                                  ../..//build\libdaisy.a(dsy_i2c.o)
HAL_I2CEx_DisableFastModePlus                     ../..//build\libdaisy.a(stm32h7xx_hal_i2c_ex.o)
HAL_I2CEx_DisableWakeUp                           ../..//build\libdaisy.a(stm32h7xx_hal_i2c_ex.o)
HAL_I2CEx_EnableFastModePlus                      ../..//build\libdaisy.a(stm32h7xx_hal_i2c_ex.o)
HAL_I2CEx_EnableWakeUp                            ../..//build\libdaisy.a(stm32h7xx_hal_i2c_ex.o)
HAL_I2C_AbortCpltCallback                         ../..//build\libdaisy.a(stm32h7xx_hal_i2c.o)
HAL_I2C_AddrCallback                              ../..//build\libdaisy.a(stm32h7xx_hal_i2c.o)
HAL_I2C_DeInit                                    ../..//build\libdaisy.a(stm32h7xx_hal_i2c.o)
HAL_I2C_DisableListen_IT                          ../..//build\libdaisy.a(stm32h7xx_hal_i2c.o)
HAL_I2C_ER_IRQHandler                             ../..//build\libdaisy.a(stm32h7xx_hal_i2c.o)
HAL_I2C_EV_IRQHandler                             ../..//build\libdaisy.a(stm32h7xx_hal_i2c.o)
HAL_I2C_EnableListen_IT                           ../..//build\libdaisy.a(stm32h7xx_hal_i2c.o)
HAL_I2C_ErrorCallback                             ../..//build\libdaisy.a(stm32h7xx_hal_i2c.o)
HAL_I2C_GetError                                  ../..//build\libdaisy.a(stm32h7xx_hal_i2c.o)
HAL_I2C_GetMode                                   ../..//build\libdaisy.a(stm32h7xx_hal_i2c.o)
HAL_I2C_GetState                                  ../..//build\libdaisy.a(stm32h7xx_hal_i2c.o)
HAL_I2C_Init                                      ../..//build\libdaisy.a(stm32h7xx_hal_i2c.o)
                                                  ../..//build\libdaisy.a(dsy_i2c.o)
HAL_I2C_IsDeviceReady                             ../..//build\libdaisy.a(stm32h7xx_hal_i2c.o)
HAL_I2C_ListenCpltCallback                        ../..//build\libdaisy.a(stm32h7xx_hal_i2c.o)
HAL_I2C_MasterRxCpltCallback                      ../..//build\libdaisy.a(stm32h7xx_hal_i2c.o)
HAL_I2C_MasterTxCpltCallback                      ../..//build\libdaisy.a(stm32h7xx_hal_i2c.o)
HAL_I2C_Master_Abort_IT                           ../..//build\libdaisy.a(stm32h7xx_hal_i2c.o)
HAL_I2C_Master_Receive                            ../..//build\libdaisy.a(stm32h7xx_hal_i2c.o)
HAL_I2C_Master_Receive_DMA                        ../..//build\libdaisy.a(stm32h7xx_hal_i2c.o)
HAL_I2C_Master_Receive_IT                         ../..//build\libdaisy.a(stm32h7xx_hal_i2c.o)
HAL_I2C_Master_Seq_Receive_DMA                    ../..//build\libdaisy.a(stm32h7xx_hal_i2c.o)
HAL_I2C_Master_Seq_Receive_IT                     ../..//build\libdaisy.a(stm32h7xx_hal_i2c.o)
HAL_I2C_Master_Seq_Transmit_DMA                   ../..//build\libdaisy.a(stm32h7xx_hal_i2c.o)
HAL_I2C_Master_Seq_Transmit_IT                    ../..//build\libdaisy.a(stm32h7xx_hal_i2c.o)
HAL_I2C_Master_Transmit                           ../..//build\libdaisy.a(stm32h7xx_hal_i2c.o)
                                                  ../..//build\libdaisy.a(codec_wm8731.o)
HAL_I2C_Master_Transmit_DMA                       ../..//build\libdaisy.a(stm32h7xx_hal_i2c.o)
HAL_I2C_Master_Transmit_IT                        ../..//build\libdaisy.a(stm32h7xx_hal_i2c.o)
HAL_I2C_MemRxCpltCallback                         ../..//build\libdaisy.a(stm32h7xx_hal_i2c.o)
HAL_I2C_MemTxCpltCallback                         ../..//build\libdaisy.a(stm32h7xx_hal_i2c.o)
HAL_I2C_Mem_Read                                  ../..//build\libdaisy.a(stm32h7xx_hal_i2c.o)
HAL_I2C_Mem_Read_DMA                              ../..//build\libdaisy.a(stm32h7xx_hal_i2c.o)
HAL_I2C_Mem_Read_IT                               ../..//build\libdaisy.a(stm32h7xx_hal_i2c.o)
HAL_I2C_Mem_Write                                 ../..//build\libdaisy.a(stm32h7xx_hal_i2c.o)
HAL_I2C_Mem_Write_DMA                             ../..//build\libdaisy.a(stm32h7xx_hal_i2c.o)
HAL_I2C_Mem_Write_IT                              ../..//build\libdaisy.a(stm32h7xx_hal_i2c.o)
HAL_I2C_MspDeInit                                 ../..//build\libdaisy.a(dsy_i2c.o)
HAL_I2C_MspInit                                   ../..//build\libdaisy.a(dsy_i2c.o)
HAL_I2C_SlaveRxCpltCallback                       ../..//build\libdaisy.a(stm32h7xx_hal_i2c.o)
HAL_I2C_SlaveTxCpltCallback                       ../..//build\libdaisy.a(stm32h7xx_hal_i2c.o)
HAL_I2C_Slave_Receive                             ../..//build\libdaisy.a(stm32h7xx_hal_i2c.o)
HAL_I2C_Slave_Receive_DMA                         ../..//build\libdaisy.a(stm32h7xx_hal_i2c.o)
HAL_I2C_Slave_Receive_IT                          ../..//build\libdaisy.a(stm32h7xx_hal_i2c.o)
HAL_I2C_Slave_Seq_Receive_DMA                     ../..//build\libdaisy.a(stm32h7xx_hal_i2c.o)
HAL_I2C_Slave_Seq_Receive_IT                      ../..//build\libdaisy.a(stm32h7xx_hal_i2c.o)
HAL_I2C_Slave_Seq_Transmit_DMA                    ../..//build\libdaisy.a(stm32h7xx_hal_i2c.o)
HAL_I2C_Slave_Seq_Transmit_IT                     ../..//build\libdaisy.a(stm32h7xx_hal_i2c.o)
HAL_I2C_Slave_Transmit                            ../..//build\libdaisy.a(stm32h7xx_hal_i2c.o)
HAL_I2C_Slave_Transmit_DMA                        ../..//build\libdaisy.a(stm32h7xx_hal_i2c.o)
HAL_I2C_Slave_Transmit_IT                         ../..//build\libdaisy.a(stm32h7xx_hal_i2c.o)
HAL_IncTick                                       ../..//build\libdaisy.a(stm32h7xx_hal.o)
                                                  ../..//build\libdaisy.a(dsy_system.o)
HAL_Init                                          ../..//build\libdaisy.a(stm32h7xx_hal.o)
                                                  ../..//build\libdaisy.a(dsy_system.o)
HAL_InitTick                                      ../..//build\libdaisy.a(stm32h7xx_hal.o)
                                                  ../..//build\libdaisy.a(stm32h7xx_hal_rcc.o)
HAL_MDMA_Abort                                    ../..//build\libdaisy.a(stm32h7xx_hal_mdma.o)
                                                  ../..//build\libdaisy.a(stm32h7xx_hal_qspi.o)
HAL_MDMA_Abort_IT                                 ../..//build\libdaisy.a(stm32h7xx_hal_mdma.o)
                                                  ../..//build\libdaisy.a(stm32h7xx_hal_qspi.o)
HAL_MDMA_ConfigPostRequestMask                    ../..//build\libdaisy.a(stm32h7xx_hal_mdma.o)
HAL_MDMA_DeInit                                   ../..//build\libdaisy.a(stm32h7xx_hal_mdma.o)
HAL_MDMA_GenerateSWRequest                        ../..//build\libdaisy.a(stm32h7xx_hal_mdma.o)
HAL_MDMA_GetError                                 ../..//build\libdaisy.a(stm32h7xx_hal_mdma.o)
HAL_MDMA_GetState                                 ../..//build\libdaisy.a(stm32h7xx_hal_mdma.o)
HAL_MDMA_IRQHandler                               ../..//build\libdaisy.a(stm32h7xx_hal_mdma.o)
HAL_MDMA_Init                                     ../..//build\libdaisy.a(stm32h7xx_hal_mdma.o)
HAL_MDMA_LinkedList_AddNode                       ../..//build\libdaisy.a(stm32h7xx_hal_mdma.o)
HAL_MDMA_LinkedList_CreateNode                    ../..//build\libdaisy.a(stm32h7xx_hal_mdma.o)
HAL_MDMA_LinkedList_DisableCircularMode           ../..//build\libdaisy.a(stm32h7xx_hal_mdma.o)
HAL_MDMA_LinkedList_EnableCircularMode            ../..//build\libdaisy.a(stm32h7xx_hal_mdma.o)
HAL_MDMA_LinkedList_RemoveNode                    ../..//build\libdaisy.a(stm32h7xx_hal_mdma.o)
HAL_MDMA_PollForTransfer                          ../..//build\libdaisy.a(stm32h7xx_hal_mdma.o)
HAL_MDMA_RegisterCallback                         ../..//build\libdaisy.a(stm32h7xx_hal_mdma.o)
HAL_MDMA_Start                                    ../..//build\libdaisy.a(stm32h7xx_hal_mdma.o)
HAL_MDMA_Start_IT                                 ../..//build\libdaisy.a(stm32h7xx_hal_mdma.o)
                                                  ../..//build\libdaisy.a(stm32h7xx_hal_qspi.o)
                                                  ../..//build\libdaisy.a(stm32h7xx_hal_sdram.o)
HAL_MDMA_UnRegisterCallback                       ../..//build\libdaisy.a(stm32h7xx_hal_mdma.o)
HAL_MPU_ConfigRegion                              ../..//build\libdaisy.a(stm32h7xx_hal_cortex.o)
HAL_MPU_Disable                                   ../..//build\libdaisy.a(stm32h7xx_hal_cortex.o)
HAL_MPU_Enable                                    ../..//build\libdaisy.a(stm32h7xx_hal_cortex.o)
HAL_MspDeInit                                     ../..//build\libdaisy.a(stm32h7xx_hal.o)
HAL_MspInit                                       ../..//build\libdaisy.a(stm32h7xx_hal.o)
HAL_NVIC_ClearPendingIRQ                          ../..//build\libdaisy.a(stm32h7xx_hal_cortex.o)
HAL_NVIC_DisableIRQ                               ../..//build\libdaisy.a(stm32h7xx_hal_cortex.o)
                                                  ../..//build\libdaisy.a(dsy_qspi.o)
HAL_NVIC_EnableIRQ                                ../..//build\libdaisy.a(stm32h7xx_hal_cortex.o)
                                                  ../..//build\libdaisy.a(dsy_dma.o)
                                                  ../..//build\libdaisy.a(dsy_qspi.o)
HAL_NVIC_GetActive                                ../..//build\libdaisy.a(stm32h7xx_hal_cortex.o)
HAL_NVIC_GetPendingIRQ                            ../..//build\libdaisy.a(stm32h7xx_hal_cortex.o)
HAL_NVIC_GetPriority                              ../..//build\libdaisy.a(stm32h7xx_hal_cortex.o)
HAL_NVIC_GetPriorityGrouping                      ../..//build\libdaisy.a(stm32h7xx_hal_cortex.o)
HAL_NVIC_SetPendingIRQ                            ../..//build\libdaisy.a(stm32h7xx_hal_cortex.o)
HAL_NVIC_SetPriority                              ../..//build\libdaisy.a(stm32h7xx_hal_cortex.o)
                                                  ../..//build\libdaisy.a(dsy_dma.o)
                                                  ../..//build\libdaisy.a(stm32h7xx_hal.o)
                                                  ../..//build\libdaisy.a(dsy_qspi.o)
HAL_NVIC_SetPriorityGrouping                      ../..//build\libdaisy.a(stm32h7xx_hal_cortex.o)
                                                  ../..//build\libdaisy.a(stm32h7xx_hal.o)
HAL_NVIC_SystemReset                              ../..//build\libdaisy.a(stm32h7xx_hal_cortex.o)
HAL_PWREx_AVDCallback                             ../..//build\libdaisy.a(stm32h7xx_hal_pwr_ex.o)
HAL_PWREx_ClearPendingEvent                       ../..//build\libdaisy.a(stm32h7xx_hal_pwr_ex.o)
HAL_PWREx_ClearWakeupFlag                         ../..//build\libdaisy.a(stm32h7xx_hal_pwr_ex.o)
HAL_PWREx_ConfigAVD                               ../..//build\libdaisy.a(stm32h7xx_hal_pwr_ex.o)
HAL_PWREx_ConfigD3Domain                          ../..//build\libdaisy.a(stm32h7xx_hal_pwr_ex.o)
HAL_PWREx_ConfigSupply                            ../..//build\libdaisy.a(stm32h7xx_hal_pwr_ex.o)
                                                  ../..//build\libdaisy.a(dsy_system.o)
HAL_PWREx_ControlStopModeVoltageScaling           ../..//build\libdaisy.a(stm32h7xx_hal_pwr_ex.o)
HAL_PWREx_ControlVoltageScaling                   ../..//build\libdaisy.a(stm32h7xx_hal_pwr_ex.o)
HAL_PWREx_DisableAVD                              ../..//build\libdaisy.a(stm32h7xx_hal_pwr_ex.o)
HAL_PWREx_DisableBatteryCharging                  ../..//build\libdaisy.a(stm32h7xx_hal_pwr_ex.o)
HAL_PWREx_DisableBkUpReg                          ../..//build\libdaisy.a(stm32h7xx_hal_pwr_ex.o)
HAL_PWREx_DisableFlashPowerDown                   ../..//build\libdaisy.a(stm32h7xx_hal_pwr_ex.o)
HAL_PWREx_DisableMonitoring                       ../..//build\libdaisy.a(stm32h7xx_hal_pwr_ex.o)
HAL_PWREx_DisableUSBReg                           ../..//build\libdaisy.a(stm32h7xx_hal_pwr_ex.o)
HAL_PWREx_DisableUSBVoltageDetector               ../..//build\libdaisy.a(stm32h7xx_hal_pwr_ex.o)
HAL_PWREx_DisableWakeUpPin                        ../..//build\libdaisy.a(stm32h7xx_hal_pwr_ex.o)
HAL_PWREx_EnableAVD                               ../..//build\libdaisy.a(stm32h7xx_hal_pwr_ex.o)
HAL_PWREx_EnableBatteryCharging                   ../..//build\libdaisy.a(stm32h7xx_hal_pwr_ex.o)
HAL_PWREx_EnableBkUpReg                           ../..//build\libdaisy.a(stm32h7xx_hal_pwr_ex.o)
HAL_PWREx_EnableFlashPowerDown                    ../..//build\libdaisy.a(stm32h7xx_hal_pwr_ex.o)
HAL_PWREx_EnableMonitoring                        ../..//build\libdaisy.a(stm32h7xx_hal_pwr_ex.o)
HAL_PWREx_EnableUSBReg                            ../..//build\libdaisy.a(stm32h7xx_hal_pwr_ex.o)
HAL_PWREx_EnableUSBVoltageDetector                ../..//build\libdaisy.a(stm32h7xx_hal_pwr_ex.o)
                                                  ../..//build\libdaisy.a(dsy_system.o)
HAL_PWREx_EnableWakeUpPin                         ../..//build\libdaisy.a(stm32h7xx_hal_pwr_ex.o)
HAL_PWREx_EnterSTANDBYMode                        ../..//build\libdaisy.a(stm32h7xx_hal_pwr_ex.o)
HAL_PWREx_EnterSTOPMode                           ../..//build\libdaisy.a(stm32h7xx_hal_pwr_ex.o)
HAL_PWREx_GetStopModeVoltageRange                 ../..//build\libdaisy.a(stm32h7xx_hal_pwr_ex.o)
HAL_PWREx_GetSupplyConfig                         ../..//build\libdaisy.a(stm32h7xx_hal_pwr_ex.o)
HAL_PWREx_GetTemperatureLevel                     ../..//build\libdaisy.a(stm32h7xx_hal_pwr_ex.o)
HAL_PWREx_GetVBATLevel                            ../..//build\libdaisy.a(stm32h7xx_hal_pwr_ex.o)
HAL_PWREx_GetVoltageRange                         ../..//build\libdaisy.a(stm32h7xx_hal_pwr_ex.o)
HAL_PWREx_GetWakeupFlag                           ../..//build\libdaisy.a(stm32h7xx_hal_pwr_ex.o)
HAL_PWREx_PVD_AVD_IRQHandler                      ../..//build\libdaisy.a(stm32h7xx_hal_pwr_ex.o)
HAL_PWREx_WAKEUP_PIN_IRQHandler                   ../..//build\libdaisy.a(stm32h7xx_hal_pwr_ex.o)
HAL_PWREx_WKUP1_Callback                          ../..//build\libdaisy.a(stm32h7xx_hal_pwr_ex.o)
HAL_PWREx_WKUP2_Callback                          ../..//build\libdaisy.a(stm32h7xx_hal_pwr_ex.o)
HAL_PWREx_WKUP3_Callback                          ../..//build\libdaisy.a(stm32h7xx_hal_pwr_ex.o)
HAL_PWREx_WKUP4_Callback                          ../..//build\libdaisy.a(stm32h7xx_hal_pwr_ex.o)
HAL_PWREx_WKUP5_Callback                          ../..//build\libdaisy.a(stm32h7xx_hal_pwr_ex.o)
HAL_PWREx_WKUP6_Callback                          ../..//build\libdaisy.a(stm32h7xx_hal_pwr_ex.o)
HAL_PWR_ConfigPVD                                 ../..//build\libdaisy.a(stm32h7xx_hal_pwr.o)
HAL_PWR_DeInit                                    ../..//build\libdaisy.a(stm32h7xx_hal_pwr.o)
HAL_PWR_DisableBkUpAccess                         ../..//build\libdaisy.a(stm32h7xx_hal_pwr.o)
HAL_PWR_DisablePVD                                ../..//build\libdaisy.a(stm32h7xx_hal_pwr.o)
HAL_PWR_DisableSEVOnPend                          ../..//build\libdaisy.a(stm32h7xx_hal_pwr.o)
HAL_PWR_DisableSleepOnExit                        ../..//build\libdaisy.a(stm32h7xx_hal_pwr.o)
HAL_PWR_DisableWakeUpPin                          ../..//build\libdaisy.a(stm32h7xx_hal_pwr.o)
HAL_PWR_EnableBkUpAccess                          ../..//build\libdaisy.a(stm32h7xx_hal_pwr.o)
HAL_PWR_EnablePVD                                 ../..//build\libdaisy.a(stm32h7xx_hal_pwr.o)
HAL_PWR_EnableSEVOnPend                           ../..//build\libdaisy.a(stm32h7xx_hal_pwr.o)
HAL_PWR_EnableSleepOnExit                         ../..//build\libdaisy.a(stm32h7xx_hal_pwr.o)
HAL_PWR_EnableWakeUpPin                           ../..//build\libdaisy.a(stm32h7xx_hal_pwr.o)
HAL_PWR_EnterSLEEPMode                            ../..//build\libdaisy.a(stm32h7xx_hal_pwr.o)
HAL_PWR_EnterSTANDBYMode                          ../..//build\libdaisy.a(stm32h7xx_hal_pwr.o)
HAL_PWR_EnterSTOPMode                             ../..//build\libdaisy.a(stm32h7xx_hal_pwr.o)