Archive member included to satisfy reference by file (symbol)

../../libdaisy/build\libdaisy.a(dsy_audio.o)
                              build/simple_bypass.o (dsy_audio_init)
../../libdaisy/build\libdaisy.a(dsy_system.o)
                              build/simple_bypass.o (dsy_system_init)
../../libdaisy/build\libdaisy.a(i2c.o)
                              ../../libdaisy/build\libdaisy.a(dsy_audio.o) (dsy_i2c1_init)
../../libdaisy/build\libdaisy.a(sai.o)
                              ../../libdaisy/build\libdaisy.a(dsy_audio.o) (dsy_sai1_init)
../../libdaisy/build\libdaisy.a(stm32h7xx_hal_cortex.o)
                              ../../libdaisy/build\libdaisy.a(dsy_system.o) (HAL_SYSTICK_IRQHandler)
../../libdaisy/build\libdaisy.a(stm32h7xx_hal_i2c.o)
                              ../../libdaisy/build\libdaisy.a(i2c.o) (HAL_I2C_Init)
../../libdaisy/build\libdaisy.a(stm32h7xx_hal_i2c_ex.o)
                              ../../libdaisy/build\libdaisy.a(i2c.o) (HAL_I2CEx_ConfigAnalogFilter)
../../libdaisy/build\libdaisy.a(stm32h7xx_hal_sai.o)
                              ../../libdaisy/build\libdaisy.a(sai.o) (HAL_SAI_InitProtocol)
../../libdaisy/build\libdaisy.a(stm32h7xx_hal_rcc.o)
                              ../../libdaisy/build\libdaisy.a(dsy_system.o) (HAL_RCC_OscConfig)
../../libdaisy/build\libdaisy.a(stm32h7xx_hal_rcc_ex.o)
                              ../../libdaisy/build\libdaisy.a(dsy_system.o) (HAL_RCCEx_PeriphCLKConfig)
../../libdaisy/build\libdaisy.a(stm32h7xx_hal_gpio.o)
                              ../../libdaisy/build\libdaisy.a(i2c.o) (HAL_GPIO_Init)
../../libdaisy/build\libdaisy.a(stm32h7xx_hal_dma.o)
                              ../../libdaisy/build\libdaisy.a(sai.o) (HAL_DMA_Init)
../../libdaisy/build\libdaisy.a(stm32h7xx_hal_pwr_ex.o)
                              ../../libdaisy/build\libdaisy.a(dsy_system.o) (HAL_PWREx_ConfigSupply)
../../libdaisy/build\libdaisy.a(stm32h7xx_hal.o)
                              ../../libdaisy/build\libdaisy.a(stm32h7xx_hal_rcc.o) (HAL_InitTick)
../../libdaisy/build\libdaisy.a(codec_pcm3060.o)
                              ../../libdaisy/build\libdaisy.a(dsy_audio.o) (codec_pcm3060_init)
../../libdaisy/build\libdaisy.a(codec_wm8731.o)
                              ../../libdaisy/build\libdaisy.a(dsy_audio.o) (codec_wm8731_init)
../../libdaisy/build\libdaisy.a(dma.o)
                              ../../libdaisy/build\libdaisy.a(dsy_system.o) (dsy_dma_init)
../../libdaisy/build\libdaisy.a(stm32h7xx_hal_pwr.o)
                              ../../libdaisy/build\libdaisy.a(stm32h7xx_hal_pwr_ex.o) (HAL_PWR_PVDCallback)
c:/program files (x86)/gnu tools arm embedded/8 2019-q3-update/bin/../lib/gcc/arm-none-eabi/8.3.1/../../../../arm-none-eabi/lib/thumb/v7e-m+dp/hard\libc_nano.a(lib_a-exit.o)
                              c:/program files (x86)/gnu tools arm embedded/8 2019-q3-update/bin/../lib/gcc/arm-none-eabi/8.3.1/../../../../arm-none-eabi/lib/thumb/v7e-m+dp/hard/crt0.o (exit)
c:/program files (x86)/gnu tools arm embedded/8 2019-q3-update/bin/../lib/gcc/arm-none-eabi/8.3.1/../../../../arm-none-eabi/lib/thumb/v7e-m+dp/hard\libc_nano.a(lib_a-impure.o)
                              c:/program files (x86)/gnu tools arm embedded/8 2019-q3-update/bin/../lib/gcc/arm-none-eabi/8.3.1/../../../../arm-none-eabi/lib/thumb/v7e-m+dp/hard\libc_nano.a(lib_a-exit.o) (_global_impure_ptr)
c:/program files (x86)/gnu tools arm embedded/8 2019-q3-update/bin/../lib/gcc/arm-none-eabi/8.3.1/../../../../arm-none-eabi/lib/thumb/v7e-m+dp/hard\libc_nano.a(lib_a-init.o)
                              c:/program files (x86)/gnu tools arm embedded/8 2019-q3-update/bin/../lib/gcc/arm-none-eabi/8.3.1/../../../../arm-none-eabi/lib/thumb/v7e-m+dp/hard/crt0.o (__libc_init_array)
c:/program files (x86)/gnu tools arm embedded/8 2019-q3-update/bin/../lib/gcc/arm-none-eabi/8.3.1/../../../../arm-none-eabi/lib/thumb/v7e-m+dp/hard\libc_nano.a(lib_a-memcpy-stub.o)
                              build/simple_bypass.o (memcpy)
c:/program files (x86)/gnu tools arm embedded/8 2019-q3-update/bin/../lib/gcc/arm-none-eabi/8.3.1/../../../../arm-none-eabi/lib/thumb/v7e-m+dp/hard\libc_nano.a(lib_a-memset.o)
                              c:/program files (x86)/gnu tools arm embedded/8 2019-q3-update/bin/../lib/gcc/arm-none-eabi/8.3.1/../../../../arm-none-eabi/lib/thumb/v7e-m+dp/hard/crt0.o (memset)
c:/program files (x86)/gnu tools arm embedded/8 2019-q3-update/bin/../lib/gcc/arm-none-eabi/8.3.1/../../../../arm-none-eabi/lib/thumb/v7e-m+dp/hard\libnosys.a(_exit.o)
                              c:/program files (x86)/gnu tools arm embedded/8 2019-q3-update/bin/../lib/gcc/arm-none-eabi/8.3.1/../../../../arm-none-eabi/lib/thumb/v7e-m+dp/hard\libc_nano.a(lib_a-exit.o) (_exit)

Allocating common symbols
Common symbol       size              file

hsai_BlockB2        0x98              ../../libdaisy/build\libdaisy.a(sai.o)
[...]
Memory Configuration

Name             Origin             Length             Attributes
FLASH            0x08000000         0x00020000         xr
DTCMRAM          0x20000000         0x00020000         xrw
SRAM             0x24000000         0x00080000         xrw
RAM_D2           0x30000000         0x00048000         xrw
RAM_D3           0x38000000         0x00010000         xrw
ITCMRAM          0x00000000         0x00010000         xrw
SDRAM            0xc0000000         0x04000000         xrw
*default*        0x00000000         0xffffffff

Linker script and memory map

LOAD c:/program files (x86)/gnu tools arm embedded/8 2019-q3-update/bin/../lib/gcc/arm-none-eabi/8.3.1/thumb/v7e-m+dp/hard/crti.o
LOAD c:/program files (x86)/gnu tools arm embedded/8 2019-q3-update/bin/../lib/gcc/arm-none-eabi/8.3.1/thumb/v7e-m+dp/hard/crtbegin.o
LOAD c:/program files (x86)/gnu tools arm embedded/8 2019-q3-update/bin/../lib/gcc/arm-none-eabi/8.3.1/../../../../arm-none-eabi/lib/thumb/v7e-m+dp/hard/crt0.o
LOAD build/simple_bypass.o
LOAD build/system_stm32h7xx.o
LOAD build/startup_stm32h750xx.o
LOAD ../../libdaisy/build\libdaisy.a
LOAD ../../daisysp/build\libdaisysp.a
LOAD c:/program files (x86)/gnu tools arm embedded/8 2019-q3-update/bin/../lib/gcc/arm-none-eabi/8.3.1/../../../../arm-none-eabi/lib/thumb/v7e-m+dp/hard\libc_nano.a
LOAD c:/program files (x86)/gnu tools arm embedded/8 2019-q3-update/bin/../lib/gcc/arm-none-eabi/8.3.1/../../../../arm-none-eabi/lib/thumb/v7e-m+dp/hard\libm.a
LOAD c:/program files (x86)/gnu tools arm embedded/8 2019-q3-update/bin/../lib/gcc/arm-none-eabi/8.3.1/../../../../arm-none-eabi/lib/thumb/v7e-m+dp/hard\libnosys.a
START GROUP
LOAD c:/program files (x86)/gnu tools arm embedded/8 2019-q3-update/bin/../lib/gcc/arm-none-eabi/8.3.1/thumb/v7e-m+dp/hard\libgcc.a
LOAD c:/program files (x86)/gnu tools arm embedded/8 2019-q3-update/bin/../lib/gcc/arm-none-eabi/8.3.1/../../../../arm-none-eabi/lib/thumb/v7e-m+dp/hard\libc_nano.a
END GROUP
START GROUP
LOAD c:/program files (x86)/gnu tools arm embedded/8 2019-q3-update/bin/../lib/gcc/arm-none-eabi/8.3.1/thumb/v7e-m+dp/hard\libgcc.a
LOAD c:/program files (x86)/gnu tools arm embedded/8 2019-q3-update/bin/../lib/gcc/arm-none-eabi/8.3.1/../../../../arm-none-eabi/lib/thumb/v7e-m+dp/hard\libc_nano.a
END GROUP
LOAD c:/program files (x86)/gnu tools arm embedded/8 2019-q3-update/bin/../lib/gcc/arm-none-eabi/8.3.1/thumb/v7e-m+dp/hard/crtend.o
LOAD c:/program files (x86)/gnu tools arm embedded/8 2019-q3-update/bin/../lib/gcc/arm-none-eabi/8.3.1/thumb/v7e-m+dp/hard/crtn.o
                0x20020000                _estack = 0x20020000

.isr_vector     0x08000000      0x298
                0x08000000                . = ALIGN (0x4)
 *(.isr_vector)
 .isr_vector    0x08000000      0x298 build/startup_stm32h750xx.o
                0x08000000                g_pfnVectors
                0x08000298                . = ALIGN (0x4)

.eh_frame       0x08000298        0x0
 .eh_frame      0x08000298        0x0 c:/program files (x86)/gnu tools arm embedded/8 2019-q3-update/bin/../lib/gcc/arm-none-eabi/8.3.1/thumb/v7e-m+dp/hard/crtbegin.o

.text           0x08000298     0x4c88
                0x08000298                . = ALIGN (0x4)
                0x08000298                _stext = .
 *(.text)
 .text          0x08000298       0x40 c:/program files (x86)/gnu tools arm embedded/8 2019-q3-update/bin/../lib/gcc/arm-none-eabi/8.3.1/thumb/v7e-m+dp/hard/crtbegin.o
 *(.text*)
 .text.Callback
                0x080002d8        0xc build/simple_bypass.o
 .text.startup.main
                0x080002e4       0x28 build/simple_bypass.o
                0x080002e4                main
 .text.SystemInit
                0x0800030c       0x80 build/system_stm32h7xx.o
                0x0800030c                SystemInit
 .text.Reset_Handler
                0x0800038c       0x50 build/startup_stm32h750xx.o
                0x0800038c                Reset_Handler
 .text.Default_Handler
                0x080003dc        0x2 build/startup_stm32h750xx.o
                0x080003dc                RTC_Alarm_IRQHandler
                0x080003dc                HASH_RNG_IRQHandler
                0x080003dc                EXTI2_IRQHandler
                0x080003dc                TIM8_CC_IRQHandler
                0x080003dc                HRTIM1_Master_IRQHandler
                0x080003dc                DebugMon_Handler
                0x080003dc                UART8_IRQHandler
                0x080003dc                SPI4_IRQHandler
                0x080003dc                TIM1_CC_IRQHandler
                0x080003dc                BDMA_Channel6_IRQHandler
                0x080003dc                DMA2_Stream5_IRQHandler
                0x080003dc                HardFault_Handler
                0x080003dc                HRTIM1_FLT_IRQHandler
                0x080003dc                JPEG_IRQHandler
                0x080003dc                DMA1_Stream5_IRQHandler
                0x080003dc                BDMA_Channel1_IRQHandler
                0x080003dc                HRTIM1_TIMD_IRQHandler
                0x080003dc                TAMP_STAMP_IRQHandler
                0x080003dc                PendSV_Handler
                0x080003dc                NMI_Handler
                0x080003dc                EXTI3_IRQHandler
                0x080003dc                LPTIM4_IRQHandler
                0x080003dc                TIM8_TRG_COM_TIM14_IRQHandler
                0x080003dc                LPTIM2_IRQHandler
                0x080003dc                DFSDM1_FLT1_IRQHandler
                0x080003dc                DMAMUX2_OVR_IRQHandler
                0x080003dc                TIM8_UP_TIM13_IRQHandler
                0x080003dc                I2C3_ER_IRQHandler
                0x080003dc                DFSDM1_FLT2_IRQHandler
                0x080003dc                MDMA_IRQHandler
                0x080003dc                LPTIM3_IRQHandler
                0x080003dc                HSEM1_IRQHandler
                0x080003dc                EXTI0_IRQHandler
                0x080003dc                I2C2_EV_IRQHandler
                0x080003dc                DMA1_Stream2_IRQHandler
                0x080003dc                FPU_IRQHandler
                0x080003dc                OTG_HS_WKUP_IRQHandler
                0x080003dc                FDCAN1_IT1_IRQHandler
                0x080003dc                UsageFault_Handler
                0x080003dc                LTDC_ER_IRQHandler
                0x080003dc                DMA2_Stream2_IRQHandler
                0x080003dc                HRTIM1_TIME_IRQHandler
                0x080003dc                SPI1_IRQHandler
                0x080003dc                TIM6_DAC_IRQHandler
                0x080003dc                DCMI_IRQHandler
                0x080003dc                HRTIM1_TIMC_IRQHandler
                0x080003dc                DMA2_Stream3_IRQHandler
                0x080003dc                SAI2_IRQHandler
                0x080003dc                DFSDM1_FLT3_IRQHandler
                0x080003dc                USART6_IRQHandler
                0x080003dc                TIM17_IRQHandler
                0x080003dc                USART3_IRQHandler
                0x080003dc                BDMA_Channel7_IRQHandler
                0x080003dc                CRYP_IRQHandler
                0x080003dc                LPTIM5_IRQHandler
                0x080003dc                UART5_IRQHandler
                0x080003dc                ADC3_IRQHandler
                0x080003dc                DMA2_Stream0_IRQHandler
                0x080003dc                TIM4_IRQHandler
                0x080003dc                BDMA_Channel2_IRQHandler
                0x080003dc                QUADSPI_IRQHandler
                0x080003dc                I2C1_EV_IRQHandler
                0x080003dc                DMA1_Stream6_IRQHandler
                0x080003dc                DMAMUX1_OVR_IRQHandler
                0x080003dc                TIM16_IRQHandler
                0x080003dc                UART4_IRQHandler
                0x080003dc                BDMA_Channel5_IRQHandler
                0x080003dc                TIM3_IRQHandler
                0x080003dc                RCC_IRQHandler
                0x080003dc                TIM8_BRK_TIM12_IRQHandler
                0x080003dc                TIM1_TRG_COM_IRQHandler
                0x080003dc                Default_Handler
                0x080003dc                ECC_IRQHandler
                0x080003dc                CEC_IRQHandler
                0x080003dc                EXTI15_10_IRQHandler
                0x080003dc                BDMA_Channel0_IRQHandler
                0x080003dc                ADC_IRQHandler
                0x080003dc                DMA1_Stream7_IRQHandler
                0x080003dc                HRTIM1_TIMA_IRQHandler
                0x080003dc                SPI5_IRQHandler
                0x080003dc                TIM7_IRQHandler
                0x080003dc                SDMMC1_IRQHandler
                0x080003dc                TIM5_IRQHandler
                0x080003dc                DMA2_Stream7_IRQHandler
                0x080003dc                TIM15_IRQHandler
                0x080003dc                PVD_AVD_IRQHandler
                0x080003dc                I2C3_EV_IRQHandler
                0x080003dc                EXTI9_5_IRQHandler
                0x080003dc                RTC_WKUP_IRQHandler
                0x080003dc                LTDC_IRQHandler
                0x080003dc                SAI3_IRQHandler
                0x080003dc                ETH_WKUP_IRQHandler
                0x080003dc                SPDIF_RX_IRQHandler
                0x080003dc                SPI2_IRQHandler
                0x080003dc                OTG_HS_EP1_IN_IRQHandler
                0x080003dc                MemManage_Handler
                0x080003dc                SVC_Handler
                0x080003dc                CRS_IRQHandler
                0x080003dc                EXTI4_IRQHandler
                0x080003dc                HRTIM1_TIMB_IRQHandler
                0x080003dc                FDCAN2_IT1_IRQHandler
                0x080003dc                ETH_IRQHandler
                0x080003dc                TIM1_UP_IRQHandler
                0x080003dc                BDMA_Channel4_IRQHandler
                0x080003dc                OTG_HS_EP1_OUT_IRQHandler
                0x080003dc                WWDG_IRQHandler
                0x080003dc                SPI6_IRQHandler
                0x080003dc                MDIOS_IRQHandler
                0x080003dc                I2C4_EV_IRQHandler
                0x080003dc                FDCAN2_IT0_IRQHandler
                0x080003dc                LPUART1_IRQHandler
                0x080003dc                FDCAN1_IT0_IRQHandler
                0x080003dc                TIM2_IRQHandler
                0x080003dc                OTG_FS_WKUP_IRQHandler
                0x080003dc                OTG_HS_IRQHandler
                0x080003dc                DMA2D_IRQHandler
                0x080003dc                TIM1_BRK_IRQHandler
                0x080003dc                EXTI1_IRQHandler
                0x080003dc                SDMMC2_IRQHandler
                0x080003dc                OTG_FS_EP1_OUT_IRQHandler
                0x080003dc                BDMA_Channel3_IRQHandler
                0x080003dc                UART7_IRQHandler
                0x080003dc                MDIOS_WKUP_IRQHandler
                0x080003dc                USART2_IRQHandler
                0x080003dc                DFSDM1_FLT0_IRQHandler
                0x080003dc                SAI4_IRQHandler
                0x080003dc                I2C2_ER_IRQHandler
                0x080003dc                DMA2_Stream1_IRQHandler
                0x080003dc                FLASH_IRQHandler
                0x080003dc                DMA2_Stream4_IRQHandler
                0x080003dc                BusFault_Handler
                0x080003dc                USART1_IRQHandler
                0x080003dc                OTG_FS_IRQHandler
                0x080003dc                SPI3_IRQHandler
                0x080003dc                WAKEUP_PIN_IRQHandler
                0x080003dc                OTG_FS_EP1_IN_IRQHandler
                0x080003dc                I2C1_ER_IRQHandler
                0x080003dc                FMC_IRQHandler
                0x080003dc                FDCAN_CAL_IRQHandler
                0x080003dc                SWPMI1_IRQHandler
                0x080003dc                COMP1_IRQHandler
                0x080003dc                LPTIM1_IRQHandler
                0x080003dc                I2C4_ER_IRQHandler
                0x080003dc                DMA2_Stream6_IRQHandler
                0x080003dc                SAI1_IRQHandler
 *fill*         0x080003de        0x2 
 .text.dsy_audio_passthru
                0x080003e0        0xc ../../libdaisy/build\libdaisy.a(dsy_audio.o)
                0x080003e0                dsy_audio_passthru
 .text.DMA1_Stream0_IRQHandler
                0x080003ec        0xc ../../libdaisy/build\libdaisy.a(dsy_audio.o)
                0x080003ec                DMA1_Stream0_IRQHandler
 .text.DMA1_Stream1_IRQHandler
                0x080003f8        0xc ../../libdaisy/build\libdaisy.a(dsy_audio.o)
                0x080003f8                DMA1_Stream1_IRQHandler
 .text.DMA1_Stream3_IRQHandler
                0x08000404        0xc ../../libdaisy/build\libdaisy.a(dsy_audio.o)
                0x08000404                DMA1_Stream3_IRQHandler
 .text.DMA1_Stream4_IRQHandler
                0x08000410        0xc ../../libdaisy/build\libdaisy.a(dsy_audio.o)
                0x08000410                DMA1_Stream4_IRQHandler
 .text.dsy_audio_init
                0x0800041c      0x148 ../../libdaisy/build\libdaisy.a(dsy_audio.o)
                0x0800041c                dsy_audio_init
 .text.dsy_audio_set_callback
                0x08000564       0x18 ../../libdaisy/build\libdaisy.a(dsy_audio.o)
                0x08000564                dsy_audio_set_callback
 .text.dsy_audio_start
                0x0800057c       0x54 ../../libdaisy/build\libdaisy.a(dsy_audio.o)
                0x0800057c                dsy_audio_start
 .text.HAL_SAI_RxHalfCpltCallback
                0x080005d0      0x160 ../../libdaisy/build\libdaisy.a(dsy_audio.o)
                0x080005d0                HAL_SAI_RxHalfCpltCallback
 .text.HAL_SAI_RxCpltCallback
                0x08000730      0x16c ../../libdaisy/build\libdaisy.a(dsy_audio.o)
                0x08000730                HAL_SAI_RxCpltCallback
 .text.SystemClock_Config
                0x0800089c      0x178 ../../libdaisy/build\libdaisy.a(dsy_system.o)
 .text.SysTick_Handler
                0x08000a14       0x10 ../../libdaisy/build\libdaisy.a(dsy_system.o)
                0x08000a14                SysTick_Handler
 .text.dsy_system_init
                0x08000a24       0x40 ../../libdaisy/build\libdaisy.a(dsy_system.o)
                0x08000a24                dsy_system_init
 .text.dsy_i2c1_init
                0x08000a64       0x4c ../../libdaisy/build\libdaisy.a(i2c.o)
                0x08000a64                dsy_i2c1_init
 .text.dsy_i2c2_init
                0x08000ab0       0x4c ../../libdaisy/build\libdaisy.a(i2c.o)
                0x08000ab0                dsy_i2c2_init
 .text.HAL_I2C_MspInit
                0x08000afc      0x104 ../../libdaisy/build\libdaisy.a(i2c.o)
                0x08000afc                HAL_I2C_MspInit
 .text.dsy_sai1_init
                0x08000c00       0x88 ../../libdaisy/build\libdaisy.a(sai.o)
                0x08000c00                dsy_sai1_init
 .text.dsy_sai2_init
                0x08000c88       0x80 ../../libdaisy/build\libdaisy.a(sai.o)
                0x08000c88                dsy_sai2_init
 .text.HAL_SAI_MspInit
                0x08000d08      0x3d8 ../../libdaisy/build\libdaisy.a(sai.o)
                0x08000d08                HAL_SAI_MspInit
 .text.HAL_NVIC_SetPriorityGrouping
                0x080010e0       0x28 ../../libdaisy/build\libdaisy.a(stm32h7xx_hal_cortex.o)
                0x080010e0                HAL_NVIC_SetPriorityGrouping
 .text.HAL_NVIC_SetPriority
                0x08001108       0x6c ../../libdaisy/build\libdaisy.a(stm32h7xx_hal_cortex.o)
                0x08001108                HAL_NVIC_SetPriority
 .text.HAL_NVIC_EnableIRQ
                0x08001174       0x1c ../../libdaisy/build\libdaisy.a(stm32h7xx_hal_cortex.o)
                0x08001174                HAL_NVIC_EnableIRQ
 .text.HAL_SYSTICK_Config
                0x08001190       0x30 ../../libdaisy/build\libdaisy.a(stm32h7xx_hal_cortex.o)
                0x08001190                HAL_SYSTICK_Config
 .text.HAL_SYSTICK_Callback
                0x080011c0        0x4 ../../libdaisy/build\libdaisy.a(stm32h7xx_hal_cortex.o)
                0x080011c0                HAL_SYSTICK_Callback
 .text.HAL_SYSTICK_IRQHandler
                0x080011c4        0x8 ../../libdaisy/build\libdaisy.a(stm32h7xx_hal_cortex.o)
                0x080011c4                HAL_SYSTICK_IRQHandler
 .text.I2C_WaitOnTXISFlagUntilTimeout
                0x080011cc       0xc8 ../../libdaisy/build\libdaisy.a(stm32h7xx_hal_i2c.o)
 .text.I2C_WaitOnSTOPFlagUntilTimeout
                0x08001294       0xb4 ../../libdaisy/build\libdaisy.a(stm32h7xx_hal_i2c.o)
 .text.HAL_I2C_Init
                0x08001348       0xa8 ../../libdaisy/build\libdaisy.a(stm32h7xx_hal_i2c.o)
                0x08001348                HAL_I2C_Init
 .text.HAL_I2C_Master_Transmit
                0x080013f0      0x1b4 ../../libdaisy/build\libdaisy.a(stm32h7xx_hal_i2c.o)
                0x080013f0                HAL_I2C_Master_Transmit
 .text.HAL_I2CEx_ConfigAnalogFilter
                0x080015a4       0x54 ../../libdaisy/build\libdaisy.a(stm32h7xx_hal_i2c_ex.o)
                0x080015a4                HAL_I2CEx_ConfigAnalogFilter
 .text.HAL_I2CEx_ConfigDigitalFilter
                0x080015f8       0x50 ../../libdaisy/build\libdaisy.a(stm32h7xx_hal_i2c_ex.o)
                0x080015f8                HAL_I2CEx_ConfigDigitalFilter
 .text.HAL_SAI_Init
                0x08001648      0x39c ../../libdaisy/build\libdaisy.a(stm32h7xx_hal_sai.o)
                0x08001648                HAL_SAI_Init
 .text.HAL_SAI_InitProtocol
                0x080019e4      0x154 ../../libdaisy/build\libdaisy.a(stm32h7xx_hal_sai.o)
                0x080019e4                HAL_SAI_InitProtocol
 .text.HAL_SAI_Transmit_DMA
                0x08001b38      0x134 ../../libdaisy/build\libdaisy.a(stm32h7xx_hal_sai.o)
                0x08001b38                HAL_SAI_Transmit_DMA
 .text.HAL_SAI_Receive_DMA
                0x08001c6c       0xdc ../../libdaisy/build\libdaisy.a(stm32h7xx_hal_sai.o)
                0x08001c6c                HAL_SAI_Receive_DMA
 .text.HAL_SAI_TxCpltCallback
                0x08001d48        0x4 ../../libdaisy/build\libdaisy.a(stm32h7xx_hal_sai.o)
                0x08001d48                HAL_SAI_TxCpltCallback
 .text.SAI_DMATxCplt
                0x08001d4c       0x60 ../../libdaisy/build\libdaisy.a(stm32h7xx_hal_sai.o)
 .text.HAL_SAI_TxHalfCpltCallback
                0x08001dac        0x4 ../../libdaisy/build\libdaisy.a(stm32h7xx_hal_sai.o)
                0x08001dac                HAL_SAI_TxHalfCpltCallback
 .text.SAI_DMATxHalfCplt
                0x08001db0        0xc ../../libdaisy/build\libdaisy.a(stm32h7xx_hal_sai.o)
 .text.SAI_DMARxCplt
                0x08001dbc       0x60 ../../libdaisy/build\libdaisy.a(stm32h7xx_hal_sai.o)
 .text.SAI_DMARxHalfCplt
                0x08001e1c        0xc ../../libdaisy/build\libdaisy.a(stm32h7xx_hal_sai.o)
 .text.HAL_SAI_ErrorCallback
                0x08001e28        0x4 ../../libdaisy/build\libdaisy.a(stm32h7xx_hal_sai.o)
                0x08001e28                HAL_SAI_ErrorCallback
 .text.SAI_DMAError
                0x08001e2c       0x7c ../../libdaisy/build\libdaisy.a(stm32h7xx_hal_sai.o)
 .text.HAL_RCC_OscConfig
                0x08001ea8      0x548 ../../libdaisy/build\libdaisy.a(stm32h7xx_hal_rcc.o)
                0x08001ea8                HAL_RCC_OscConfig
 .text.HAL_RCC_GetSysClockFreq
                0x080023f0      0x118 ../../libdaisy/build\libdaisy.a(stm32h7xx_hal_rcc.o)
                0x080023f0                HAL_RCC_GetSysClockFreq
 .text.HAL_RCC_ClockConfig
                0x08002508      0x22c ../../libdaisy/build\libdaisy.a(stm32h7xx_hal_rcc.o)
                0x08002508                HAL_RCC_ClockConfig
 .text.RCCEx_PLL2_Config
                0x08002734       0xf8 ../../libdaisy/build\libdaisy.a(stm32h7xx_hal_rcc_ex.o)
 .text.RCCEx_PLL3_Config
                0x0800282c       0xf8 ../../libdaisy/build\libdaisy.a(stm32h7xx_hal_rcc_ex.o)
 .text.HAL_RCCEx_PeriphCLKConfig
                0x08002924      0xa88 ../../libdaisy/build\libdaisy.a(stm32h7xx_hal_rcc_ex.o)
                0x08002924                HAL_RCCEx_PeriphCLKConfig
 .text.HAL_RCCEx_GetPLL2ClockFreq
                0x080033ac      0x130 ../../libdaisy/build\libdaisy.a(stm32h7xx_hal_rcc_ex.o)
                0x080033ac                HAL_RCCEx_GetPLL2ClockFreq
 .text.HAL_RCCEx_GetPLL3ClockFreq
                0x080034dc      0x130 ../../libdaisy/build\libdaisy.a(stm32h7xx_hal_rcc_ex.o)
                0x080034dc                HAL_RCCEx_GetPLL3ClockFreq
 .text.HAL_RCCEx_GetPLL1ClockFreq
                0x0800360c      0x130 ../../libdaisy/build\libdaisy.a(stm32h7xx_hal_rcc_ex.o)
                0x0800360c                HAL_RCCEx_GetPLL1ClockFreq
 .text.HAL_RCCEx_GetPeriphCLKFreq
                0x0800373c      0x198 ../../libdaisy/build\libdaisy.a(stm32h7xx_hal_rcc_ex.o)
                0x0800373c                HAL_RCCEx_GetPeriphCLKFreq
 .text.HAL_GPIO_Init
                0x080038d4      0x250 ../../libdaisy/build\libdaisy.a(stm32h7xx_hal_gpio.o)
                0x080038d4                HAL_GPIO_Init
 .text.DMA_SetConfig
                0x08003b24      0x178 ../../libdaisy/build\libdaisy.a(stm32h7xx_hal_dma.o)
 .text.DMA_CalcBaseAndBitshift
                0x08003c9c       0xf4 ../../libdaisy/build\libdaisy.a(stm32h7xx_hal_dma.o)
 .text.DMA_CalcDMAMUXChannelBaseAndMask
                0x08003d90       0xdc ../../libdaisy/build\libdaisy.a(stm32h7xx_hal_dma.o)
 .text.HAL_DMA_Init
                0x08003e6c      0x394 ../../libdaisy/build\libdaisy.a(stm32h7xx_hal_dma.o)
                0x08003e6c                HAL_DMA_Init
 .text.HAL_DMA_Start_IT
                0x08004200      0x170 ../../libdaisy/build\libdaisy.a(stm32h7xx_hal_dma.o)
                0x08004200                HAL_DMA_Start_IT
 .text.HAL_DMA_IRQHandler
                0x08004370      0x6b0 ../../libdaisy/build\libdaisy.a(stm32h7xx_hal_dma.o)
                0x08004370                HAL_DMA_IRQHandler
 .text.HAL_DMA_GetError
                0x08004a20        0x4 ../../libdaisy/build\libdaisy.a(stm32h7xx_hal_dma.o)
                0x08004a20                HAL_DMA_GetError
 .text.HAL_PWREx_ConfigSupply
                0x08004a24       0x4c ../../libdaisy/build\libdaisy.a(stm32h7xx_hal_pwr_ex.o)
                0x08004a24                HAL_PWREx_ConfigSupply
 .text.HAL_PWREx_EnableUSBVoltageDetector
                0x08004a70       0x10 ../../libdaisy/build\libdaisy.a(stm32h7xx_hal_pwr_ex.o)
                0x08004a70                HAL_PWREx_EnableUSBVoltageDetector
 .text.HAL_MspInit
                0x08004a80        0x4 ../../libdaisy/build\libdaisy.a(stm32h7xx_hal.o)
                0x08004a80                HAL_MspInit
 .text.HAL_InitTick
                0x08004a84       0x4c ../../libdaisy/build\libdaisy.a(stm32h7xx_hal.o)
                0x08004a84                HAL_InitTick
 .text.HAL_Init
                0x08004ad0       0x5c ../../libdaisy/build\libdaisy.a(stm32h7xx_hal.o)
                0x08004ad0                HAL_Init
 .text.HAL_IncTick
                0x08004b2c       0x18 ../../libdaisy/build\libdaisy.a(stm32h7xx_hal.o)
                0x08004b2c                HAL_IncTick
 .text.HAL_GetTick
                0x08004b44        0xc ../../libdaisy/build\libdaisy.a(stm32h7xx_hal.o)
                0x08004b44                HAL_GetTick
 .text.HAL_Delay
                0x08004b50       0x24 ../../libdaisy/build\libdaisy.a(stm32h7xx_hal.o)
                0x08004b50                HAL_Delay
 .text.HAL_GetREVID
                0x08004b74        0xc ../../libdaisy/build\libdaisy.a(stm32h7xx_hal.o)
                0x08004b74                HAL_GetREVID
 .text.codec_pcm3060_init
                0x08004b80       0x7c ../../libdaisy/build\libdaisy.a(codec_pcm3060.o)
                0x08004b80                codec_pcm3060_init
 .text.codec_wm8731_init
                0x08004bfc      0x208 ../../libdaisy/build\libdaisy.a(codec_wm8731.o)
                0x08004bfc                codec_wm8731_init
 .text.dsy_dma_init
                0x08004e04       0x78 ../../libdaisy/build\libdaisy.a(dma.o)
                0x08004e04                dsy_dma_init
 .text.__libc_init_array
                0x08004e7c       0x48 c:/program files (x86)/gnu tools arm embedded/8 2019-q3-update/bin/../lib/gcc/arm-none-eabi/8.3.1/../../../../arm-none-eabi/lib/thumb/v7e-m+dp/hard\libc_nano.a(lib_a-init.o)
                0x08004e7c                __libc_init_array
 .text.memcpy   0x08004ec4       0x1c c:/program files (x86)/gnu tools arm embedded/8 2019-q3-update/bin/../lib/gcc/arm-none-eabi/8.3.1/../../../../arm-none-eabi/lib/thumb/v7e-m+dp/hard\libc_nano.a(lib_a-memcpy-stub.o)
                0x08004ec4                memcpy
 .text.memset   0x08004ee0       0x10 c:/program files (x86)/gnu tools arm embedded/8 2019-q3-update/bin/../lib/gcc/arm-none-eabi/8.3.1/../../../../arm-none-eabi/lib/thumb/v7e-m+dp/hard\libc_nano.a(lib_a-memset.o)
                0x08004ee0                memset
 *(.rodata)
 *(.rodata*)
 .rodata.D1CorePrescTable
                0x08004ef0       0x10 build/system_stm32h7xx.o
                0x08004ef0                D1CorePrescTable
 .rodata.flagBitshiftOffset.17833
                0x08004f00        0x8 ../../libdaisy/build\libdaisy.a(stm32h7xx_hal_dma.o)
 *(.glue_7)
 .glue_7        0x08004f08        0x0 linker stubs
 *(.glue_7t)
 .glue_7t       0x08004f08        0x0 linker stubs
 *(.init)
 .init          0x08004f08        0x4 c:/program files (x86)/gnu tools arm embedded/8 2019-q3-update/bin/../lib/gcc/arm-none-eabi/8.3.1/thumb/v7e-m+dp/hard/crti.o
                0x08004f08                _init
 .init          0x08004f0c        0x8 c:/program files (x86)/gnu tools arm embedded/8 2019-q3-update/bin/../lib/gcc/arm-none-eabi/8.3.1/thumb/v7e-m+dp/hard/crtn.o
 *(.fini)
 .fini          0x08004f14        0x4 c:/program files (x86)/gnu tools arm embedded/8 2019-q3-update/bin/../lib/gcc/arm-none-eabi/8.3.1/thumb/v7e-m+dp/hard/crti.o
                0x08004f14                _fini
 .fini          0x08004f18        0x8 c:/program files (x86)/gnu tools arm embedded/8 2019-q3-update/bin/../lib/gcc/arm-none-eabi/8.3.1/thumb/v7e-m+dp/hard/crtn.o
                0x08004f20                . = ALIGN (0x4)
                0x08004f20                _etext = .

.vfp11_veneer   0x08004f20        0x0
 .vfp11_veneer  0x08004f20        0x0 linker stubs

.v4_bx          0x08004f20        0x0
 .v4_bx         0x08004f20        0x0 linker stubs

.iplt           0x08004f20        0x0
 .iplt          0x08004f20        0x0 c:/program files (x86)/gnu tools arm embedded/8 2019-q3-update/bin/../lib/gcc/arm-none-eabi/8.3.1/thumb/v7e-m+dp/hard/crtbegin.o

.rel.dyn        0x08004f20        0x0
 .rel.iplt      0x08004f20        0x0 c:/program files (x86)/gnu tools arm embedded/8 2019-q3-update/bin/../lib/gcc/arm-none-eabi/8.3.1/thumb/v7e-m+dp/hard/crtbegin.o

.ARM.extab      0x08004f20        0x0
                0x08004f20                . = ALIGN (0x4)
 *(.ARM.extab)
 *(.gnu.linkonce.armextab.*)
                0x08004f20                . = ALIGN (0x4)

.exidx          0x08004f20        0x0
                0x08004f20                . = ALIGN (0x4)
                [!provide]                PROVIDE (__exidx_start = .)
 *(.ARM.exidx*)
                0x08004f20                . = ALIGN (0x4)
                [!provide]                PROVIDE (__exidx_end = .)

.ARM.attributes
                0x08004f20       0x2e
 *(.ARM.attributes)
 .ARM.attributes
                0x08004f20       0x1e c:/program files (x86)/gnu tools arm embedded/8 2019-q3-update/bin/../lib/gcc/arm-none-eabi/8.3.1/thumb/v7e-m+dp/hard/crti.o
 .ARM.attributes
                0x08004f3e       0x32 c:/program files (x86)/gnu tools arm embedded/8 2019-q3-update/bin/../lib/gcc/arm-none-eabi/8.3.1/thumb/v7e-m+dp/hard/crtbegin.o
 .ARM.attributes
                0x08004f70       0x32 build/simple_bypass.o
 .ARM.attributes
                0x08004fa2       0x32 build/system_stm32h7xx.o
 .ARM.attributes
                0x08004fd4       0x21 build/startup_stm32h750xx.o
 .ARM.attributes
                0x08004ff5       0x32 ../../libdaisy/build\libdaisy.a(dsy_audio.o)
 .ARM.attributes
                0x08005027       0x32 ../../libdaisy/build\libdaisy.a(dsy_system.o)
 .ARM.attributes
                0x08005059       0x32 ../../libdaisy/build\libdaisy.a(i2c.o)
 .ARM.attributes
                0x0800508b       0x32 ../../libdaisy/build\libdaisy.a(sai.o)
 .ARM.attributes
                0x080050bd       0x32 ../../libdaisy/build\libdaisy.a(stm32h7xx_hal_cortex.o)
 .ARM.attributes
                0x080050ef       0x32 ../../libdaisy/build\libdaisy.a(stm32h7xx_hal_i2c.o)
 .ARM.attributes
                0x08005121       0x32 ../../libdaisy/build\libdaisy.a(stm32h7xx_hal_i2c_ex.o)
 .ARM.attributes
                0x08005153       0x32 ../../libdaisy/build\libdaisy.a(stm32h7xx_hal_sai.o)
 .ARM.attributes
                0x08005185       0x32 ../../libdaisy/build\libdaisy.a(stm32h7xx_hal_rcc.o)
 .ARM.attributes
                0x080051b7       0x32 ../../libdaisy/build\libdaisy.a(stm32h7xx_hal_rcc_ex.o)
 .ARM.attributes
                0x080051e9       0x32 ../../libdaisy/build\libdaisy.a(stm32h7xx_hal_gpio.o)
 .ARM.attributes
                0x0800521b       0x32 ../../libdaisy/build\libdaisy.a(stm32h7xx_hal_dma.o)
 .ARM.attributes
                0x0800524d       0x32 ../../libdaisy/build\libdaisy.a(stm32h7xx_hal_pwr_ex.o)
 .ARM.attributes
                0x0800527f       0x32 ../../libdaisy/build\libdaisy.a(stm32h7xx_hal.o)
 .ARM.attributes
                0x080052b1       0x32 ../../libdaisy/build\libdaisy.a(codec_pcm3060.o)
 .ARM.attributes
                0x080052e3       0x32 ../../libdaisy/build\libdaisy.a(codec_wm8731.o)
 .ARM.attributes
                0x08005315       0x32 ../../libdaisy/build\libdaisy.a(dma.o)
 .ARM.attributes
                0x08005347       0x32 c:/program files (x86)/gnu tools arm embedded/8 2019-q3-update/bin/../lib/gcc/arm-none-eabi/8.3.1/../../../../arm-none-eabi/lib/thumb/v7e-m+dp/hard\libc_nano.a(lib_a-init.o)
 .ARM.attributes
                0x08005379       0x32 c:/program files (x86)/gnu tools arm embedded/8 2019-q3-update/bin/../lib/gcc/arm-none-eabi/8.3.1/../../../../arm-none-eabi/lib/thumb/v7e-m+dp/hard\libc_nano.a(lib_a-memcpy-stub.o)
 .ARM.attributes
                0x080053ab       0x32 c:/program files (x86)/gnu tools arm embedded/8 2019-q3-update/bin/../lib/gcc/arm-none-eabi/8.3.1/../../../../arm-none-eabi/lib/thumb/v7e-m+dp/hard\libc_nano.a(lib_a-memset.o)
 .ARM.attributes
                0x080053dd       0x1e c:/program files (x86)/gnu tools arm embedded/8 2019-q3-update/bin/../lib/gcc/arm-none-eabi/8.3.1/thumb/v7e-m+dp/hard/crtn.o

.preinit_array  0x08004f20        0x0
                0x08004f20                PROVIDE (__preinit_array_start = .)
 *(.preinit_array*)
                0x08004f20                PROVIDE (__preinit_array_end = .)

.init_array     0x08004f20        0x4
                0x08004f20                PROVIDE (__init_array_start = .)
 *(SORT_BY_NAME(.init_array.*))
 *(.init_array*)
 .init_array    0x08004f20        0x4 c:/program files (x86)/gnu tools arm embedded/8 2019-q3-update/bin/../lib/gcc/arm-none-eabi/8.3.1/thumb/v7e-m+dp/hard/crtbegin.o
                0x08004f24                PROVIDE (__init_array_end = .)

.fini_array     0x08004f24        0x4
                [!provide]                PROVIDE (__fini_array_start = .)
 *(.fini_array*)
 .fini_array    0x08004f24        0x4 c:/program files (x86)/gnu tools arm embedded/8 2019-q3-update/bin/../lib/gcc/arm-none-eabi/8.3.1/thumb/v7e-m+dp/hard/crtbegin.o
 *(SORT_BY_NAME(.fini_array.*))
                [!provide]                PROVIDE (__fini_array_end = .)

.data           0x24000000       0x10 load address 0x08004f28
                0x24000000                . = ALIGN (0x4)
                0x24000000                _sdata = .
                [!provide]                PROVIDE (__data_start__ = _sdata)
 *(.data)
 *(.data*)
 .data.SystemCoreClock
                0x24000000        0x4 build/system_stm32h7xx.o
                0x24000000                SystemCoreClock
 .data.SystemD2Clock
                0x24000004        0x4 build/system_stm32h7xx.o
                0x24000004                SystemD2Clock
 .data.uwTickFreq
                0x24000008        0x1 ../../libdaisy/build\libdaisy.a(stm32h7xx_hal.o)
 *fill*         0x24000009        0x3 
 .data.uwTickPrio
                0x2400000c        0x4 ../../libdaisy/build\libdaisy.a(stm32h7xx_hal.o)
                0x24000010                . = ALIGN (0x4)
                0x24000010                _edata = .
                [!provide]                PROVIDE (__data_end__ = _edata)
                0x08004f28                _sidata = LOADADDR (.data)

.igot.plt       0x24000010        0x0 load address 0x08004f38
 .igot.plt      0x24000010        0x0 c:/program files (x86)/gnu tools arm embedded/8 2019-q3-update/bin/../lib/gcc/arm-none-eabi/8.3.1/thumb/v7e-m+dp/hard/crtbegin.o

.bss            0x24000010      0xe44 load address 0x08004f38
                0x24000010                . = ALIGN (0x4)
                0x24000010                _sbss = .
                0x24000010                PROVIDE (__bss_start__ = _sbss)
 *(.bss)
 .bss           0x24000010       0x1c c:/program files (x86)/gnu tools arm embedded/8 2019-q3-update/bin/../lib/gcc/arm-none-eabi/8.3.1/thumb/v7e-m+dp/hard/crtbegin.o
 *(.bss*)
 .bss.audio_handle
                0x2400002c      0x494 ../../libdaisy/build\libdaisy.a(dsy_audio.o)
 .bss.audio_handle_ext
                0x240004c0      0x494 ../../libdaisy/build\libdaisy.a(dsy_audio.o)
 .bss.i2c_handler
                0x24000954        0x1 ../../libdaisy/build\libdaisy.a(i2c.o)
 *fill*         0x24000955        0x3 
 .bss.SAI1_client
                0x24000958        0x4 ../../libdaisy/build\libdaisy.a(sai.o)
 .bss.SAI2_client
                0x2400095c        0x4 ../../libdaisy/build\libdaisy.a(sai.o)
 .bss.dsy_sai_handle
                0x24000960        0x3 ../../libdaisy/build\libdaisy.a(sai.o)
 *fill*         0x24000963        0x1 
 .bss.uwTick    0x24000964        0x4 ../../libdaisy/build\libdaisy.a(stm32h7xx_hal.o)
 *(COMMON)
 COMMON         0x24000968       0x98 ../../libdaisy/build\libdaisy.a(i2c.o)
                0x24000968                hi2c1
                0x240009b4                hi2c2
 COMMON         0x24000a00      0x440 ../../libdaisy/build\libdaisy.a(sai.o)
                0x24000a00                hsai_BlockB2
                0x24000a98                hdma_sai2_b
                0x24000b10                hsai_BlockA2
                0x24000ba8                hsai_BlockB1
                0x24000c40                hdma_sai1_a
                0x24000cb8                hdma_sai1_b
                0x24000d30                hdma_sai2_a
                0x24000da8                hsai_BlockA1
 COMMON         0x24000e40       0x14 ../../libdaisy/build\libdaisy.a(codec_wm8731.o)
                0x24000e40                codec_handle
                0x24000e54                . = ALIGN (0x4)
                0x24000e54                _ebss = .
                0x24000e54                PROVIDE (__bss_end__ = _ebss)

.sdram_text     0xc0000000        0x0 load address 0x08004f38
                0xc0000000                . = ALIGN (0x4)
                0xc0000000                _ssdram_text = .
                [!provide]                PROVIDE (__sdram_text_start = _ssdram_text)
 *(.sdram_text)
 *(.sdram_text*)
                0xc0000000                . = ALIGN (0x4)
                0xc0000000                _esdram_text = .
                [!provide]                PROVIDE (__sdram_text_end = _esdram_text)
                0x08004f38                _sisdram_text = LOADADDR (.sdram_text)

.sdram_bss      0xc0000000        0x0 load address 0x08004f38
                0xc0000000                . = ALIGN (0x4)
                0xc0000000                _ssdram_bss = .
                [!provide]                PROVIDE (__sdram_bss_start = _ssdram_bss)
 *(.sdram_bss)
 *(.sdram_bss*)
                0xc0000000                . = ALIGN (0x4)
                0xc0000000                _esdram_bss = .
                [!provide]                PROVIDE (__sdram_bss_end = _esdram_bss)
                [!provide]                PROVIDE (end = .)

.heap           0x24000e54        0x0
                0x24000e54                . = ALIGN (0x4)
                [!provide]                PROVIDE (__heap_start__ = .)
 *(.heap)
                0x24000e54                . = ALIGN (0x4)
                [!provide]                PROVIDE (__heap_end__ = .)

.reserved_for_stack
                0x24000e54        0x0
                0x24000e54                . = ALIGN (0x4)
                [!provide]                PROVIDE (__reserved_for_stack_start__ = .)
 *(.reserved_for_stack)
                0x24000e54                . = ALIGN (0x4)
                [!provide]                PROVIDE (__reserved_for_stack_end__ = .)
OUTPUT(build/simple_bypass.elf elf32-littlearm)

.comment        0x00000000       0x76
 .comment       0x00000000       0x76 build/simple_bypass.o
                                 0x77 (size before relaxing)
 .comment       0x00000076       0x77 build/system_stm32h7xx.o
 .comment       0x00000076       0x77 ../../libdaisy/build\libdaisy.a(dsy_audio.o)
 .comment       0x00000076       0x77 ../../libdaisy/build\libdaisy.a(dsy_system.o)
 .comment       0x00000076       0x77 ../../libdaisy/build\libdaisy.a(i2c.o)
 .comment       0x00000076       0x77 ../../libdaisy/build\libdaisy.a(sai.o)
 .comment       0x00000076       0x77 ../../libdaisy/build\libdaisy.a(stm32h7xx_hal_cortex.o)
 .comment       0x00000076       0x77 ../../libdaisy/build\libdaisy.a(stm32h7xx_hal_i2c.o)
 .comment       0x00000076       0x77 ../../libdaisy/build\libdaisy.a(stm32h7xx_hal_i2c_ex.o)
 .comment       0x00000076       0x77 ../../libdaisy/build\libdaisy.a(stm32h7xx_hal_sai.o)
 .comment       0x00000076       0x77 ../../libdaisy/build\libdaisy.a(stm32h7xx_hal_rcc.o)
 .comment       0x00000076       0x77 ../../libdaisy/build\libdaisy.a(stm32h7xx_hal_rcc_ex.o)
 .comment       0x00000076       0x77 ../../libdaisy/build\libdaisy.a(stm32h7xx_hal_gpio.o)
 .comment       0x00000076       0x77 ../../libdaisy/build\libdaisy.a(stm32h7xx_hal_dma.o)
 .comment       0x00000076       0x77 ../../libdaisy/build\libdaisy.a(stm32h7xx_hal_pwr_ex.o)
 .comment       0x00000076       0x77 ../../libdaisy/build\libdaisy.a(stm32h7xx_hal.o)
 .comment       0x00000076       0x77 ../../libdaisy/build\libdaisy.a(codec_pcm3060.o)
 .comment       0x00000076       0x77 ../../libdaisy/build\libdaisy.a(codec_wm8731.o)
 .comment       0x00000076       0x77 ../../libdaisy/build\libdaisy.a(dma.o)

.debug_frame    0x00000000       0x74
 .debug_frame   0x00000000       0x2c c:/program files (x86)/gnu tools arm embedded/8 2019-q3-update/bin/../lib/gcc/arm-none-eabi/8.3.1/../../../../arm-none-eabi/lib/thumb/v7e-m+dp/hard\libc_nano.a(lib_a-init.o)
 .debug_frame   0x0000002c       0x28 c:/program files (x86)/gnu tools arm embedded/8 2019-q3-update/bin/../lib/gcc/arm-none-eabi/8.3.1/../../../../arm-none-eabi/lib/thumb/v7e-m+dp/hard\libc_nano.a(lib_a-memcpy-stub.o)
 .debug_frame   0x00000054       0x20 c:/program files (x86)/gnu tools arm embedded/8 2019-q3-update/bin/../lib/gcc/arm-none-eabi/8.3.1/../../../../arm-none-eabi/lib/thumb/v7e-m+dp/hard\libc_nano.a(lib_a-memset.o)

Cross Reference Table

Symbol                                            File
ADC3_IRQHandler                                   build/startup_stm32h750xx.o
ADC_IRQHandler                                    build/startup_stm32h750xx.o
BDMA_Channel0_IRQHandler                          build/startup_stm32h750xx.o
BDMA_Channel1_IRQHandler                          build/startup_stm32h750xx.o
BDMA_Channel2_IRQHandler                          build/startup_stm32h750xx.o
BDMA_Channel3_IRQHandler                          build/startup_stm32h750xx.o
BDMA_Channel4_IRQHandler                          build/startup_stm32h750xx.o
BDMA_Channel5_IRQHandler                          build/startup_stm32h750xx.o
BDMA_Channel6_IRQHandler                          build/startup_stm32h750xx.o
BDMA_Channel7_IRQHandler                          build/startup_stm32h750xx.o
BusFault_Handler                                  build/startup_stm32h750xx.o
CEC_IRQHandler                                    build/startup_stm32h750xx.o
COMP1_IRQHandler                                  build/startup_stm32h750xx.o
CRS_IRQHandler                                    build/startup_stm32h750xx.o
CRYP_IRQHandler                                   build/startup_stm32h750xx.o
D1CorePrescTable                                  build/system_stm32h7xx.o
                                                  ../../libdaisy/build\libdaisy.a(stm32h7xx_hal.o)
                                                  ../../libdaisy/build\libdaisy.a(stm32h7xx_hal_rcc_ex.o)
                                                  ../../libdaisy/build\libdaisy.a(stm32h7xx_hal_rcc.o)
DCMI_IRQHandler                                   build/startup_stm32h750xx.o
DFSDM1_FLT0_IRQHandler                            build/startup_stm32h750xx.o
DFSDM1_FLT1_IRQHandler                            build/startup_stm32h750xx.o
DFSDM1_FLT2_IRQHandler                            build/startup_stm32h750xx.o
DFSDM1_FLT3_IRQHandler                            build/startup_stm32h750xx.o
DMA1_Stream0_IRQHandler                           ../../libdaisy/build\libdaisy.a(dsy_audio.o)
                                                  build/startup_stm32h750xx.o
DMA1_Stream1_IRQHandler                           ../../libdaisy/build\libdaisy.a(dsy_audio.o)
                                                  build/startup_stm32h750xx.o
DMA1_Stream2_IRQHandler                           build/startup_stm32h750xx.o
DMA1_Stream3_IRQHandler                           ../../libdaisy/build\libdaisy.a(dsy_audio.o)
                                                  build/startup_stm32h750xx.o
DMA1_Stream4_IRQHandler                           ../../libdaisy/build\libdaisy.a(dsy_audio.o)
                                                  build/startup_stm32h750xx.o
DMA1_Stream5_IRQHandler                           build/startup_stm32h750xx.o
DMA1_Stream6_IRQHandler                           build/startup_stm32h750xx.o
DMA1_Stream7_IRQHandler                           build/startup_stm32h750xx.o
DMA2D_IRQHandler                                  build/startup_stm32h750xx.o
DMA2_Stream0_IRQHandler                           build/startup_stm32h750xx.o
DMA2_Stream1_IRQHandler                           build/startup_stm32h750xx.o
DMA2_Stream2_IRQHandler                           build/startup_stm32h750xx.o
DMA2_Stream3_IRQHandler                           build/startup_stm32h750xx.o
DMA2_Stream4_IRQHandler                           build/startup_stm32h750xx.o
DMA2_Stream5_IRQHandler                           build/startup_stm32h750xx.o
DMA2_Stream6_IRQHandler                           build/startup_stm32h750xx.o
DMA2_Stream7_IRQHandler                           build/startup_stm32h750xx.o
DMAMUX1_OVR_IRQHandler                            build/startup_stm32h750xx.o
DMAMUX2_OVR_IRQHandler                            build/startup_stm32h750xx.o
DebugMon_Handler                                  build/startup_stm32h750xx.o
Default_Handler                                   build/startup_stm32h750xx.o
ECC_IRQHandler                                    build/startup_stm32h750xx.o
ETH_IRQHandler                                    build/startup_stm32h750xx.o
ETH_WKUP_IRQHandler                               build/startup_stm32h750xx.o
EXTI0_IRQHandler                                  build/startup_stm32h750xx.o
EXTI15_10_IRQHandler                              build/startup_stm32h750xx.o
EXTI1_IRQHandler                                  build/startup_stm32h750xx.o
EXTI2_IRQHandler                                  build/startup_stm32h750xx.o
EXTI3_IRQHandler                                  build/startup_stm32h750xx.o
EXTI4_IRQHandler                                  build/startup_stm32h750xx.o
EXTI9_5_IRQHandler                                build/startup_stm32h750xx.o
FDCAN1_IT0_IRQHandler                             build/startup_stm32h750xx.o
FDCAN1_IT1_IRQHandler                             build/startup_stm32h750xx.o
FDCAN2_IT0_IRQHandler                             build/startup_stm32h750xx.o
FDCAN2_IT1_IRQHandler                             build/startup_stm32h750xx.o
FDCAN_CAL_IRQHandler                              build/startup_stm32h750xx.o
FLASH_IRQHandler                                  build/startup_stm32h750xx.o
FMC_IRQHandler                                    build/startup_stm32h750xx.o
FPU_IRQHandler                                    build/startup_stm32h750xx.o
HAL_DBGMCU_DisableDBGSleepMode                    ../../libdaisy/build\libdaisy.a(stm32h7xx_hal.o)
HAL_DBGMCU_DisableDBGStandbyMode                  ../../libdaisy/build\libdaisy.a(stm32h7xx_hal.o)
HAL_DBGMCU_DisableDBGStopMode                     ../../libdaisy/build\libdaisy.a(stm32h7xx_hal.o)
HAL_DBGMCU_EnableDBGSleepMode                     ../../libdaisy/build\libdaisy.a(stm32h7xx_hal.o)
HAL_DBGMCU_EnableDBGStandbyMode                   ../../libdaisy/build\libdaisy.a(stm32h7xx_hal.o)
HAL_DBGMCU_EnableDBGStopMode                      ../../libdaisy/build\libdaisy.a(stm32h7xx_hal.o)
HAL_DMA_Abort                                     ../../libdaisy/build\libdaisy.a(stm32h7xx_hal_dma.o)
                                                  ../../libdaisy/build\libdaisy.a(stm32h7xx_hal_sai.o)
HAL_DMA_Abort_IT                                  ../../libdaisy/build\libdaisy.a(stm32h7xx_hal_dma.o)
                                                  ../../libdaisy/build\libdaisy.a(stm32h7xx_hal_sai.o)
                                                  ../../libdaisy/build\libdaisy.a(stm32h7xx_hal_i2c.o)
HAL_DMA_DeInit                                    ../../libdaisy/build\libdaisy.a(stm32h7xx_hal_dma.o)
                                                  ../../libdaisy/build\libdaisy.a(sai.o)
HAL_DMA_GetError                                  ../../libdaisy/build\libdaisy.a(stm32h7xx_hal_dma.o)
                                                  ../../libdaisy/build\libdaisy.a(stm32h7xx_hal_sai.o)
                                                  ../../libdaisy/build\libdaisy.a(stm32h7xx_hal_i2c.o)
HAL_DMA_GetState                                  ../../libdaisy/build\libdaisy.a(stm32h7xx_hal_dma.o)
HAL_DMA_IRQHandler                                ../../libdaisy/build\libdaisy.a(stm32h7xx_hal_dma.o)
                                                  ../../libdaisy/build\libdaisy.a(dsy_audio.o)
HAL_DMA_Init                                      ../../libdaisy/build\libdaisy.a(stm32h7xx_hal_dma.o)
                                                  ../../libdaisy/build\libdaisy.a(sai.o)
HAL_DMA_PollForTransfer                           ../../libdaisy/build\libdaisy.a(stm32h7xx_hal_dma.o)
HAL_DMA_RegisterCallback                          ../../libdaisy/build\libdaisy.a(stm32h7xx_hal_dma.o)
HAL_DMA_Start                                     ../../libdaisy/build\libdaisy.a(stm32h7xx_hal_dma.o)
HAL_DMA_Start_IT                                  ../../libdaisy/build\libdaisy.a(stm32h7xx_hal_dma.o)
                                                  ../../libdaisy/build\libdaisy.a(stm32h7xx_hal_sai.o)
                                                  ../../libdaisy/build\libdaisy.a(stm32h7xx_hal_i2c.o)
HAL_DMA_UnRegisterCallback                        ../../libdaisy/build\libdaisy.a(stm32h7xx_hal_dma.o)
HAL_DeInit                                        ../../libdaisy/build\libdaisy.a(stm32h7xx_hal.o)
HAL_Delay                                         ../../libdaisy/build\libdaisy.a(stm32h7xx_hal.o)
                                                  ../../libdaisy/build\libdaisy.a(codec_wm8731.o)
                                                  ../../libdaisy/build\libdaisy.a(codec_pcm3060.o)
                                                  ../../libdaisy/build\libdaisy.a(dsy_system.o)
HAL_DisableCompensationCell                       ../../libdaisy/build\libdaisy.a(stm32h7xx_hal.o)
HAL_DisableDomain3DBGStandbyMode                  ../../libdaisy/build\libdaisy.a(stm32h7xx_hal.o)
HAL_DisableDomain3DBGStopMode                     ../../libdaisy/build\libdaisy.a(stm32h7xx_hal.o)
HAL_EXTI_D1_ClearFlag                             ../../libdaisy/build\libdaisy.a(stm32h7xx_hal.o)
HAL_EXTI_D1_EventInputConfig                      ../../libdaisy/build\libdaisy.a(stm32h7xx_hal.o)
HAL_EXTI_D3_EventInputConfig                      ../../libdaisy/build\libdaisy.a(stm32h7xx_hal.o)
HAL_EXTI_EdgeConfig                               ../../libdaisy/build\libdaisy.a(stm32h7xx_hal.o)
HAL_EXTI_GenerateSWInterrupt                      ../../libdaisy/build\libdaisy.a(stm32h7xx_hal.o)
HAL_EnableCompensationCell                        ../../libdaisy/build\libdaisy.a(stm32h7xx_hal.o)
HAL_EnableDomain3DBGStandbyMode                   ../../libdaisy/build\libdaisy.a(stm32h7xx_hal.o)
HAL_EnableDomain3DBGStopMode                      ../../libdaisy/build\libdaisy.a(stm32h7xx_hal.o)
HAL_GPIO_DeInit                                   ../../libdaisy/build\libdaisy.a(stm32h7xx_hal_gpio.o)
                                                  ../../libdaisy/build\libdaisy.a(sai.o)
                                                  ../../libdaisy/build\libdaisy.a(i2c.o)
HAL_GPIO_EXTI_Callback                            ../../libdaisy/build\libdaisy.a(stm32h7xx_hal_gpio.o)
HAL_GPIO_EXTI_IRQHandler                          ../../libdaisy/build\libdaisy.a(stm32h7xx_hal_gpio.o)
HAL_GPIO_Init                                     ../../libdaisy/build\libdaisy.a(stm32h7xx_hal_gpio.o)
                                                  ../../libdaisy/build\libdaisy.a(stm32h7xx_hal_rcc.o)
                                                  ../../libdaisy/build\libdaisy.a(sai.o)
                                                  ../../libdaisy/build\libdaisy.a(i2c.o)
HAL_GPIO_LockPin                                  ../../libdaisy/build\libdaisy.a(stm32h7xx_hal_gpio.o)
HAL_GPIO_ReadPin                                  ../../libdaisy/build\libdaisy.a(stm32h7xx_hal_gpio.o)
HAL_GPIO_TogglePin                                ../../libdaisy/build\libdaisy.a(stm32h7xx_hal_gpio.o)
HAL_GPIO_WritePin                                 ../../libdaisy/build\libdaisy.a(stm32h7xx_hal_gpio.o)
HAL_GetCurrentCPUID                               ../../libdaisy/build\libdaisy.a(stm32h7xx_hal_cortex.o)
HAL_GetDEVID                                      ../../libdaisy/build\libdaisy.a(stm32h7xx_hal.o)
HAL_GetFMCMemorySwappingConfig                    ../../libdaisy/build\libdaisy.a(stm32h7xx_hal.o)
HAL_GetHalVersion                                 ../../libdaisy/build\libdaisy.a(stm32h7xx_hal.o)
HAL_GetREVID                                      ../../libdaisy/build\libdaisy.a(stm32h7xx_hal.o)
                                                  ../../libdaisy/build\libdaisy.a(stm32h7xx_hal_rcc_ex.o)
                                                  ../../libdaisy/build\libdaisy.a(stm32h7xx_hal_rcc.o)
                                                  ../../libdaisy/build\libdaisy.a(stm32h7xx_hal_sai.o)
HAL_GetTick                                       ../../libdaisy/build\libdaisy.a(stm32h7xx_hal.o)
                                                  ../../libdaisy/build\libdaisy.a(stm32h7xx_hal_pwr_ex.o)
                                                  ../../libdaisy/build\libdaisy.a(stm32h7xx_hal_dma.o)
                                                  ../../libdaisy/build\libdaisy.a(stm32h7xx_hal_rcc_ex.o)
                                                  ../../libdaisy/build\libdaisy.a(stm32h7xx_hal_rcc.o)
                                                  ../../libdaisy/build\libdaisy.a(stm32h7xx_hal_sai.o)
                                                  ../../libdaisy/build\libdaisy.a(stm32h7xx_hal_i2c.o)
                                                  ../../libdaisy/build\libdaisy.a(dsy_system.o)
HAL_GetTickFreq                                   ../../libdaisy/build\libdaisy.a(stm32h7xx_hal.o)
HAL_GetTickPrio                                   ../../libdaisy/build\libdaisy.a(stm32h7xx_hal.o)
HAL_I2CEx_ConfigAnalogFilter                      ../../libdaisy/build\libdaisy.a(stm32h7xx_hal_i2c_ex.o)
                                                  ../../libdaisy/build\libdaisy.a(i2c.o)
HAL_I2CEx_ConfigDigitalFilter                     ../../libdaisy/build\libdaisy.a(stm32h7xx_hal_i2c_ex.o)
                                                  ../../libdaisy/build\libdaisy.a(i2c.o)
HAL_I2CEx_DisableFastModePlus                     ../../libdaisy/build\libdaisy.a(stm32h7xx_hal_i2c_ex.o)
HAL_I2CEx_DisableWakeUp                           ../../libdaisy/build\libdaisy.a(stm32h7xx_hal_i2c_ex.o)
HAL_I2CEx_EnableFastModePlus                      ../../libdaisy/build\libdaisy.a(stm32h7xx_hal_i2c_ex.o)
HAL_I2CEx_EnableWakeUp                            ../../libdaisy/build\libdaisy.a(stm32h7xx_hal_i2c_ex.o)
HAL_I2C_AbortCpltCallback                         ../../libdaisy/build\libdaisy.a(stm32h7xx_hal_i2c.o)
HAL_I2C_AddrCallback                              ../../libdaisy/build\libdaisy.a(stm32h7xx_hal_i2c.o)
HAL_I2C_DeInit                                    ../../libdaisy/build\libdaisy.a(stm32h7xx_hal_i2c.o)
HAL_I2C_DisableListen_IT                          ../../libdaisy/build\libdaisy.a(stm32h7xx_hal_i2c.o)
HAL_I2C_ER_IRQHandler                             ../../libdaisy/build\libdaisy.a(stm32h7xx_hal_i2c.o)
HAL_I2C_EV_IRQHandler                             ../../libdaisy/build\libdaisy.a(stm32h7xx_hal_i2c.o)
HAL_I2C_EnableListen_IT                           ../../libdaisy/build\libdaisy.a(stm32h7xx_hal_i2c.o)
HAL_I2C_ErrorCallback                             ../../libdaisy/build\libdaisy.a(stm32h7xx_hal_i2c.o)
HAL_I2C_GetError                                  ../../libdaisy/build\libdaisy.a(stm32h7xx_hal_i2c.o)
HAL_I2C_GetMode                                   ../../libdaisy/build\libdaisy.a(stm32h7xx_hal_i2c.o)
HAL_I2C_GetState                                  ../../libdaisy/build\libdaisy.a(stm32h7xx_hal_i2c.o)
HAL_I2C_Init                                      ../../libdaisy/build\libdaisy.a(stm32h7xx_hal_i2c.o)
                                                  ../../libdaisy/build\libdaisy.a(i2c.o)
HAL_I2C_IsDeviceReady                             ../../libdaisy/build\libdaisy.a(stm32h7xx_hal_i2c.o)
HAL_I2C_ListenCpltCallback                        ../../libdaisy/build\libdaisy.a(stm32h7xx_hal_i2c.o)
HAL_I2C_MasterRxCpltCallback                      ../../libdaisy/build\libdaisy.a(stm32h7xx_hal_i2c.o)
HAL_I2C_MasterTxCpltCallback                      ../../libdaisy/build\libdaisy.a(stm32h7xx_hal_i2c.o)
HAL_I2C_Master_Abort_IT                           ../../libdaisy/build\libdaisy.a(stm32h7xx_hal_i2c.o)
HAL_I2C_Master_Receive                            ../../libdaisy/build\libdaisy.a(stm32h7xx_hal_i2c.o)
HAL_I2C_Master_Receive_DMA                        ../../libdaisy/build\libdaisy.a(stm32h7xx_hal_i2c.o)
HAL_I2C_Master_Receive_IT                         ../../libdaisy/build\libdaisy.a(stm32h7xx_hal_i2c.o)
HAL_I2C_Master_Seq_Receive_DMA                    ../../libdaisy/build\libdaisy.a(stm32h7xx_hal_i2c.o)
HAL_I2C_Master_Seq_Receive_IT                     ../../libdaisy/build\libdaisy.a(stm32h7xx_hal_i2c.o)
HAL_I2C_Master_Seq_Transmit_DMA                   ../../libdaisy/build\libdaisy.a(stm32h7xx_hal_i2c.o)
HAL_I2C_Master_Seq_Transmit_IT                    ../../libdaisy/build\libdaisy.a(stm32h7xx_hal_i2c.o)
HAL_I2C_Master_Transmit                           ../../libdaisy/build\libdaisy.a(stm32h7xx_hal_i2c.o)
                                                  ../../libdaisy/build\libdaisy.a(codec_wm8731.o)
                                                  ../../libdaisy/build\libdaisy.a(codec_pcm3060.o)
HAL_I2C_Master_Transmit_DMA                       ../../libdaisy/build\libdaisy.a(stm32h7xx_hal_i2c.o)
HAL_I2C_Master_Transmit_IT                        ../../libdaisy/build\libdaisy.a(stm32h7xx_hal_i2c.o)
HAL_I2C_MemRxCpltCallback                         ../../libdaisy/build\libdaisy.a(stm32h7xx_hal_i2c.o)
HAL_I2C_MemTxCpltCallback                         ../../libdaisy/build\libdaisy.a(stm32h7xx_hal_i2c.o)
HAL_I2C_Mem_Read                                  ../../libdaisy/build\libdaisy.a(stm32h7xx_hal_i2c.o)
HAL_I2C_Mem_Read_DMA                              ../../libdaisy/build\libdaisy.a(stm32h7xx_hal_i2c.o)
HAL_I2C_Mem_Read_IT                               ../../libdaisy/build\libdaisy.a(stm32h7xx_hal_i2c.o)
HAL_I2C_Mem_Write                                 ../../libdaisy/build\libdaisy.a(stm32h7xx_hal_i2c.o)
HAL_I2C_Mem_Write_DMA                             ../../libdaisy/build\libdaisy.a(stm32h7xx_hal_i2c.o)
HAL_I2C_Mem_Write_IT                              ../../libdaisy/build\libdaisy.a(stm32h7xx_hal_i2c.o)
HAL_I2C_MspDeInit                                 ../../libdaisy/build\libdaisy.a(i2c.o)
HAL_I2C_MspInit                                   ../../libdaisy/build\libdaisy.a(i2c.o)
HAL_I2C_SlaveRxCpltCallback                       ../../libdaisy/build\libdaisy.a(stm32h7xx_hal_i2c.o)
HAL_I2C_SlaveTxCpltCallback                       ../../libdaisy/build\libdaisy.a(stm32h7xx_hal_i2c.o)
HAL_I2C_Slave_Receive                             ../../libdaisy/build\libdaisy.a(stm32h7xx_hal_i2c.o)
HAL_I2C_Slave_Receive_DMA                         ../../libdaisy/build\libdaisy.a(stm32h7xx_hal_i2c.o)
HAL_I2C_Slave_Receive_IT                          ../../libdaisy/build\libdaisy.a(stm32h7xx_hal_i2c.o)
HAL_I2C_Slave_Seq_Receive_DMA                     ../../libdaisy/build\libdaisy.a(stm32h7xx_hal_i2c.o)
HAL_I2C_Slave_Seq_Receive_IT                      ../../libdaisy/build\libdaisy.a(stm32h7xx_hal_i2c.o)
HAL_I2C_Slave_Seq_Transmit_DMA                    ../../libdaisy/build\libdaisy.a(stm32h7xx_hal_i2c.o)
HAL_I2C_Slave_Seq_Transmit_IT                     ../../libdaisy/build\libdaisy.a(stm32h7xx_hal_i2c.o)
HAL_I2C_Slave_Transmit                            ../../libdaisy/build\libdaisy.a(stm32h7xx_hal_i2c.o)
HAL_I2C_Slave_Transmit_DMA                        ../../libdaisy/build\libdaisy.a(stm32h7xx_hal_i2c.o)
HAL_I2C_Slave_Transmit_IT                         ../../libdaisy/build\libdaisy.a(stm32h7xx_hal_i2c.o)
HAL_IncTick                                       ../../libdaisy/build\libdaisy.a(stm32h7xx_hal.o)
                                                  ../../libdaisy/build\libdaisy.a(dsy_system.o)
HAL_Init                                          ../../libdaisy/build\libdaisy.a(stm32h7xx_hal.o)
                                                  ../../libdaisy/build\libdaisy.a(dsy_system.o)
HAL_InitTick                                      ../../libdaisy/build\libdaisy.a(stm32h7xx_hal.o)
                                                  ../../libdaisy/build\libdaisy.a(stm32h7xx_hal_rcc.o)
HAL_MPU_ConfigRegion                              ../../libdaisy/build\libdaisy.a(stm32h7xx_hal_cortex.o)
HAL_MPU_Disable                                   ../../libdaisy/build\libdaisy.a(stm32h7xx_hal_cortex.o)
HAL_MPU_Enable                                    ../../libdaisy/build\libdaisy.a(stm32h7xx_hal_cortex.o)
HAL_MspDeInit                                     ../../libdaisy/build\libdaisy.a(stm32h7xx_hal.o)
HAL_MspInit                                       ../../libdaisy/build\libdaisy.a(stm32h7xx_hal.o)
HAL_NVIC_ClearPendingIRQ                          ../../libdaisy/build\libdaisy.a(stm32h7xx_hal_cortex.o)
HAL_NVIC_DisableIRQ                               ../../libdaisy/build\libdaisy.a(stm32h7xx_hal_cortex.o)
HAL_NVIC_EnableIRQ                                ../../libdaisy/build\libdaisy.a(stm32h7xx_hal_cortex.o)
                                                  ../../libdaisy/build\libdaisy.a(dma.o)
HAL_NVIC_GetActive                                ../../libdaisy/build\libdaisy.a(stm32h7xx_hal_cortex.o)
HAL_NVIC_GetPendingIRQ                            ../../libdaisy/build\libdaisy.a(stm32h7xx_hal_cortex.o)
HAL_NVIC_GetPriority                              ../../libdaisy/build\libdaisy.a(stm32h7xx_hal_cortex.o)
HAL_NVIC_GetPriorityGrouping                      ../../libdaisy/build\libdaisy.a(stm32h7xx_hal_cortex.o)
HAL_NVIC_SetPendingIRQ                            ../../libdaisy/build\libdaisy.a(stm32h7xx_hal_cortex.o)
HAL_NVIC_SetPriority                              ../../libdaisy/build\libdaisy.a(stm32h7xx_hal_cortex.o)
                                                  ../../libdaisy/build\libdaisy.a(dma.o)
                                                  ../../libdaisy/build\libdaisy.a(stm32h7xx_hal.o)
HAL_NVIC_SetPriorityGrouping                      ../../libdaisy/build\libdaisy.a(stm32h7xx_hal_cortex.o)
                                                  ../../libdaisy/build\libdaisy.a(stm32h7xx_hal.o)
HAL_NVIC_SystemReset                              ../../libdaisy/build\libdaisy.a(stm32h7xx_hal_cortex.o)
HAL_PWREx_AVDCallback                             ../../libdaisy/build\libdaisy.a(stm32h7xx_hal_pwr_ex.o)
HAL_PWREx_ClearPendingEvent                       ../../libdaisy/build\libdaisy.a(stm32h7xx_hal_pwr_ex.o)
HAL_PWREx_ClearWakeupFlag                         ../../libdaisy/build\libdaisy.a(stm32h7xx_hal_pwr_ex.o)
HAL_PWREx_ConfigAVD                               ../../libdaisy/build\libdaisy.a(stm32h7xx_hal_pwr_ex.o)
HAL_PWREx_ConfigD3Domain                          ../../libdaisy/build\libdaisy.a(stm32h7xx_hal_pwr_ex.o)
HAL_PWREx_ConfigSupply                            ../../libdaisy/build\libdaisy.a(stm32h7xx_hal_pwr_ex.o)
                                                  ../../libdaisy/build\libdaisy.a(dsy_system.o)
HAL_PWREx_ControlStopModeVoltageScaling           ../../libdaisy/build\libdaisy.a(stm32h7xx_hal_pwr_ex.o)
HAL_PWREx_ControlVoltageScaling                   ../../libdaisy/build\libdaisy.a(stm32h7xx_hal_pwr_ex.o)
HAL_PWREx_DisableAVD                              ../../libdaisy/build\libdaisy.a(stm32h7xx_hal_pwr_ex.o)
HAL_PWREx_DisableBatteryCharging                  ../../libdaisy/build\libdaisy.a(stm32h7xx_hal_pwr_ex.o)
HAL_PWREx_DisableBkUpReg                          ../../libdaisy/build\libdaisy.a(stm32h7xx_hal_pwr_ex.o)
HAL_PWREx_DisableFlashPowerDown                   ../../libdaisy/build\libdaisy.a(stm32h7xx_hal_pwr_ex.o)
HAL_PWREx_DisableMonitoring                       ../../libdaisy/build\libdaisy.a(stm32h7xx_hal_pwr_ex.o)
HAL_PWREx_DisableUSBReg                           ../../libdaisy/build\libdaisy.a(stm32h7xx_hal_pwr_ex.o)
HAL_PWREx_DisableUSBVoltageDetector               ../../libdaisy/build\libdaisy.a(stm32h7xx_hal_pwr_ex.o)
HAL_PWREx_DisableWakeUpPin                        ../../libdaisy/build\libdaisy.a(stm32h7xx_hal_pwr_ex.o)
HAL_PWREx_EnableAVD                               ../../libdaisy/build\libdaisy.a(stm32h7xx_hal_pwr_ex.o)
HAL_PWREx_EnableBatteryCharging                   ../../libdaisy/build\libdaisy.a(stm32h7xx_hal_pwr_ex.o)
HAL_PWREx_EnableBkUpReg                           ../../libdaisy/build\libdaisy.a(stm32h7xx_hal_pwr_ex.o)
HAL_PWREx_EnableFlashPowerDown                    ../../libdaisy/build\libdaisy.a(stm32h7xx_hal_pwr_ex.o)
HAL_PWREx_EnableMonitoring                        ../../libdaisy/build\libdaisy.a(stm32h7xx_hal_pwr_ex.o)
HAL_PWREx_EnableUSBReg                            ../../libdaisy/build\libdaisy.a(stm32h7xx_hal_pwr_ex.o)
HAL_PWREx_EnableUSBVoltageDetector                ../../libdaisy/build\libdaisy.a(stm32h7xx_hal_pwr_ex.o)
                                                  ../../libdaisy/build\libdaisy.a(dsy_system.o)
HAL_PWREx_EnableWakeUpPin                         ../../libdaisy/build\libdaisy.a(stm32h7xx_hal_pwr_ex.o)
HAL_PWREx_EnterSTANDBYMode                        ../../libdaisy/build\libdaisy.a(stm32h7xx_hal_pwr_ex.o)
HAL_PWREx_EnterSTOPMode                           ../../libdaisy/build\libdaisy.a(stm32h7xx_hal_pwr_ex.o)
HAL_PWREx_GetStopModeVoltageRange                 ../../libdaisy/build\libdaisy.a(stm32h7xx_hal_pwr_ex.o)
HAL_PWREx_GetSupplyConfig                         ../../libdaisy/build\libdaisy.a(stm32h7xx_hal_pwr_ex.o)
HAL_PWREx_GetTemperatureLevel                     ../../libdaisy/build\libdaisy.a(stm32h7xx_hal_pwr_ex.o)
HAL_PWREx_GetVBATLevel                            ../../libdaisy/build\libdaisy.a(stm32h7xx_hal_pwr_ex.o)
HAL_PWREx_GetVoltageRange                         ../../libdaisy/build\libdaisy.a(stm32h7xx_hal_pwr_ex.o)
HAL_PWREx_GetWakeupFlag                           ../../libdaisy/build\libdaisy.a(stm32h7xx_hal_pwr_ex.o)
HAL_PWREx_PVD_AVD_IRQHandler                      ../../libdaisy/build\libdaisy.a(stm32h7xx_hal_pwr_ex.o)
HAL_PWREx_WAKEUP_PIN_IRQHandler                   ../../libdaisy/build\libdaisy.a(stm32h7xx_hal_pwr_ex.o)
HAL_PWREx_WKUP1_Callback                          ../../libdaisy/build\libdaisy.a(stm32h7xx_hal_pwr_ex.o)
HAL_PWREx_WKUP2_Callback                          ../../libdaisy/build\libdaisy.a(stm32h7xx_hal_pwr_ex.o)
HAL_PWREx_WKUP3_Callback                          ../../libdaisy/build\libdaisy.a(stm32h7xx_hal_pwr_ex.o)
HAL_PWREx_WKUP4_Callback                          ../../libdaisy/build\libdaisy.a(stm32h7xx_hal_pwr_ex.o)
HAL_PWREx_WKUP5_Callback                          ../../libdaisy/build\libdaisy.a(stm32h7xx_hal_pwr_ex.o)
HAL_PWREx_WKUP6_Callback                          ../../libdaisy/build\libdaisy.a(stm32h7xx_hal_pwr_ex.o)
HAL_PWR_ConfigPVD                                 ../../libdaisy/build\libdaisy.a(stm32h7xx_hal_pwr.o)
HAL_PWR_DeInit                                    ../../libdaisy/build\libdaisy.a(stm32h7xx_hal_pwr.o)
HAL_PWR_DisableBkUpAccess                         ../../libdaisy/build\libdaisy.a(stm32h7xx_hal_pwr.o)
HAL_PWR_DisablePVD                                ../../libdaisy/build\libdaisy.a(stm32h7xx_hal_pwr.o)
HAL_PWR_DisableSEVOnPend                          ../../libdaisy/build\libdaisy.a(stm32h7xx_hal_pwr.o)
HAL_PWR_DisableSleepOnExit                        ../../libdaisy/build\libdaisy.a(stm32h7xx_hal_pwr.o)
HAL_PWR_DisableWakeUpPin                          ../../libdaisy/build\libdaisy.a(stm32h7xx_hal_pwr.o)
HAL_PWR_EnableBkUpAccess                          ../../libdaisy/build\libdaisy.a(stm32h7xx_hal_pwr.o)
HAL_PWR_EnablePVD                                 ../../libdaisy/build\libdaisy.a(stm32h7xx_hal_pwr.o)
HAL_PWR_EnableSEVOnPend                           ../../libdaisy/build\libdaisy.a(stm32h7xx_hal_pwr.o)
HAL_PWR_EnableSleepOnExit                         ../../libdaisy/build\libdaisy.a(stm32h7xx_hal_pwr.o)
HAL_PWR_EnableWakeUpPin                           ../../libdaisy/build\libdaisy.a(stm32h7xx_hal_pwr.o)
HAL_PWR_EnterSLEEPMode                            ../../libdaisy/build\libdaisy.a(stm32h7xx_hal_pwr.o)
HAL_PWR_EnterSTANDBYMode                          ../../libdaisy/build\libdaisy.a(stm32h7xx_hal_pwr.o)
HAL_PWR_EnterSTOPMode                             ../../libdaisy/build\libdaisy.a(stm32h7xx_hal_pwr.o)
HAL_PWR_PVDCallback                               ../../libdaisy/build\libdaisy.a(stm32h7xx_hal_pwr.o)
                                                  ../../libdaisy/build\libdaisy.a(stm32h7xx_hal_pwr_ex.o)
HAL_PWR_PVD_IRQHandler                            ../../libdaisy/build\libdaisy.a(stm32h7xx_hal_pwr.o)
HAL_RCCEx_CRSConfig                               ../../libdaisy/build\libdaisy.a(stm32h7xx_hal_rcc_ex.o)
HAL_RCCEx_CRSGetSynchronizationInfo               ../../libdaisy/build\libdaisy.a(stm32h7xx_hal_rcc_ex.o)
HAL_RCCEx_CRSSoftwareSynchronizationGenerate      ../../libdaisy/build\libdaisy.a(stm32h7xx_hal_rcc_ex.o)
HAL_RCCEx_CRSWaitSynchronization                  ../../libdaisy/build\libdaisy.a(stm32h7xx_hal_rcc_ex.o)
HAL_RCCEx_CRS_ErrorCallback                       ../../libdaisy/build\libdaisy.a(stm32h7xx_hal_rcc_ex.o)
HAL_RCCEx_CRS_ExpectedSyncCallback                ../../libdaisy/build\libdaisy.a(stm32h7xx_hal_rcc_ex.o)
HAL_RCCEx_CRS_IRQHandler                          ../../libdaisy/build\libdaisy.a(stm32h7xx_hal_rcc_ex.o)
HAL_RCCEx_CRS_SyncOkCallback                      ../../libdaisy/build\libdaisy.a(stm32h7xx_hal_rcc_ex.o)
HAL_RCCEx_CRS_SyncWarnCallback                    ../../libdaisy/build\libdaisy.a(stm32h7xx_hal_rcc_ex.o)
HAL_RCCEx_DisableLSECSS                           ../../libdaisy/build\libdaisy.a(stm32h7xx_hal_rcc_ex.o)
HAL_RCCEx_EnableLSECSS                            ../../libdaisy/build\libdaisy.a(stm32h7xx_hal_rcc_ex.o)
HAL_RCCEx_GetD1PCLK1Freq                          ../../libdaisy/build\libdaisy.a(stm32h7xx_hal_rcc_ex.o)
HAL_RCCEx_GetD1SysClockFreq                       ../../libdaisy/build\libdaisy.a(stm32h7xx_hal_rcc_ex.o)
                                                  ../../libdaisy/build\libdaisy.a(stm32h7xx_hal_rcc.o)
HAL_RCCEx_GetD3PCLK1Freq                          ../../libdaisy/build\libdaisy.a(stm32h7xx_hal_rcc_ex.o)
HAL_RCCEx_GetPLL1ClockFreq                        ../../libdaisy/build\libdaisy.a(stm32h7xx_hal_rcc_ex.o)
HAL_RCCEx_GetPLL2ClockFreq                        ../../libdaisy/build\libdaisy.a(stm32h7xx_hal_rcc_ex.o)
HAL_RCCEx_GetPLL3ClockFreq                        ../../libdaisy/build\libdaisy.a(stm32h7xx_hal_rcc_ex.o)
HAL_RCCEx_GetPeriphCLKConfig                      ../../libdaisy/build\libdaisy.a(stm32h7xx_hal_rcc_ex.o)
HAL_RCCEx_GetPeriphCLKFreq                        ../../libdaisy/build\libdaisy.a(stm32h7xx_hal_rcc_ex.o)
                                                  ../../libdaisy/build\libdaisy.a(stm32h7xx_hal_sai.o)
HAL_RCCEx_KerWakeUpStopCLKConfig                  ../../libdaisy/build\libdaisy.a(stm32h7xx_hal_rcc_ex.o)
HAL_RCCEx_PeriphCLKConfig                         ../../libdaisy/build\libdaisy.a(stm32h7xx_hal_rcc_ex.o)
                                                  ../../libdaisy/build\libdaisy.a(dsy_system.o)
HAL_RCCEx_WWDGxSysResetConfig                     ../../libdaisy/build\libdaisy.a(stm32h7xx_hal_rcc_ex.o)
HAL_RCCEx_WakeUpStopCLKConfig                     ../../libdaisy/build\libdaisy.a(stm32h7xx_hal_rcc_ex.o)
HAL_RCC_CSSCallback                               ../../libdaisy/build\libdaisy.a(stm32h7xx_hal_rcc.o)
HAL_RCC_ClockConfig                               ../../libdaisy/build\libdaisy.a(stm32h7xx_hal_rcc.o)
                                                  ../../libdaisy/build\libdaisy.a(dsy_system.o)
HAL_RCC_DeInit                                    ../../libdaisy/build\libdaisy.a(stm32h7xx_hal_rcc.o)
HAL_RCC_DisableCSS                                ../../libdaisy/build\libdaisy.a(stm32h7xx_hal_rcc.o)
HAL_RCC_EnableCSS                                 ../../libdaisy/build\libdaisy.a(stm32h7xx_hal_rcc.o)
HAL_RCC_GetClockConfig                            ../../libdaisy/build\libdaisy.a(stm32h7xx_hal_rcc.o)
HAL_RCC_GetHCLKFreq                               ../../libdaisy/build\libdaisy.a(stm32h7xx_hal_rcc.o)
                                                  ../../libdaisy/build\libdaisy.a(stm32h7xx_hal_rcc_ex.o)
HAL_RCC_GetOscConfig                              ../../libdaisy/build\libdaisy.a(stm32h7xx_hal_rcc.o)
HAL_RCC_GetPCLK1Freq                              ../../libdaisy/build\libdaisy.a(stm32h7xx_hal_rcc.o)
HAL_RCC_GetPCLK2Freq                              ../../libdaisy/build\libdaisy.a(stm32h7xx_hal_rcc.o)
HAL_RCC_GetSysClockFreq                           ../../libdaisy/build\libdaisy.a(stm32h7xx_hal_rcc.o)
                                                  ../../libdaisy/build\libdaisy.a(stm32h7xx_hal.o)
                                                  ../../libdaisy/build\libdaisy.a(stm32h7xx_hal_rcc_ex.o)
HAL_RCC_MCOConfig                                 ../../libdaisy/build\libdaisy.a(stm32h7xx_hal_rcc.o)
HAL_RCC_NMI_IRQHandler                            ../../libdaisy/build\libdaisy.a(stm32h7xx_hal_rcc.o)
HAL_RCC_OscConfig                                 ../../libdaisy/build\libdaisy.a(stm32h7xx_hal_rcc.o)
                                                  ../../libdaisy/build\libdaisy.a(dsy_system.o)
HAL_ResumeTick                                    ../../libdaisy/build\libdaisy.a(stm32h7xx_hal.o)
HAL_SAI_Abort                                     ../../libdaisy/build\libdaisy.a(stm32h7xx_hal_sai.o)
HAL_SAI_DMAPause                                  ../../libdaisy/build\libdaisy.a(stm32h7xx_hal_sai.o)
HAL_SAI_DMAResume                                 ../../libdaisy/build\libdaisy.a(stm32h7xx_hal_sai.o)
HAL_SAI_DMAStop                                   ../../libdaisy/build\libdaisy.a(stm32h7xx_hal_sai.o)
                                                  ../../libdaisy/build\libdaisy.a(dsy_audio.o)
HAL_SAI_DeInit                                    ../../libdaisy/build\libdaisy.a(stm32h7xx_hal_sai.o)
HAL_SAI_DisableRxMuteMode                         ../../libdaisy/build\libdaisy.a(stm32h7xx_hal_sai.o)
HAL_SAI_DisableTxMuteMode                         ../../libdaisy/build\libdaisy.a(stm32h7xx_hal_sai.o)
HAL_SAI_EnableRxMuteMode                          ../../libdaisy/build\libdaisy.a(stm32h7xx_hal_sai.o)
HAL_SAI_EnableTxMuteMode                          ../../libdaisy/build\libdaisy.a(stm32h7xx_hal_sai.o)
HAL_SAI_ErrorCallback                             ../../libdaisy/build\libdaisy.a(stm32h7xx_hal_sai.o)
HAL_SAI_GetError                                  ../../libdaisy/build\libdaisy.a(stm32h7xx_hal_sai.o)
HAL_SAI_GetState                                  ../../libdaisy/build\libdaisy.a(stm32h7xx_hal_sai.o)
HAL_SAI_IRQHandler                                ../../libdaisy/build\libdaisy.a(stm32h7xx_hal_sai.o)
HAL_SAI_Init                                      ../../libdaisy/build\libdaisy.a(stm32h7xx_hal_sai.o)
HAL_SAI_InitProtocol                              ../../libdaisy/build\libdaisy.a(stm32h7xx_hal_sai.o)
                                                  ../../libdaisy/build\libdaisy.a(sai.o)
HAL_SAI_MspDeInit                                 ../../libdaisy/build\libdaisy.a(sai.o)
HAL_SAI_MspInit                                   ../../libdaisy/build\libdaisy.a(sai.o)
HAL_SAI_Receive                                   ../../libdaisy/build\libdaisy.a(stm32h7xx_hal_sai.o)
HAL_SAI_Receive_DMA                               ../../libdaisy/build\libdaisy.a(stm32h7xx_hal_sai.o)
                                                  ../../libdaisy/build\libdaisy.a(dsy_audio.o)
HAL_SAI_Receive_IT                                ../../libdaisy/build\libdaisy.a(stm32h7xx_hal_sai.o)
HAL_SAI_RxCpltCallback                            ../../libdaisy/build\libdaisy.a(dsy_audio.o)
HAL_SAI_RxHalfCpltCallback                        ../../libdaisy/build\libdaisy.a(dsy_audio.o)
HAL_SAI_Transmit                                  ../../libdaisy/build\libdaisy.a(stm32h7xx_hal_sai.o)
HAL_SAI_Transmit_DMA                              ../../libdaisy/build\libdaisy.a(stm32h7xx_hal_sai.o)
                                                  ../../libdaisy/build\libdaisy.a(dsy_audio.o)
HAL_SAI_Transmit_IT                               ../../libdaisy/build\libdaisy.a(stm32h7xx_hal_sai.o)
HAL_SAI_TxCpltCallback                            ../../libdaisy/build\libdaisy.a(stm32h7xx_hal_sai.o)
HAL_SAI_TxHalfCpltCallback                        ../../libdaisy/build\libdaisy.a(stm32h7xx_hal_sai.o)
HAL_SYSCFG_AnalogSwitchConfig                     ../../libdaisy/build\libdaisy.a(stm32h7xx_hal.o)
HAL_SYSCFG_CM7BootAddConfig                       ../../libdaisy/build\libdaisy.a(stm32h7xx_hal.o)
HAL_SYSCFG_CompensationCodeConfig                 ../../libdaisy/build\libdaisy.a(stm32h7xx_hal.o)
HAL_SYSCFG_CompensationCodeSelect                 ../../libdaisy/build\libdaisy.a(stm32h7xx_hal.o)
HAL_SYSCFG_DisableBOOST                           ../../libdaisy/build\libdaisy.a(stm32h7xx_hal.o)
HAL_SYSCFG_DisableIOSpeedOptimize                 ../../libdaisy/build\libdaisy.a(stm32h7xx_hal.o)
HAL_SYSCFG_DisableVREFBUF                         ../../libdaisy/build\libdaisy.a(stm32h7xx_hal.o)
HAL_SYSCFG_ETHInterfaceSelect                     ../../libdaisy/build\libdaisy.a(stm32h7xx_hal.o)
HAL_SYSCFG_EnableBOOST                            ../../libdaisy/build\libdaisy.a(stm32h7xx_hal.o)
HAL_SYSCFG_EnableIOSpeedOptimize                  ../../libdaisy/build\libdaisy.a(stm32h7xx_hal.o)
HAL_SYSCFG_EnableVREFBUF                          ../../libdaisy/build\libdaisy.a(stm32h7xx_hal.o)
HAL_SYSCFG_VREFBUF_HighImpedanceConfig            ../../libdaisy/build\libdaisy.a(stm32h7xx_hal.o)
HAL_SYSCFG_VREFBUF_TrimmingConfig                 ../../libdaisy/build\libdaisy.a(stm32h7xx_hal.o)
HAL_SYSCFG_VREFBUF_VoltageScalingConfig           ../../libdaisy/build\libdaisy.a(stm32h7xx_hal.o)
HAL_SYSTICK_CLKSourceConfig                       ../../libdaisy/build\libdaisy.a(stm32h7xx_hal_cortex.o)
HAL_SYSTICK_Callback                              ../../libdaisy/build\libdaisy.a(stm32h7xx_hal_cortex.o)
HAL_SYSTICK_Config                                ../../libdaisy/build\libdaisy.a(stm32h7xx_hal_cortex.o)
                                                  ../../libdaisy/build\libdaisy.a(stm32h7xx_hal.o)
HAL_SYSTICK_IRQHandler                            ../../libdaisy/build\libdaisy.a(stm32h7xx_hal_cortex.o)
                                                  ../../libdaisy/build\libdaisy.a(dsy_system.o)
HAL_SetFMCMemorySwappingConfig                    ../../libdaisy/build\libdaisy.a(stm32h7xx_hal.o)
HAL_SetTickFreq                                   ../../libdaisy/build\libdaisy.a(stm32h7xx_hal.o)
HAL_SuspendTick                                   ../../libdaisy/build\libdaisy.a(stm32h7xx_hal.o)
HASH_RNG_IRQHandler                               build/startup_stm32h750xx.o
HRTIM1_FLT_IRQHandler                             build/startup_stm32h750xx.o
HRTIM1_Master_IRQHandler                          build/startup_stm32h750xx.o
HRTIM1_TIMA_IRQHandler                            build/startup_stm32h750xx.o
HRTIM1_TIMB_IRQHandler                            build/startup_stm32h750xx.o
HRTIM1_TIMC_IRQHandler                            build/startup_stm32h750xx.o
HRTIM1_TIMD_IRQHandler                            build/startup_stm32h750xx.o
HRTIM1_TIME_IRQHandler                            build/startup_stm32h750xx.o
HSEM1_IRQHandler                                  build/startup_stm32h750xx.o
HardFault_Handler                                 build/startup_stm32h750xx.o
I2C1_ER_IRQHandler                                build/startup_stm32h750xx.o
I2C1_EV_IRQHandler                                build/startup_stm32h750xx.o
I2C2_ER_IRQHandler                                build/startup_stm32h750xx.o
I2C2_EV_IRQHandler                                build/startup_stm32h750xx.o
I2C3_ER_IRQHandler                                build/startup_stm32h750xx.o
I2C3_EV_IRQHandler                                build/startup_stm32h750xx.o
I2C4_ER_IRQHandler                                build/startup_stm32h750xx.o
I2C4_EV_IRQHandler                                build/startup_stm32h750xx.o
JPEG_IRQHandler                                   build/startup_stm32h750xx.o
LPTIM1_IRQHandler                                 build/startup_stm32h750xx.o
LPTIM2_IRQHandler                                 build/startup_stm32h750xx.o
LPTIM3_IRQHandler                                 build/startup_stm32h750xx.o
LPTIM4_IRQHandler                                 build/startup_stm32h750xx.o
LPTIM5_IRQHandler                                 build/startup_stm32h750xx.o
LPUART1_IRQHandler                                build/startup_stm32h750xx.o
LTDC_ER_IRQHandler                                build/startup_stm32h750xx.o
LTDC_IRQHandler                                   build/startup_stm32h750xx.o
MDIOS_IRQHandler                                  build/startup_stm32h750xx.o
MDIOS_WKUP_IRQHandler                             build/startup_stm32h750xx.o
MDMA_IRQHandler                                   build/startup_stm32h750xx.o
MemManage_Handler                                 build/startup_stm32h750xx.o
NMI_Handler                                       build/startup_stm32h750xx.o
OTG_FS_EP1_IN_IRQHandler                          build/startup_stm32h750xx.o
OTG_FS_EP1_OUT_IRQHandler                         build/startup_stm32h750xx.o
OTG_FS_IRQHandler                                 build/startup_stm32h750xx.o
OTG_FS_WKUP_IRQHandler                            build/startup_stm32h750xx.o
OTG_HS_EP1_IN_IRQHandler                          build/startup_stm32h750xx.o
OTG_HS_EP1_OUT_IRQHandler                         build/startup_stm32h750xx.o
OTG_HS_IRQHandler                                 build/startup_stm32h750xx.o
OTG_HS_WKUP_IRQHandler                            build/startup_stm32h750xx.o
PVD_AVD_IRQHandler                                build/startup_stm32h750xx.o
PendSV_Handler                                    build/startup_stm32h750xx.o
QUADSPI_IRQHandler                                build/startup_stm32h750xx.o
RCC_IRQHandler                                    build/startup_stm32h750xx.o
RTC_Alarm_IRQHandler                              build/startup_stm32h750xx.o
RTC_WKUP_IRQHandler                               build/startup_stm32h750xx.o
Reset_Handler                                     build/startup_stm32h750xx.o
SAI1_IRQHandler                                   build/startup_stm32h750xx.o
SAI2_IRQHandler                                   build/startup_stm32h750xx.o
SAI3_IRQHandler                                   build/startup_stm32h750xx.o
SAI4_IRQHandler                                   build/startup_stm32h750xx.o
SDMMC1_IRQHandler                                 build/startup_stm32h750xx.o
SDMMC2_IRQHandler                                 build/startup_stm32h750xx.o
SPDIF_RX_IRQHandler                               build/startup_stm32h750xx.o
SPI1_IRQHandler                                   build/startup_stm32h750xx.o
SPI2_IRQHandler                                   build/startup_stm32h750xx.o
SPI3_IRQHandler                                   build/startup_stm32h750xx.o
SPI4_IRQHandler                                   build/startup_stm32h750xx.o
SPI5_IRQHandler                                   build/startup_stm32h750xx.o
SPI6_IRQHandler                                   build/startup_stm32h750xx.o
SVC_Handler                                       build/startup_stm32h750xx.o
SWPMI1_IRQHandler                                 build/startup_stm32h750xx.o
SysTick_Handler                                   ../../libdaisy/build\libdaisy.a(dsy_system.o)
                                                  build/startup_stm32h750xx.o
SystemCoreClock                                   build/system_stm32h7xx.o
                                                  ../../libdaisy/build\libdaisy.a(stm32h7xx_hal.o)
                                                  ../../libdaisy/build\libdaisy.a(stm32h7xx_hal_dma.o)
                                                  ../../libdaisy/build\libdaisy.a(stm32h7xx_hal_rcc_ex.o)
                                                  ../../libdaisy/build\libdaisy.a(stm32h7xx_hal_rcc.o)
                                                  ../../libdaisy/build\libdaisy.a(stm32h7xx_hal_sai.o)
SystemCoreClockUpdate                             build/system_stm32h7xx.o
SystemD2Clock                                     build/system_stm32h7xx.o
                                                  ../../libdaisy/build\libdaisy.a(stm32h7xx_hal.o)
                                                  ../../libdaisy/build\libdaisy.a(stm32h7xx_hal_rcc.o)
SystemInit                                        build/system_stm32h7xx.o
                                                  build/startup_stm32h750xx.o
TAMP_STAMP_IRQHandler                             build/startup_stm32h750xx.o
TIM15_IRQHandler                                  build/startup_stm32h750xx.o
TIM16_IRQHandler                                  build/startup_stm32h750xx.o
TIM17_IRQHandler                                  build/startup_stm32h750xx.o
TIM1_BRK_IRQHandler                               build/startup_stm32h750xx.o
TIM1_CC_IRQHandler                                build/startup_stm32h750xx.o
TIM1_TRG_COM_IRQHandler                           build/startup_stm32h750xx.o
TIM1_UP_IRQHandler                                build/startup_stm32h750xx.o
TIM2_IRQHandler                                   build/startup_stm32h750xx.o
TIM3_IRQHandler                                   build/startup_stm32h750xx.o
TIM4_IRQHandler                                   build/startup_stm32h750xx.o
TIM5_IRQHandler                                   build/startup_stm32h750xx.o
TIM6_DAC_IRQHandler                               build/startup_stm32h750xx.o
TIM7_IRQHandler                                   build/startup_stm32h750xx.o
TIM8_BRK_TIM12_IRQHandler                         build/startup_stm32h750xx.o
TIM8_CC_IRQHandler                                build/startup_stm32h750xx.o
TIM8_TRG_COM_TIM14_IRQHandler                     build/startup_stm32h750xx.o
TIM8_UP_TIM13_IRQHandler                          build/startup_stm32h750xx.o
UART4_IRQHandler                                  build/startup_stm32h750xx.o
UART5_IRQHandler                                  build/startup_stm32h750xx.o
UART7_IRQHandler                                  build/startup_stm32h750xx.o
UART8_IRQHandler                                  build/startup_stm32h750xx.o
USART1_IRQHandler                                 build/startup_stm32h750xx.o
USART2_IRQHandler                                 build/startup_stm32h750xx.o
USART3_IRQHandler                                 build/startup_stm32h750xx.o
USART6_IRQHandler                                 build/startup_stm32h750xx.o
UsageFault_Handler                                build/startup_stm32h750xx.o
WAKEUP_PIN_IRQHandler                             build/startup_stm32h750xx.o
WWDG_IRQHandler                                   build/startup_stm32h750xx.o
__bss_end__                                       c:/program files (x86)/gnu tools arm embedded/8 2019-q3-update/bin/../lib/gcc/arm-none-eabi/8.3.1/../../../../arm-none-eabi/lib/thumb/v7e-m+dp/hard/crt0.o
__bss_start__                                     c:/program files (x86)/gnu tools arm embedded/8 2019-q3-update/bin/../lib/gcc/arm-none-eabi/8.3.1/../../../../arm-none-eabi/lib/thumb/v7e-m+dp/hard/crt0.o
__call_exitprocs                                  c:/program files (x86)/gnu tools arm embedded/8 2019-q3-update/bin/../lib/gcc/arm-none-eabi/8.3.1/../../../../arm-none-eabi/lib/thumb/v7e-m+dp/hard\libc_nano.a(lib_a-exit.o)
__deregister_frame_info                           c:/program files (x86)/gnu tools arm embedded/8 2019-q3-update/bin/../lib/gcc/arm-none-eabi/8.3.1/thumb/v7e-m+dp/hard/crtbegin.o
__dso_handle                                      c:/program files (x86)/gnu tools arm embedded/8 2019-q3-update/bin/../lib/gcc/arm-none-eabi/8.3.1/thumb/v7e-m+dp/hard/crtbegin.o
__init_array_end                                  c:/program files (x86)/gnu tools arm embedded/8 2019-q3-update/bin/../lib/gcc/arm-none-eabi/8.3.1/../../../../arm-none-eabi/lib/thumb/v7e-m+dp/hard\libc_nano.a(lib_a-init.o)
__init_array_start                                c:/program files (x86)/gnu tools arm embedded/8 2019-q3-update/bin/../lib/gcc/arm-none-eabi/8.3.1/../../../../arm-none-eabi/lib/thumb/v7e-m+dp/hard\libc_nano.a(lib_a-init.o)
__libc_fini_array                                 c:/program files (x86)/gnu tools arm embedded/8 2019-q3-update/bin/../lib/gcc/arm-none-eabi/8.3.1/../../../../arm-none-eabi/lib/thumb/v7e-m+dp/hard/crt0.o
__libc_init_array                                 c:/program files (x86)/gnu tools arm embedded/8 2019-q3-update/bin/../lib/gcc/arm-none-eabi/8.3.1/../../../../arm-none-eabi/lib/thumb/v7e-m+dp/hard\libc_nano.a(lib_a-init.o)
                                                  build/startup_stm32h750xx.o
                                                  c:/program files (x86)/gnu tools arm embedded/8 2019-q3-update/bin/../lib/gcc/arm-none-eabi/8.3.1/../../../../arm-none-eabi/lib/thumb/v7e-m+dp/hard/crt0.o
__preinit_array_end                               c:/program files (x86)/gnu tools arm embedded/8 2019-q3-update/bin/../lib/gcc/arm-none-eabi/8.3.1/../../../../arm-none-eabi/lib/thumb/v7e-m+dp/hard\libc_nano.a(lib_a-init.o)
__preinit_array_start                             c:/program files (x86)/gnu tools arm embedded/8 2019-q3-update/bin/../lib/gcc/arm-none-eabi/8.3.1/../../../../arm-none-eabi/lib/thumb/v7e-m+dp/hard\libc_nano.a(lib_a-init.o)
__register_frame_info                             c:/program files (x86)/gnu tools arm embedded/8 2019-q3-update/bin/../lib/gcc/arm-none-eabi/8.3.1/thumb/v7e-m+dp/hard/crtbegin.o
__sf_fake_stderr                                  c:/program files (x86)/gnu tools arm embedded/8 2019-q3-update/bin/../lib/gcc/arm-none-eabi/8.3.1/../../../../arm-none-eabi/lib/thumb/v7e-m+dp/hard\libc_nano.a(lib_a-impure.o)
__sf_fake_stdin                                   c:/program files (x86)/gnu tools arm embedded/8 2019-q3-update/bin/../lib/gcc/arm-none-eabi/8.3.1/../../../../arm-none-eabi/lib/thumb/v7e-m+dp/hard\libc_nano.a(lib_a-impure.o)
__sf_fake_stdout                                  c:/program files (x86)/gnu tools arm embedded/8 2019-q3-update/bin/../lib/gcc/arm-none-eabi/8.3.1/../../../../arm-none-eabi/lib/thumb/v7e-m+dp/hard\libc_nano.a(lib_a-impure.o)
__stack                                           c:/program files (x86)/gnu tools arm embedded/8 2019-q3-update/bin/../lib/gcc/arm-none-eabi/8.3.1/../../../../arm-none-eabi/lib/thumb/v7e-m+dp/hard/crt0.o
_ebss                                             build/startup_stm32h750xx.o
_edata                                            build/startup_stm32h750xx.o
_estack                                           build/startup_stm32h750xx.o
_exit                                             c:/program files (x86)/gnu tools arm embedded/8 2019-q3-update/bin/../lib/gcc/arm-none-eabi/8.3.1/../../../../arm-none-eabi/lib/thumb/v7e-m+dp/hard\libnosys.a(_exit.o)
                                                  c:/program files (x86)/gnu tools arm embedded/8 2019-q3-update/bin/../lib/gcc/arm-none-eabi/8.3.1/../../../../arm-none-eabi/lib/thumb/v7e-m+dp/hard\libc_nano.a(lib_a-exit.o)
_fini                                             c:/program files (x86)/gnu tools arm embedded/8 2019-q3-update/bin/../lib/gcc/arm-none-eabi/8.3.1/thumb/v7e-m+dp/hard/crti.o
_global_impure_ptr                                c:/program files (x86)/gnu tools arm embedded/8 2019-q3-update/bin/../lib/gcc/arm-none-eabi/8.3.1/../../../../arm-none-eabi/lib/thumb/v7e-m+dp/hard\libc_nano.a(lib_a-impure.o)
                                                  c:/program files (x86)/gnu tools arm embedded/8 2019-q3-update/bin/../lib/gcc/arm-none-eabi/8.3.1/../../../../arm-none-eabi/lib/thumb/v7e-m+dp/hard\libc_nano.a(lib_a-exit.o)
_impure_ptr                                       c:/program files (x86)/gnu tools arm embedded/8 2019-q3-update/bin/../lib/gcc/arm-none-eabi/8.3.1/../../../../arm-none-eabi/lib/thumb/v7e-m+dp/hard\libc_nano.a(lib_a-impure.o)
_init                                             c:/program files (x86)/gnu tools arm embedded/8 2019-q3-update/bin/../lib/gcc/arm-none-eabi/8.3.1/thumb/v7e-m+dp/hard/crti.o
                                                  c:/program files (x86)/gnu tools arm embedded/8 2019-q3-update/bin/../lib/gcc/arm-none-eabi/8.3.1/../../../../arm-none-eabi/lib/thumb/v7e-m+dp/hard\libc_nano.a(lib_a-init.o)
_mainCRTStartup                                   c:/program files (x86)/gnu tools arm embedded/8 2019-q3-update/bin/../lib/gcc/arm-none-eabi/8.3.1/../../../../arm-none-eabi/lib/thumb/v7e-m+dp/hard/crt0.o
_sbss                                             build/startup_stm32h750xx.o
_sdata                                            build/startup_stm32h750xx.o
_sidata                                           build/startup_stm32h750xx.o
_start                                            c:/program files (x86)/gnu tools arm embedded/8 2019-q3-update/bin/../lib/gcc/arm-none-eabi/8.3.1/../../../../arm-none-eabi/lib/thumb/v7e-m+dp/hard/crt0.o
atexit                                            c:/program files (x86)/gnu tools arm embedded/8 2019-q3-update/bin/../lib/gcc/arm-none-eabi/8.3.1/../../../../arm-none-eabi/lib/thumb/v7e-m+dp/hard/crt0.o
audio_stop                                        ../../libdaisy/build\libdaisy.a(dsy_audio.o)
codec_handle                                      ../../libdaisy/build\libdaisy.a(codec_wm8731.o)
codec_pcm3060_init                                ../../libdaisy/build\libdaisy.a(codec_pcm3060.o)