Archive member included to satisfy reference by file (symbol)

../../libdaisy/build\libdaisy.a(dsy_adc.o)
                              build/svf.o (dsy_adc_init)
../../libdaisy/build\libdaisy.a(dsy_audio.o)
                              build/svf.o (dsy_audio_init)
../../libdaisy/build\libdaisy.a(dsy_qspi.o)
                              build/svf.o (dsy_qspi_init)
../../libdaisy/build\libdaisy.a(dsy_sdram.o)
                              build/svf.o (dsy_sdram_init)
../../libdaisy/build\libdaisy.a(dsy_system.o)
                              build/svf.o (dsy_system_init)
../../libdaisy/build\libdaisy.a(i2c.o)
                              ../../libdaisy/build\libdaisy.a(dsy_audio.o) (dsy_i2c1_init)
../../libdaisy/build\libdaisy.a(sai.o)
                              ../../libdaisy/build\libdaisy.a(dsy_audio.o) (dsy_sai1_init)
../../libdaisy/build\libdaisy.a(stm32h7xx_hal_adc.o)
                              ../../libdaisy/build\libdaisy.a(dsy_adc.o) (HAL_ADC_ConfigChannel)
../../libdaisy/build\libdaisy.a(stm32h7xx_hal_adc_ex.o)
                              ../../libdaisy/build\libdaisy.a(stm32h7xx_hal_adc.o) (HAL_ADCEx_InjectedConvCpltCallback)
../../libdaisy/build\libdaisy.a(stm32h7xx_hal_cortex.o)
                              ../../libdaisy/build\libdaisy.a(dsy_qspi.o) (HAL_NVIC_SetPriority)
../../libdaisy/build\libdaisy.a(stm32h7xx_hal_sdram.o)
                              ../../libdaisy/build\libdaisy.a(dsy_sdram.o) (HAL_SDRAM_Init)
../../libdaisy/build\libdaisy.a(stm32h7xx_hal_i2c.o)
                              ../../libdaisy/build\libdaisy.a(i2c.o) (HAL_I2C_Init)
../../libdaisy/build\libdaisy.a(stm32h7xx_hal_i2c_ex.o)
                              ../../libdaisy/build\libdaisy.a(i2c.o) (HAL_I2CEx_ConfigAnalogFilter)
../../libdaisy/build\libdaisy.a(stm32h7xx_hal_qspi.o)
                              ../../libdaisy/build\libdaisy.a(dsy_qspi.o) (HAL_QSPI_Init)
../../libdaisy/build\libdaisy.a(stm32h7xx_hal_sai.o)
                              ../../libdaisy/build\libdaisy.a(sai.o) (HAL_SAI_InitProtocol)
../../libdaisy/build\libdaisy.a(stm32h7xx_hal_rcc.o)
                              ../../libdaisy/build\libdaisy.a(dsy_system.o) (HAL_RCC_OscConfig)
../../libdaisy/build\libdaisy.a(stm32h7xx_hal_rcc_ex.o)
                              ../../libdaisy/build\libdaisy.a(dsy_system.o) (HAL_RCCEx_PeriphCLKConfig)
../../libdaisy/build\libdaisy.a(stm32h7xx_hal_gpio.o)
                              ../../libdaisy/build\libdaisy.a(dsy_adc.o) (HAL_GPIO_Init)
../../libdaisy/build\libdaisy.a(stm32h7xx_hal_dma.o)
                              ../../libdaisy/build\libdaisy.a(dsy_adc.o) (HAL_DMA_Init)
../../libdaisy/build\libdaisy.a(stm32h7xx_hal_mdma.o)
                              ../../libdaisy/build\libdaisy.a(stm32h7xx_hal_sdram.o) (HAL_MDMA_Start_IT)
../../libdaisy/build\libdaisy.a(stm32h7xx_hal_pwr_ex.o)
                              ../../libdaisy/build\libdaisy.a(dsy_system.o) (HAL_PWREx_ConfigSupply)
../../libdaisy/build\libdaisy.a(stm32h7xx_hal.o)
                              ../../libdaisy/build\libdaisy.a(stm32h7xx_hal_rcc.o) (HAL_InitTick)
../../libdaisy/build\libdaisy.a(codec_pcm3060.o)
                              ../../libdaisy/build\libdaisy.a(dsy_audio.o) (codec_pcm3060_init)
../../libdaisy/build\libdaisy.a(codec_wm8731.o)
                              ../../libdaisy/build\libdaisy.a(dsy_audio.o) (codec_wm8731_init)
../../libdaisy/build\libdaisy.a(dma.o)
                              ../../libdaisy/build\libdaisy.a(dsy_system.o) (dsy_dma_init)
../../libdaisy/build\libdaisy.a(stm32h7xx_ll_fmc.o)
                              ../../libdaisy/build\libdaisy.a(stm32h7xx_hal_sdram.o) (FMC_SDRAM_Init)
../../libdaisy/build\libdaisy.a(stm32h7xx_hal_pwr.o)
                              ../../libdaisy/build\libdaisy.a(stm32h7xx_hal_pwr_ex.o) (HAL_PWR_PVDCallback)
../../daisysp/build\libdaisysp.a(dsy_svf.o)
                              build/svf.o (dsy_svf_init)
c:/program files (x86)/gnu tools arm embedded/8 2019-q3-update/bin/../lib/gcc/arm-none-eabi/8.3.1/../../../../arm-none-eabi/lib/thumb/v7e-m+dp/hard\libc_nano.a(lib_a-exit.o)
                              c:/program files (x86)/gnu tools arm embedded/8 2019-q3-update/bin/../lib/gcc/arm-none-eabi/8.3.1/../../../../arm-none-eabi/lib/thumb/v7e-m+dp/hard/crt0.o (exit)
c:/program files (x86)/gnu tools arm embedded/8 2019-q3-update/bin/../lib/gcc/arm-none-eabi/8.3.1/../../../../arm-none-eabi/lib/thumb/v7e-m+dp/hard\libc_nano.a(lib_a-impure.o)
                              c:/program files (x86)/gnu tools arm embedded/8 2019-q3-update/bin/../lib/gcc/arm-none-eabi/8.3.1/../../../../arm-none-eabi/lib/thumb/v7e-m+dp/hard\libc_nano.a(lib_a-exit.o) (_global_impure_ptr)
c:/program files (x86)/gnu tools arm embedded/8 2019-q3-update/bin/../lib/gcc/arm-none-eabi/8.3.1/../../../../arm-none-eabi/lib/thumb/v7e-m+dp/hard\libc_nano.a(lib_a-init.o)
[...]
Memory Configuration

Name             Origin             Length             Attributes
FLASH            0x08000000         0x00020000         xr
DTCMRAM          0x20000000         0x00020000         xrw
SRAM             0x24000000         0x00080000         xrw
RAM_D2           0x30000000         0x00048000         xrw
RAM_D3           0x38000000         0x00010000         xrw
ITCMRAM          0x00000000         0x00010000         xrw
SDRAM            0xc0000000         0x04000000         xrw
*default*        0x00000000         0xffffffff

Linker script and memory map

LOAD c:/program files (x86)/gnu tools arm embedded/8 2019-q3-update/bin/../lib/gcc/arm-none-eabi/8.3.1/thumb/v7e-m+dp/hard/crti.o
LOAD c:/program files (x86)/gnu tools arm embedded/8 2019-q3-update/bin/../lib/gcc/arm-none-eabi/8.3.1/thumb/v7e-m+dp/hard/crtbegin.o
LOAD c:/program files (x86)/gnu tools arm embedded/8 2019-q3-update/bin/../lib/gcc/arm-none-eabi/8.3.1/../../../../arm-none-eabi/lib/thumb/v7e-m+dp/hard/crt0.o
LOAD build/svf.o
LOAD build/system_stm32h7xx.o
LOAD build/startup_stm32h750xx.o
LOAD ../../libdaisy/build\libdaisy.a
LOAD ../../daisysp/build\libdaisysp.a
LOAD c:/program files (x86)/gnu tools arm embedded/8 2019-q3-update/bin/../lib/gcc/arm-none-eabi/8.3.1/../../../../arm-none-eabi/lib/thumb/v7e-m+dp/hard\libc_nano.a
LOAD c:/program files (x86)/gnu tools arm embedded/8 2019-q3-update/bin/../lib/gcc/arm-none-eabi/8.3.1/../../../../arm-none-eabi/lib/thumb/v7e-m+dp/hard\libm.a
LOAD c:/program files (x86)/gnu tools arm embedded/8 2019-q3-update/bin/../lib/gcc/arm-none-eabi/8.3.1/../../../../arm-none-eabi/lib/thumb/v7e-m+dp/hard\libnosys.a
START GROUP
LOAD c:/program files (x86)/gnu tools arm embedded/8 2019-q3-update/bin/../lib/gcc/arm-none-eabi/8.3.1/thumb/v7e-m+dp/hard\libgcc.a
LOAD c:/program files (x86)/gnu tools arm embedded/8 2019-q3-update/bin/../lib/gcc/arm-none-eabi/8.3.1/../../../../arm-none-eabi/lib/thumb/v7e-m+dp/hard\libc_nano.a
END GROUP
START GROUP
LOAD c:/program files (x86)/gnu tools arm embedded/8 2019-q3-update/bin/../lib/gcc/arm-none-eabi/8.3.1/thumb/v7e-m+dp/hard\libgcc.a
LOAD c:/program files (x86)/gnu tools arm embedded/8 2019-q3-update/bin/../lib/gcc/arm-none-eabi/8.3.1/../../../../arm-none-eabi/lib/thumb/v7e-m+dp/hard\libc_nano.a
END GROUP
LOAD c:/program files (x86)/gnu tools arm embedded/8 2019-q3-update/bin/../lib/gcc/arm-none-eabi/8.3.1/thumb/v7e-m+dp/hard/crtend.o
LOAD c:/program files (x86)/gnu tools arm embedded/8 2019-q3-update/bin/../lib/gcc/arm-none-eabi/8.3.1/thumb/v7e-m+dp/hard/crtn.o
                0x20020000                _estack = 0x20020000

.isr_vector     0x08000000      0x298
                0x08000000                . = ALIGN (0x4)
 *(.isr_vector)
 .isr_vector    0x08000000      0x298 build/startup_stm32h750xx.o
                0x08000000                g_pfnVectors
                0x08000298                . = ALIGN (0x4)

.eh_frame       0x08000298        0x0
 .eh_frame      0x08000298        0x0 c:/program files (x86)/gnu tools arm embedded/8 2019-q3-update/bin/../lib/gcc/arm-none-eabi/8.3.1/thumb/v7e-m+dp/hard/crtbegin.o

.text           0x08000298     0x8348
                0x08000298                . = ALIGN (0x4)
                0x08000298                _stext = .
 *(.text)
 .text          0x08000298       0x40 c:/program files (x86)/gnu tools arm embedded/8 2019-q3-update/bin/../lib/gcc/arm-none-eabi/8.3.1/thumb/v7e-m+dp/hard/crtbegin.o
 .text          0x080002d8      0x378 c:/program files (x86)/gnu tools arm embedded/8 2019-q3-update/bin/../lib/gcc/arm-none-eabi/8.3.1/thumb/v7e-m+dp/hard\libgcc.a(_arm_addsubdf3.o)
                0x080002d8                __aeabi_drsub
                0x080002e0                __aeabi_dsub
                0x080002e0                __subdf3
                0x080002e4                __aeabi_dadd
                0x080002e4                __adddf3
                0x0800055c                __floatunsidf
                0x0800055c                __aeabi_ui2d
                0x0800057c                __floatsidf
                0x0800057c                __aeabi_i2d
                0x080005a0                __aeabi_f2d
                0x080005a0                __extendsfdf2
                0x080005e4                __floatundidf
                0x080005e4                __aeabi_ul2d
                0x080005f4                __floatdidf
                0x080005f4                __aeabi_l2d
 *(.text*)
 .text.audioCallback
                0x08000650       0x88 build/svf.o
 .text.daisy_seed_init
                0x080006d8      0x1f8 build/svf.o
                0x080006d8                daisy_seed_init
 .text.startup.main
                0x080008d0       0x38 build/svf.o
                0x080008d0                main
 .text.SystemInit
                0x08000908       0x80 build/system_stm32h7xx.o
                0x08000908                SystemInit
 .text.Reset_Handler
                0x08000988       0x50 build/startup_stm32h750xx.o
                0x08000988                Reset_Handler
 .text.Default_Handler
                0x080009d8        0x2 build/startup_stm32h750xx.o
                0x080009d8                RTC_Alarm_IRQHandler
                0x080009d8                HASH_RNG_IRQHandler
                0x080009d8                EXTI2_IRQHandler
                0x080009d8                TIM8_CC_IRQHandler
                0x080009d8                HRTIM1_Master_IRQHandler
                0x080009d8                DebugMon_Handler
                0x080009d8                UART8_IRQHandler
                0x080009d8                SPI4_IRQHandler
                0x080009d8                TIM1_CC_IRQHandler
                0x080009d8                BDMA_Channel6_IRQHandler
                0x080009d8                DMA2_Stream5_IRQHandler
                0x080009d8                HardFault_Handler
                0x080009d8                HRTIM1_FLT_IRQHandler
                0x080009d8                JPEG_IRQHandler
                0x080009d8                DMA1_Stream5_IRQHandler
                0x080009d8                BDMA_Channel1_IRQHandler
                0x080009d8                HRTIM1_TIMD_IRQHandler
                0x080009d8                TAMP_STAMP_IRQHandler
                0x080009d8                PendSV_Handler
                0x080009d8                NMI_Handler
                0x080009d8                EXTI3_IRQHandler
                0x080009d8                LPTIM4_IRQHandler
                0x080009d8                TIM8_TRG_COM_TIM14_IRQHandler
                0x080009d8                LPTIM2_IRQHandler
                0x080009d8                DFSDM1_FLT1_IRQHandler
                0x080009d8                DMAMUX2_OVR_IRQHandler
                0x080009d8                TIM8_UP_TIM13_IRQHandler
                0x080009d8                I2C3_ER_IRQHandler
                0x080009d8                DFSDM1_FLT2_IRQHandler
                0x080009d8                MDMA_IRQHandler
                0x080009d8                LPTIM3_IRQHandler
                0x080009d8                HSEM1_IRQHandler
                0x080009d8                EXTI0_IRQHandler
                0x080009d8                I2C2_EV_IRQHandler
                0x080009d8                FPU_IRQHandler
                0x080009d8                OTG_HS_WKUP_IRQHandler
                0x080009d8                FDCAN1_IT1_IRQHandler
                0x080009d8                UsageFault_Handler
                0x080009d8                LTDC_ER_IRQHandler
                0x080009d8                DMA2_Stream2_IRQHandler
                0x080009d8                HRTIM1_TIME_IRQHandler
                0x080009d8                SPI1_IRQHandler
                0x080009d8                TIM6_DAC_IRQHandler
                0x080009d8                DCMI_IRQHandler
                0x080009d8                HRTIM1_TIMC_IRQHandler
                0x080009d8                DMA2_Stream3_IRQHandler
                0x080009d8                SAI2_IRQHandler
                0x080009d8                DFSDM1_FLT3_IRQHandler
                0x080009d8                USART6_IRQHandler
                0x080009d8                TIM17_IRQHandler
                0x080009d8                USART3_IRQHandler
                0x080009d8                BDMA_Channel7_IRQHandler
                0x080009d8                CRYP_IRQHandler
                0x080009d8                LPTIM5_IRQHandler
                0x080009d8                UART5_IRQHandler
                0x080009d8                ADC3_IRQHandler
                0x080009d8                DMA2_Stream0_IRQHandler
                0x080009d8                TIM4_IRQHandler
                0x080009d8                BDMA_Channel2_IRQHandler
                0x080009d8                I2C1_EV_IRQHandler
                0x080009d8                DMA1_Stream6_IRQHandler
                0x080009d8                DMAMUX1_OVR_IRQHandler
                0x080009d8                TIM16_IRQHandler
                0x080009d8                UART4_IRQHandler
                0x080009d8                BDMA_Channel5_IRQHandler
                0x080009d8                TIM3_IRQHandler
                0x080009d8                RCC_IRQHandler
                0x080009d8                TIM8_BRK_TIM12_IRQHandler
                0x080009d8                TIM1_TRG_COM_IRQHandler
                0x080009d8                Default_Handler
                0x080009d8                ECC_IRQHandler
                0x080009d8                CEC_IRQHandler
                0x080009d8                EXTI15_10_IRQHandler
                0x080009d8                BDMA_Channel0_IRQHandler
                0x080009d8                ADC_IRQHandler
                0x080009d8                DMA1_Stream7_IRQHandler
                0x080009d8                HRTIM1_TIMA_IRQHandler
                0x080009d8                SPI5_IRQHandler
                0x080009d8                TIM7_IRQHandler
                0x080009d8                SDMMC1_IRQHandler
                0x080009d8                TIM5_IRQHandler
                0x080009d8                DMA2_Stream7_IRQHandler
                0x080009d8                TIM15_IRQHandler
                0x080009d8                PVD_AVD_IRQHandler
                0x080009d8                I2C3_EV_IRQHandler
                0x080009d8                EXTI9_5_IRQHandler
                0x080009d8                RTC_WKUP_IRQHandler
                0x080009d8                LTDC_IRQHandler
                0x080009d8                SAI3_IRQHandler
                0x080009d8                ETH_WKUP_IRQHandler
                0x080009d8                SPDIF_RX_IRQHandler
                0x080009d8                SPI2_IRQHandler
                0x080009d8                OTG_HS_EP1_IN_IRQHandler
                0x080009d8                MemManage_Handler
                0x080009d8                SVC_Handler
                0x080009d8                CRS_IRQHandler
                0x080009d8                EXTI4_IRQHandler
                0x080009d8                HRTIM1_TIMB_IRQHandler
                0x080009d8                FDCAN2_IT1_IRQHandler
                0x080009d8                ETH_IRQHandler
                0x080009d8                TIM1_UP_IRQHandler
                0x080009d8                BDMA_Channel4_IRQHandler
                0x080009d8                OTG_HS_EP1_OUT_IRQHandler
                0x080009d8                WWDG_IRQHandler
                0x080009d8                SPI6_IRQHandler
                0x080009d8                MDIOS_IRQHandler
                0x080009d8                I2C4_EV_IRQHandler
                0x080009d8                FDCAN2_IT0_IRQHandler
                0x080009d8                LPUART1_IRQHandler
                0x080009d8                FDCAN1_IT0_IRQHandler
                0x080009d8                TIM2_IRQHandler
                0x080009d8                OTG_FS_WKUP_IRQHandler
                0x080009d8                OTG_HS_IRQHandler
                0x080009d8                DMA2D_IRQHandler
                0x080009d8                TIM1_BRK_IRQHandler
                0x080009d8                EXTI1_IRQHandler
                0x080009d8                SDMMC2_IRQHandler
                0x080009d8                OTG_FS_EP1_OUT_IRQHandler
                0x080009d8                BDMA_Channel3_IRQHandler
                0x080009d8                UART7_IRQHandler
                0x080009d8                MDIOS_WKUP_IRQHandler
                0x080009d8                USART2_IRQHandler
                0x080009d8                DFSDM1_FLT0_IRQHandler
                0x080009d8                SAI4_IRQHandler
                0x080009d8                I2C2_ER_IRQHandler
                0x080009d8                DMA2_Stream1_IRQHandler
                0x080009d8                FLASH_IRQHandler
                0x080009d8                DMA2_Stream4_IRQHandler
                0x080009d8                BusFault_Handler
                0x080009d8                USART1_IRQHandler
                0x080009d8                OTG_FS_IRQHandler
                0x080009d8                SPI3_IRQHandler
                0x080009d8                WAKEUP_PIN_IRQHandler
                0x080009d8                OTG_FS_EP1_IN_IRQHandler
                0x080009d8                I2C1_ER_IRQHandler
                0x080009d8                FMC_IRQHandler
                0x080009d8                FDCAN_CAL_IRQHandler
                0x080009d8                SWPMI1_IRQHandler
                0x080009d8                COMP1_IRQHandler
                0x080009d8                LPTIM1_IRQHandler
                0x080009d8                I2C4_ER_IRQHandler
                0x080009d8                DMA2_Stream6_IRQHandler
                0x080009d8                SAI1_IRQHandler
 *fill*         0x080009da        0x6 
 .text.dsy_adc_init
                0x080009e0      0x148 ../../libdaisy/build\libdaisy.a(dsy_adc.o)
                0x080009e0                dsy_adc_init
 .text.dsy_adc_start
                0x08000b28       0x14 ../../libdaisy/build\libdaisy.a(dsy_adc.o)
                0x08000b28                dsy_adc_start
 .text.HAL_ADC_MspInit
                0x08000b3c       0xec ../../libdaisy/build\libdaisy.a(dsy_adc.o)
                0x08000b3c                HAL_ADC_MspInit
 .text.DMA1_Stream2_IRQHandler
                0x08000c28        0xc ../../libdaisy/build\libdaisy.a(dsy_adc.o)
                0x08000c28                DMA1_Stream2_IRQHandler
 .text.dsy_audio_passthru
                0x08000c34        0xc ../../libdaisy/build\libdaisy.a(dsy_audio.o)
                0x08000c34                dsy_audio_passthru
 .text.DMA1_Stream0_IRQHandler
                0x08000c40        0xc ../../libdaisy/build\libdaisy.a(dsy_audio.o)
                0x08000c40                DMA1_Stream0_IRQHandler
 .text.DMA1_Stream1_IRQHandler
                0x08000c4c        0xc ../../libdaisy/build\libdaisy.a(dsy_audio.o)
                0x08000c4c                DMA1_Stream1_IRQHandler
 .text.DMA1_Stream3_IRQHandler
                0x08000c58        0xc ../../libdaisy/build\libdaisy.a(dsy_audio.o)
                0x08000c58                DMA1_Stream3_IRQHandler
 .text.DMA1_Stream4_IRQHandler
                0x08000c64        0xc ../../libdaisy/build\libdaisy.a(dsy_audio.o)
                0x08000c64                DMA1_Stream4_IRQHandler
 .text.dsy_audio_init
                0x08000c70      0x148 ../../libdaisy/build\libdaisy.a(dsy_audio.o)
                0x08000c70                dsy_audio_init
 .text.dsy_audio_set_callback
                0x08000db8       0x18 ../../libdaisy/build\libdaisy.a(dsy_audio.o)
                0x08000db8                dsy_audio_set_callback
 .text.dsy_audio_start
                0x08000dd0       0x54 ../../libdaisy/build\libdaisy.a(dsy_audio.o)
                0x08000dd0                dsy_audio_start
 .text.HAL_SAI_RxHalfCpltCallback
                0x08000e24      0x160 ../../libdaisy/build\libdaisy.a(dsy_audio.o)
                0x08000e24                HAL_SAI_RxHalfCpltCallback
 .text.HAL_SAI_RxCpltCallback
                0x08000f84      0x16c ../../libdaisy/build\libdaisy.a(dsy_audio.o)
                0x08000f84                HAL_SAI_RxCpltCallback
 .text.dsy_qspi_init
                0x080010f0      0x398 ../../libdaisy/build\libdaisy.a(dsy_qspi.o)
                0x080010f0                dsy_qspi_init
 .text.HAL_QSPI_MspInit
                0x08001488      0x11c ../../libdaisy/build\libdaisy.a(dsy_qspi.o)
                0x08001488                HAL_QSPI_MspInit
 .text.HAL_QSPI_MspDeInit
                0x080015a4       0x64 ../../libdaisy/build\libdaisy.a(dsy_qspi.o)
                0x080015a4                HAL_QSPI_MspDeInit
 .text.QUADSPI_IRQHandler
                0x08001608        0xc ../../libdaisy/build\libdaisy.a(dsy_qspi.o)
                0x08001608                QUADSPI_IRQHandler
 .text.dsy_sdram_init
                0x08001614      0x110 ../../libdaisy/build\libdaisy.a(dsy_sdram.o)
                0x08001614                dsy_sdram_init
 .text.HAL_SDRAM_MspInit
                0x08001724      0x1e4 ../../libdaisy/build\libdaisy.a(dsy_sdram.o)
                0x08001724                HAL_SDRAM_MspInit
 .text.SystemClock_Config
                0x08001908      0x178 ../../libdaisy/build\libdaisy.a(dsy_system.o)
 .text.SysTick_Handler
                0x08001a80       0x10 ../../libdaisy/build\libdaisy.a(dsy_system.o)
                0x08001a80                SysTick_Handler
 .text.dsy_system_init
                0x08001a90       0x40 ../../libdaisy/build\libdaisy.a(dsy_system.o)
                0x08001a90                dsy_system_init
 .text.dsy_i2c1_init
                0x08001ad0       0x4c ../../libdaisy/build\libdaisy.a(i2c.o)
                0x08001ad0                dsy_i2c1_init
 .text.dsy_i2c2_init
                0x08001b1c       0x4c ../../libdaisy/build\libdaisy.a(i2c.o)
                0x08001b1c                dsy_i2c2_init
 .text.HAL_I2C_MspInit
                0x08001b68      0x104 ../../libdaisy/build\libdaisy.a(i2c.o)
                0x08001b68                HAL_I2C_MspInit
 .text.dsy_sai1_init
                0x08001c6c       0x88 ../../libdaisy/build\libdaisy.a(sai.o)
                0x08001c6c                dsy_sai1_init
 .text.dsy_sai2_init
                0x08001cf4       0x80 ../../libdaisy/build\libdaisy.a(sai.o)
                0x08001cf4                dsy_sai2_init
 .text.HAL_SAI_MspInit
                0x08001d74      0x3d8 ../../libdaisy/build\libdaisy.a(sai.o)
                0x08001d74                HAL_SAI_MspInit
 .text.HAL_ADC_ConvCpltCallback
                0x0800214c        0x4 ../../libdaisy/build\libdaisy.a(stm32h7xx_hal_adc.o)
                0x0800214c                HAL_ADC_ConvCpltCallback
 .text.HAL_ADC_ConvHalfCpltCallback
                0x08002150        0x4 ../../libdaisy/build\libdaisy.a(stm32h7xx_hal_adc.o)
                0x08002150                HAL_ADC_ConvHalfCpltCallback
 .text.ADC_DMAHalfConvCplt
                0x08002154        0xc ../../libdaisy/build\libdaisy.a(stm32h7xx_hal_adc.o)
                0x08002154                ADC_DMAHalfConvCplt
 .text.HAL_ADC_ErrorCallback
                0x08002160        0x4 ../../libdaisy/build\libdaisy.a(stm32h7xx_hal_adc.o)
                0x08002160                HAL_ADC_ErrorCallback
 .text.ADC_DMAConvCplt
                0x08002164       0x6c ../../libdaisy/build\libdaisy.a(stm32h7xx_hal_adc.o)
                0x08002164                ADC_DMAConvCplt
 .text.ADC_DMAError
                0x080021d0       0x1c ../../libdaisy/build\libdaisy.a(stm32h7xx_hal_adc.o)
                0x080021d0                ADC_DMAError
 .text.HAL_ADC_ConfigChannel
                0x080021ec      0x3cc ../../libdaisy/build\libdaisy.a(stm32h7xx_hal_adc.o)
                0x080021ec                HAL_ADC_ConfigChannel
 .text.ADC_Enable
                0x080025b8       0xb8 ../../libdaisy/build\libdaisy.a(stm32h7xx_hal_adc.o)
                0x080025b8                ADC_Enable
 .text.HAL_ADC_Start_DMA
                0x08002670      0x114 ../../libdaisy/build\libdaisy.a(stm32h7xx_hal_adc.o)
                0x08002670                HAL_ADC_Start_DMA
 .text.ADC_ConfigureBoostMode
                0x08002784      0x17c ../../libdaisy/build\libdaisy.a(stm32h7xx_hal_adc.o)
                0x08002784                ADC_ConfigureBoostMode
 .text.HAL_ADC_Init
                0x08002900      0x218 ../../libdaisy/build\libdaisy.a(stm32h7xx_hal_adc.o)
                0x08002900                HAL_ADC_Init
 .text.HAL_ADCEx_MultiModeConfigChannel
                0x08002b18       0xc4 ../../libdaisy/build\libdaisy.a(stm32h7xx_hal_adc_ex.o)
                0x08002b18                HAL_ADCEx_MultiModeConfigChannel
 .text.HAL_NVIC_SetPriorityGrouping
                0x08002bdc       0x28 ../../libdaisy/build\libdaisy.a(stm32h7xx_hal_cortex.o)
                0x08002bdc                HAL_NVIC_SetPriorityGrouping
 .text.HAL_NVIC_SetPriority
                0x08002c04       0x6c ../../libdaisy/build\libdaisy.a(stm32h7xx_hal_cortex.o)
                0x08002c04                HAL_NVIC_SetPriority
 .text.HAL_NVIC_EnableIRQ
                0x08002c70       0x1c ../../libdaisy/build\libdaisy.a(stm32h7xx_hal_cortex.o)
                0x08002c70                HAL_NVIC_EnableIRQ
 .text.HAL_NVIC_DisableIRQ
                0x08002c8c       0x28 ../../libdaisy/build\libdaisy.a(stm32h7xx_hal_cortex.o)
                0x08002c8c                HAL_NVIC_DisableIRQ
 .text.HAL_SYSTICK_Config
                0x08002cb4       0x30 ../../libdaisy/build\libdaisy.a(stm32h7xx_hal_cortex.o)
                0x08002cb4                HAL_SYSTICK_Config
 .text.HAL_SYSTICK_Callback
                0x08002ce4        0x4 ../../libdaisy/build\libdaisy.a(stm32h7xx_hal_cortex.o)
                0x08002ce4                HAL_SYSTICK_Callback
 .text.HAL_SYSTICK_IRQHandler
                0x08002ce8        0x8 ../../libdaisy/build\libdaisy.a(stm32h7xx_hal_cortex.o)
                0x08002ce8                HAL_SYSTICK_IRQHandler
 .text.HAL_SDRAM_Init
                0x08002cf0       0x54 ../../libdaisy/build\libdaisy.a(stm32h7xx_hal_sdram.o)
                0x08002cf0                HAL_SDRAM_Init
 .text.HAL_SDRAM_SendCommand
                0x08002d44       0x4c ../../libdaisy/build\libdaisy.a(stm32h7xx_hal_sdram.o)
                0x08002d44                HAL_SDRAM_SendCommand
 .text.HAL_SDRAM_ProgramRefreshRate
                0x08002d90       0x34 ../../libdaisy/build\libdaisy.a(stm32h7xx_hal_sdram.o)
                0x08002d90                HAL_SDRAM_ProgramRefreshRate
 .text.I2C_WaitOnTXISFlagUntilTimeout
                0x08002dc4       0xc8 ../../libdaisy/build\libdaisy.a(stm32h7xx_hal_i2c.o)
 .text.I2C_WaitOnSTOPFlagUntilTimeout
                0x08002e8c       0xb4 ../../libdaisy/build\libdaisy.a(stm32h7xx_hal_i2c.o)
 .text.HAL_I2C_Init
                0x08002f40       0xa8 ../../libdaisy/build\libdaisy.a(stm32h7xx_hal_i2c.o)
                0x08002f40                HAL_I2C_Init
 .text.HAL_I2C_Master_Transmit
                0x08002fe8      0x1b4 ../../libdaisy/build\libdaisy.a(stm32h7xx_hal_i2c.o)
                0x08002fe8                HAL_I2C_Master_Transmit
 .text.HAL_I2CEx_ConfigAnalogFilter
                0x0800319c       0x54 ../../libdaisy/build\libdaisy.a(stm32h7xx_hal_i2c_ex.o)
                0x0800319c                HAL_I2CEx_ConfigAnalogFilter
 .text.HAL_I2CEx_ConfigDigitalFilter
                0x080031f0       0x50 ../../libdaisy/build\libdaisy.a(stm32h7xx_hal_i2c_ex.o)
                0x080031f0                HAL_I2CEx_ConfigDigitalFilter
 .text.QSPI_Config
                0x08003240      0x1a0 ../../libdaisy/build\libdaisy.a(stm32h7xx_hal_qspi.o)
 .text.HAL_QSPI_Init
                0x080033e0       0xd8 ../../libdaisy/build\libdaisy.a(stm32h7xx_hal_qspi.o)
                0x080033e0                HAL_QSPI_Init
 .text.HAL_QSPI_DeInit
                0x080034b8       0x3c ../../libdaisy/build\libdaisy.a(stm32h7xx_hal_qspi.o)
                0x080034b8                HAL_QSPI_DeInit
 .text.HAL_QSPI_Command
                0x080034f4       0xd4 ../../libdaisy/build\libdaisy.a(stm32h7xx_hal_qspi.o)
                0x080034f4                HAL_QSPI_Command
 .text.HAL_QSPI_Transmit
                0x080035c8      0x11c ../../libdaisy/build\libdaisy.a(stm32h7xx_hal_qspi.o)
                0x080035c8                HAL_QSPI_Transmit
 .text.HAL_QSPI_Receive
                0x080036e4      0x11c ../../libdaisy/build\libdaisy.a(stm32h7xx_hal_qspi.o)
                0x080036e4                HAL_QSPI_Receive
 .text.HAL_QSPI_AutoPolling
                0x08003800       0xe0 ../../libdaisy/build\libdaisy.a(stm32h7xx_hal_qspi.o)
                0x08003800                HAL_QSPI_AutoPolling
 .text.HAL_QSPI_MemoryMapped
                0x080038e0       0xb8 ../../libdaisy/build\libdaisy.a(stm32h7xx_hal_qspi.o)
                0x080038e0                HAL_QSPI_MemoryMapped
 .text.HAL_QSPI_ErrorCallback
                0x08003998        0x4 ../../libdaisy/build\libdaisy.a(stm32h7xx_hal_qspi.o)
                0x08003998                HAL_QSPI_ErrorCallback
 .text.QSPI_DMAAbortCplt
                0x0800399c       0x38 ../../libdaisy/build\libdaisy.a(stm32h7xx_hal_qspi.o)
 .text.HAL_QSPI_AbortCpltCallback
                0x080039d4        0x4 ../../libdaisy/build\libdaisy.a(stm32h7xx_hal_qspi.o)
                0x080039d4                HAL_QSPI_AbortCpltCallback
 .text.HAL_QSPI_CmdCpltCallback
                0x080039d8        0x4 ../../libdaisy/build\libdaisy.a(stm32h7xx_hal_qspi.o)
                0x080039d8                HAL_QSPI_CmdCpltCallback
 .text.HAL_QSPI_RxCpltCallback
                0x080039dc        0x4 ../../libdaisy/build\libdaisy.a(stm32h7xx_hal_qspi.o)
                0x080039dc                HAL_QSPI_RxCpltCallback
 .text.HAL_QSPI_TxCpltCallback
                0x080039e0        0x4 ../../libdaisy/build\libdaisy.a(stm32h7xx_hal_qspi.o)
                0x080039e0                HAL_QSPI_TxCpltCallback
 .text.HAL_QSPI_FifoThresholdCallback
                0x080039e4        0x4 ../../libdaisy/build\libdaisy.a(stm32h7xx_hal_qspi.o)
                0x080039e4                HAL_QSPI_FifoThresholdCallback
 .text.HAL_QSPI_StatusMatchCallback
                0x080039e8        0x4 ../../libdaisy/build\libdaisy.a(stm32h7xx_hal_qspi.o)
                0x080039e8                HAL_QSPI_StatusMatchCallback
 .text.HAL_QSPI_TimeOutCallback
                0x080039ec        0x4 ../../libdaisy/build\libdaisy.a(stm32h7xx_hal_qspi.o)
                0x080039ec                HAL_QSPI_TimeOutCallback
 .text.HAL_QSPI_IRQHandler
                0x080039f0      0x21c ../../libdaisy/build\libdaisy.a(stm32h7xx_hal_qspi.o)
                0x080039f0                HAL_QSPI_IRQHandler
 .text.HAL_QSPI_GetFifoThreshold
                0x08003c0c        0xc ../../libdaisy/build\libdaisy.a(stm32h7xx_hal_qspi.o)
                0x08003c0c                HAL_QSPI_GetFifoThreshold
 .text.HAL_SAI_Init
                0x08003c18      0x39c ../../libdaisy/build\libdaisy.a(stm32h7xx_hal_sai.o)
                0x08003c18                HAL_SAI_Init
 .text.HAL_SAI_InitProtocol
                0x08003fb4      0x154 ../../libdaisy/build\libdaisy.a(stm32h7xx_hal_sai.o)
                0x08003fb4                HAL_SAI_InitProtocol
 .text.HAL_SAI_Transmit_DMA
                0x08004108      0x134 ../../libdaisy/build\libdaisy.a(stm32h7xx_hal_sai.o)
                0x08004108                HAL_SAI_Transmit_DMA
 .text.HAL_SAI_Receive_DMA
                0x0800423c       0xdc ../../libdaisy/build\libdaisy.a(stm32h7xx_hal_sai.o)
                0x0800423c                HAL_SAI_Receive_DMA
 .text.HAL_SAI_TxCpltCallback
                0x08004318        0x4 ../../libdaisy/build\libdaisy.a(stm32h7xx_hal_sai.o)
                0x08004318                HAL_SAI_TxCpltCallback
 .text.SAI_DMATxCplt
                0x0800431c       0x60 ../../libdaisy/build\libdaisy.a(stm32h7xx_hal_sai.o)
 .text.HAL_SAI_TxHalfCpltCallback
                0x0800437c        0x4 ../../libdaisy/build\libdaisy.a(stm32h7xx_hal_sai.o)
                0x0800437c                HAL_SAI_TxHalfCpltCallback
 .text.SAI_DMATxHalfCplt
                0x08004380        0xc ../../libdaisy/build\libdaisy.a(stm32h7xx_hal_sai.o)
 .text.SAI_DMARxCplt
                0x0800438c       0x60 ../../libdaisy/build\libdaisy.a(stm32h7xx_hal_sai.o)
 .text.SAI_DMARxHalfCplt
                0x080043ec        0xc ../../libdaisy/build\libdaisy.a(stm32h7xx_hal_sai.o)
 .text.HAL_SAI_ErrorCallback
                0x080043f8        0x4 ../../libdaisy/build\libdaisy.a(stm32h7xx_hal_sai.o)
                0x080043f8                HAL_SAI_ErrorCallback
 .text.SAI_DMAError
                0x080043fc       0x7c ../../libdaisy/build\libdaisy.a(stm32h7xx_hal_sai.o)
 .text.HAL_RCC_OscConfig
                0x08004478      0x548 ../../libdaisy/build\libdaisy.a(stm32h7xx_hal_rcc.o)
                0x08004478                HAL_RCC_OscConfig
 .text.HAL_RCC_GetSysClockFreq
                0x080049c0      0x118 ../../libdaisy/build\libdaisy.a(stm32h7xx_hal_rcc.o)
                0x080049c0                HAL_RCC_GetSysClockFreq
 .text.HAL_RCC_ClockConfig
                0x08004ad8      0x22c ../../libdaisy/build\libdaisy.a(stm32h7xx_hal_rcc.o)
                0x08004ad8                HAL_RCC_ClockConfig
 .text.HAL_RCC_GetHCLKFreq
                0x08004d04       0x2c ../../libdaisy/build\libdaisy.a(stm32h7xx_hal_rcc.o)
                0x08004d04                HAL_RCC_GetHCLKFreq
 .text.RCCEx_PLL2_Config
                0x08004d30       0xf8 ../../libdaisy/build\libdaisy.a(stm32h7xx_hal_rcc_ex.o)
 .text.RCCEx_PLL3_Config
                0x08004e28       0xf8 ../../libdaisy/build\libdaisy.a(stm32h7xx_hal_rcc_ex.o)
 .text.HAL_RCCEx_PeriphCLKConfig
                0x08004f20      0xa88 ../../libdaisy/build\libdaisy.a(stm32h7xx_hal_rcc_ex.o)
                0x08004f20                HAL_RCCEx_PeriphCLKConfig
 .text.HAL_RCCEx_GetPLL2ClockFreq
                0x080059a8      0x130 ../../libdaisy/build\libdaisy.a(stm32h7xx_hal_rcc_ex.o)
                0x080059a8                HAL_RCCEx_GetPLL2ClockFreq
 .text.HAL_RCCEx_GetPLL3ClockFreq
                0x08005ad8      0x130 ../../libdaisy/build\libdaisy.a(stm32h7xx_hal_rcc_ex.o)
                0x08005ad8                HAL_RCCEx_GetPLL3ClockFreq
 .text.HAL_RCCEx_GetPLL1ClockFreq
                0x08005c08      0x130 ../../libdaisy/build\libdaisy.a(stm32h7xx_hal_rcc_ex.o)
                0x08005c08                HAL_RCCEx_GetPLL1ClockFreq
 .text.HAL_RCCEx_GetPeriphCLKFreq
                0x08005d38      0x198 ../../libdaisy/build\libdaisy.a(stm32h7xx_hal_rcc_ex.o)
                0x08005d38                HAL_RCCEx_GetPeriphCLKFreq
 .text.HAL_RCCEx_GetD1SysClockFreq
                0x08005ed0       0x2c ../../libdaisy/build\libdaisy.a(stm32h7xx_hal_rcc_ex.o)
                0x08005ed0                HAL_RCCEx_GetD1SysClockFreq
 .text.HAL_GPIO_Init
                0x08005efc      0x250 ../../libdaisy/build\libdaisy.a(stm32h7xx_hal_gpio.o)
                0x08005efc                HAL_GPIO_Init
 .text.HAL_GPIO_DeInit
                0x0800614c      0x198 ../../libdaisy/build\libdaisy.a(stm32h7xx_hal_gpio.o)
                0x0800614c                HAL_GPIO_DeInit
 .text.DMA_SetConfig
                0x080062e4      0x178 ../../libdaisy/build\libdaisy.a(stm32h7xx_hal_dma.o)
 .text.DMA_CalcBaseAndBitshift
                0x0800645c       0xf4 ../../libdaisy/build\libdaisy.a(stm32h7xx_hal_dma.o)
 .text.DMA_CalcDMAMUXChannelBaseAndMask
                0x08006550       0xdc ../../libdaisy/build\libdaisy.a(stm32h7xx_hal_dma.o)
 .text.HAL_DMA_Init
                0x0800662c      0x394 ../../libdaisy/build\libdaisy.a(stm32h7xx_hal_dma.o)
                0x0800662c                HAL_DMA_Init
 .text.HAL_DMA_Start_IT
                0x080069c0      0x170 ../../libdaisy/build\libdaisy.a(stm32h7xx_hal_dma.o)
                0x080069c0                HAL_DMA_Start_IT
 .text.HAL_DMA_IRQHandler
                0x08006b30      0x6b0 ../../libdaisy/build\libdaisy.a(stm32h7xx_hal_dma.o)
                0x08006b30                HAL_DMA_IRQHandler
 .text.HAL_DMA_GetError
                0x080071e0        0x4 ../../libdaisy/build\libdaisy.a(stm32h7xx_hal_dma.o)
                0x080071e0                HAL_DMA_GetError
 .text.HAL_MDMA_Abort_IT
                0x080071e4       0x2c ../../libdaisy/build\libdaisy.a(stm32h7xx_hal_mdma.o)
                0x080071e4                HAL_MDMA_Abort_IT
 .text.HAL_PWREx_ConfigSupply
                0x08007210       0x4c ../../libdaisy/build\libdaisy.a(stm32h7xx_hal_pwr_ex.o)
                0x08007210                HAL_PWREx_ConfigSupply
 .text.HAL_PWREx_EnableUSBVoltageDetector
                0x0800725c       0x10 ../../libdaisy/build\libdaisy.a(stm32h7xx_hal_pwr_ex.o)
                0x0800725c                HAL_PWREx_EnableUSBVoltageDetector
 .text.HAL_MspInit
                0x0800726c        0x4 ../../libdaisy/build\libdaisy.a(stm32h7xx_hal.o)
                0x0800726c                HAL_MspInit
 .text.HAL_InitTick
                0x08007270       0x4c ../../libdaisy/build\libdaisy.a(stm32h7xx_hal.o)
                0x08007270                HAL_InitTick
 .text.HAL_Init
                0x080072bc       0x5c ../../libdaisy/build\libdaisy.a(stm32h7xx_hal.o)
                0x080072bc                HAL_Init
 .text.HAL_IncTick
                0x08007318       0x18 ../../libdaisy/build\libdaisy.a(stm32h7xx_hal.o)
                0x08007318                HAL_IncTick
 .text.HAL_GetTick
                0x08007330        0xc ../../libdaisy/build\libdaisy.a(stm32h7xx_hal.o)
                0x08007330                HAL_GetTick
 .text.HAL_Delay
                0x0800733c       0x24 ../../libdaisy/build\libdaisy.a(stm32h7xx_hal.o)
                0x0800733c                HAL_Delay
 .text.HAL_GetREVID
                0x08007360        0xc ../../libdaisy/build\libdaisy.a(stm32h7xx_hal.o)
                0x08007360                HAL_GetREVID
 .text.codec_pcm3060_init
                0x0800736c       0x7c ../../libdaisy/build\libdaisy.a(codec_pcm3060.o)
                0x0800736c                codec_pcm3060_init
 .text.codec_wm8731_init
                0x080073e8      0x208 ../../libdaisy/build\libdaisy.a(codec_wm8731.o)
                0x080073e8                codec_wm8731_init
 .text.dsy_dma_init
                0x080075f0       0x78 ../../libdaisy/build\libdaisy.a(dma.o)
                0x080075f0                dsy_dma_init
 .text.FMC_SDRAM_Init
                0x08007668       0x78 ../../libdaisy/build\libdaisy.a(stm32h7xx_ll_fmc.o)
                0x08007668                FMC_SDRAM_Init
 .text.FMC_SDRAM_Timing_Init
                0x080076e0       0x84 ../../libdaisy/build\libdaisy.a(stm32h7xx_ll_fmc.o)
                0x080076e0                FMC_SDRAM_Timing_Init
 .text.FMC_SDRAM_SendCommand
                0x08007764       0x24 ../../libdaisy/build\libdaisy.a(stm32h7xx_ll_fmc.o)
                0x08007764                FMC_SDRAM_SendCommand
 .text.FMC_SDRAM_ProgramRefreshRate
                0x08007788       0x1c ../../libdaisy/build\libdaisy.a(stm32h7xx_ll_fmc.o)
                0x08007788                FMC_SDRAM_ProgramRefreshRate
 .text.dsy_svf_init
                0x080077a4       0x3c ../../daisysp/build\libdaisysp.a(dsy_svf.o)
                0x080077a4                dsy_svf_init
 .text.dsy_svf_process
                0x080077e0       0xc8 ../../daisysp/build\libdaisysp.a(dsy_svf.o)
                0x080077e0                dsy_svf_process
 .text.dsy_svf_set_fc
                0x080078a8       0xe8 ../../daisysp/build\libdaisysp.a(dsy_svf.o)
                0x080078a8                dsy_svf_set_fc
 .text.dsy_svf_set_res
                0x08007990       0xf8 ../../daisysp/build\libdaisysp.a(dsy_svf.o)
                0x08007990                dsy_svf_set_res
 .text.dsy_svf_set_drive
                0x08007a88       0x30 ../../daisysp/build\libdaisysp.a(dsy_svf.o)
                0x08007a88                dsy_svf_set_drive
 .text.dsy_svf_low
                0x08007ab8        0x8 ../../daisysp/build\libdaisysp.a(dsy_svf.o)
                0x08007ab8                dsy_svf_low
 .text.dsy_svf_high
                0x08007ac0        0x8 ../../daisysp/build\libdaisysp.a(dsy_svf.o)
                0x08007ac0                dsy_svf_high
 .text.__libc_init_array
                0x08007ac8       0x48 c:/program files (x86)/gnu tools arm embedded/8 2019-q3-update/bin/../lib/gcc/arm-none-eabi/8.3.1/../../../../arm-none-eabi/lib/thumb/v7e-m+dp/hard\libc_nano.a(lib_a-init.o)
                0x08007ac8                __libc_init_array
 .text.memcpy   0x08007b10       0x1c c:/program files (x86)/gnu tools arm embedded/8 2019-q3-update/bin/../lib/gcc/arm-none-eabi/8.3.1/../../../../arm-none-eabi/lib/thumb/v7e-m+dp/hard\libc_nano.a(lib_a-memcpy-stub.o)
                0x08007b10                memcpy
 .text.memset   0x08007b2c       0x10 c:/program files (x86)/gnu tools arm embedded/8 2019-q3-update/bin/../lib/gcc/arm-none-eabi/8.3.1/../../../../arm-none-eabi/lib/thumb/v7e-m+dp/hard\libc_nano.a(lib_a-memset.o)
                0x08007b2c                memset
 *fill*         0x08007b3c        0x4 
 .text.powf     0x08007b40      0x34c c:/program files (x86)/gnu tools arm embedded/8 2019-q3-update/bin/../lib/gcc/arm-none-eabi/8.3.1/../../../../arm-none-eabi/lib/thumb/v7e-m+dp/hard\libm.a(lib_a-sf_pow.o)
                0x08007b40                powf
 *fill*         0x08007e8c        0x4 
 .text.sinf     0x08007e90      0x214 c:/program files (x86)/gnu tools arm embedded/8 2019-q3-update/bin/../lib/gcc/arm-none-eabi/8.3.1/../../../../arm-none-eabi/lib/thumb/v7e-m+dp/hard\libm.a(lib_a-sinf.o)
                0x08007e90                sinf
 .text.with_errnof
                0x080080a4       0x1c c:/program files (x86)/gnu tools arm embedded/8 2019-q3-update/bin/../lib/gcc/arm-none-eabi/8.3.1/../../../../arm-none-eabi/lib/thumb/v7e-m+dp/hard\libm.a(lib_a-math_errf.o)
 .text.xflowf   0x080080c0       0x20 c:/program files (x86)/gnu tools arm embedded/8 2019-q3-update/bin/../lib/gcc/arm-none-eabi/8.3.1/../../../../arm-none-eabi/lib/thumb/v7e-m+dp/hard\libm.a(lib_a-math_errf.o)
 .text.__math_uflowf
                0x080080e0        0xc c:/program files (x86)/gnu tools arm embedded/8 2019-q3-update/bin/../lib/gcc/arm-none-eabi/8.3.1/../../../../arm-none-eabi/lib/thumb/v7e-m+dp/hard\libm.a(lib_a-math_errf.o)
                0x080080e0                __math_uflowf
 .text.__math_may_uflowf
                0x080080ec        0xc c:/program files (x86)/gnu tools arm embedded/8 2019-q3-update/bin/../lib/gcc/arm-none-eabi/8.3.1/../../../../arm-none-eabi/lib/thumb/v7e-m+dp/hard\libm.a(lib_a-math_errf.o)
                0x080080ec                __math_may_uflowf
 .text.__math_oflowf
                0x080080f8        0xc c:/program files (x86)/gnu tools arm embedded/8 2019-q3-update/bin/../lib/gcc/arm-none-eabi/8.3.1/../../../../arm-none-eabi/lib/thumb/v7e-m+dp/hard\libm.a(lib_a-math_errf.o)
                0x080080f8                __math_oflowf
 .text.__math_divzerof
                0x08008104       0x24 c:/program files (x86)/gnu tools arm embedded/8 2019-q3-update/bin/../lib/gcc/arm-none-eabi/8.3.1/../../../../arm-none-eabi/lib/thumb/v7e-m+dp/hard\libm.a(lib_a-math_errf.o)
                0x08008104                __math_divzerof
 .text.__math_invalidf
                0x08008128       0x20 c:/program files (x86)/gnu tools arm embedded/8 2019-q3-update/bin/../lib/gcc/arm-none-eabi/8.3.1/../../../../arm-none-eabi/lib/thumb/v7e-m+dp/hard\libm.a(lib_a-math_errf.o)
                0x08008128                __math_invalidf
 .text.__errno  0x08008148        0xc c:/program files (x86)/gnu tools arm embedded/8 2019-q3-update/bin/../lib/gcc/arm-none-eabi/8.3.1/../../../../arm-none-eabi/lib/thumb/v7e-m+dp/hard\libc_nano.a(lib_a-errno.o)
                0x08008148                __errno
 *(.rodata)
 *(.rodata*)
 .rodata.D1CorePrescTable
                0x08008154       0x10 build/system_stm32h7xx.o
                0x08008154                D1CorePrescTable
 .rodata.gpio_config_af
                0x08008164       0x18 ../../libdaisy/build\libdaisy.a(dsy_qspi.o)
 .rodata.gpio_config_pins
                0x0800817c       0x30 ../../libdaisy/build\libdaisy.a(dsy_qspi.o)
 .rodata.gpio_config_ports
                0x080081ac       0x60 ../../libdaisy/build\libdaisy.a(dsy_qspi.o)
 .rodata.flagBitshiftOffset.17833
                0x0800820c        0x8 ../../libdaisy/build\libdaisy.a(stm32h7xx_hal_dma.o)
 *fill*         0x08008214        0x4 
 .rodata.__powf_log2_data
                0x08008218      0x128 c:/program files (x86)/gnu tools arm embedded/8 2019-q3-update/bin/../lib/gcc/arm-none-eabi/8.3.1/../../../../arm-none-eabi/lib/thumb/v7e-m+dp/hard\libm.a(lib_a-sf_pow_log2_data.o)
                0x08008218                __powf_log2_data
 .rodata.__exp2f_data
                0x08008340      0x148 c:/program files (x86)/gnu tools arm embedded/8 2019-q3-update/bin/../lib/gcc/arm-none-eabi/8.3.1/../../../../arm-none-eabi/lib/thumb/v7e-m+dp/hard\libm.a(lib_a-sf_exp2_data.o)
                0x08008340                __exp2f_data
 .rodata.__inv_pio4
                0x08008488       0x60 c:/program files (x86)/gnu tools arm embedded/8 2019-q3-update/bin/../lib/gcc/arm-none-eabi/8.3.1/../../../../arm-none-eabi/lib/thumb/v7e-m+dp/hard\libm.a(lib_a-sincosf_data.o)
                0x08008488                __inv_pio4
 .rodata.__sincosf_table
                0x080084e8       0xe0 c:/program files (x86)/gnu tools arm embedded/8 2019-q3-update/bin/../lib/gcc/arm-none-eabi/8.3.1/../../../../arm-none-eabi/lib/thumb/v7e-m+dp/hard\libm.a(lib_a-sincosf_data.o)
                0x080084e8                __sincosf_table
 *(.glue_7)
 .glue_7        0x080085c8        0x0 linker stubs
 *(.glue_7t)
 .glue_7t       0x080085c8        0x0 linker stubs
 *(.init)
 .init          0x080085c8        0x4 c:/program files (x86)/gnu tools arm embedded/8 2019-q3-update/bin/../lib/gcc/arm-none-eabi/8.3.1/thumb/v7e-m+dp/hard/crti.o
                0x080085c8                _init
 .init          0x080085cc        0x8 c:/program files (x86)/gnu tools arm embedded/8 2019-q3-update/bin/../lib/gcc/arm-none-eabi/8.3.1/thumb/v7e-m+dp/hard/crtn.o
 *(.fini)
 .fini          0x080085d4        0x4 c:/program files (x86)/gnu tools arm embedded/8 2019-q3-update/bin/../lib/gcc/arm-none-eabi/8.3.1/thumb/v7e-m+dp/hard/crti.o
                0x080085d4                _fini
 .fini          0x080085d8        0x8 c:/program files (x86)/gnu tools arm embedded/8 2019-q3-update/bin/../lib/gcc/arm-none-eabi/8.3.1/thumb/v7e-m+dp/hard/crtn.o
                0x080085e0                . = ALIGN (0x4)
                0x080085e0                _etext = .

.vfp11_veneer   0x080085e0        0x0
 .vfp11_veneer  0x080085e0        0x0 linker stubs

.v4_bx          0x080085e0        0x0
 .v4_bx         0x080085e0        0x0 linker stubs

.iplt           0x080085e0        0x0
 .iplt          0x080085e0        0x0 c:/program files (x86)/gnu tools arm embedded/8 2019-q3-update/bin/../lib/gcc/arm-none-eabi/8.3.1/thumb/v7e-m+dp/hard/crtbegin.o

.rel.dyn        0x080085e0        0x0
 .rel.iplt      0x080085e0        0x0 c:/program files (x86)/gnu tools arm embedded/8 2019-q3-update/bin/../lib/gcc/arm-none-eabi/8.3.1/thumb/v7e-m+dp/hard/crtbegin.o

.ARM.extab      0x080085e0        0x0
                0x080085e0                . = ALIGN (0x4)
 *(.ARM.extab)
 *(.gnu.linkonce.armextab.*)
                0x080085e0                . = ALIGN (0x4)

.exidx          0x080085e0        0x0
                0x080085e0                . = ALIGN (0x4)
                [!provide]                PROVIDE (__exidx_start = .)
 *(.ARM.exidx*)
                0x080085e0                . = ALIGN (0x4)
                [!provide]                PROVIDE (__exidx_end = .)

.ARM.attributes
                0x080085e0       0x2e
 *(.ARM.attributes)
 .ARM.attributes
                0x080085e0       0x1e c:/program files (x86)/gnu tools arm embedded/8 2019-q3-update/bin/../lib/gcc/arm-none-eabi/8.3.1/thumb/v7e-m+dp/hard/crti.o
 .ARM.attributes
                0x080085fe       0x32 c:/program files (x86)/gnu tools arm embedded/8 2019-q3-update/bin/../lib/gcc/arm-none-eabi/8.3.1/thumb/v7e-m+dp/hard/crtbegin.o
 .ARM.attributes
                0x08008630       0x32 build/svf.o
 .ARM.attributes
                0x08008662       0x32 build/system_stm32h7xx.o
 .ARM.attributes
                0x08008694       0x21 build/startup_stm32h750xx.o
 .ARM.attributes
                0x080086b5       0x32 ../../libdaisy/build\libdaisy.a(dsy_adc.o)
 .ARM.attributes
                0x080086e7       0x32 ../../libdaisy/build\libdaisy.a(dsy_audio.o)
 .ARM.attributes
                0x08008719       0x32 ../../libdaisy/build\libdaisy.a(dsy_qspi.o)
 .ARM.attributes
                0x0800874b       0x32 ../../libdaisy/build\libdaisy.a(dsy_sdram.o)
 .ARM.attributes
                0x0800877d       0x32 ../../libdaisy/build\libdaisy.a(dsy_system.o)
 .ARM.attributes
                0x080087af       0x32 ../../libdaisy/build\libdaisy.a(i2c.o)
 .ARM.attributes
                0x080087e1       0x32 ../../libdaisy/build\libdaisy.a(sai.o)
 .ARM.attributes
                0x08008813       0x32 ../../libdaisy/build\libdaisy.a(stm32h7xx_hal_adc.o)
 .ARM.attributes
                0x08008845       0x32 ../../libdaisy/build\libdaisy.a(stm32h7xx_hal_adc_ex.o)
 .ARM.attributes
                0x08008877       0x32 ../../libdaisy/build\libdaisy.a(stm32h7xx_hal_cortex.o)
 .ARM.attributes
                0x080088a9       0x32 ../../libdaisy/build\libdaisy.a(stm32h7xx_hal_sdram.o)
 .ARM.attributes
                0x080088db       0x32 ../../libdaisy/build\libdaisy.a(stm32h7xx_hal_i2c.o)
 .ARM.attributes
                0x0800890d       0x32 ../../libdaisy/build\libdaisy.a(stm32h7xx_hal_i2c_ex.o)
 .ARM.attributes
                0x0800893f       0x32 ../../libdaisy/build\libdaisy.a(stm32h7xx_hal_qspi.o)
 .ARM.attributes
                0x08008971       0x32 ../../libdaisy/build\libdaisy.a(stm32h7xx_hal_sai.o)
 .ARM.attributes
                0x080089a3       0x32 ../../libdaisy/build\libdaisy.a(stm32h7xx_hal_rcc.o)
 .ARM.attributes
                0x080089d5       0x32 ../../libdaisy/build\libdaisy.a(stm32h7xx_hal_rcc_ex.o)
 .ARM.attributes
                0x08008a07       0x32 ../../libdaisy/build\libdaisy.a(stm32h7xx_hal_gpio.o)
 .ARM.attributes
                0x08008a39       0x32 ../../libdaisy/build\libdaisy.a(stm32h7xx_hal_dma.o)
 .ARM.attributes
                0x08008a6b       0x32 ../../libdaisy/build\libdaisy.a(stm32h7xx_hal_mdma.o)
 .ARM.attributes
                0x08008a9d       0x32 ../../libdaisy/build\libdaisy.a(stm32h7xx_hal_pwr_ex.o)
 .ARM.attributes
                0x08008acf       0x32 ../../libdaisy/build\libdaisy.a(stm32h7xx_hal.o)
 .ARM.attributes
                0x08008b01       0x32 ../../libdaisy/build\libdaisy.a(codec_pcm3060.o)
 .ARM.attributes
                0x08008b33       0x32 ../../libdaisy/build\libdaisy.a(codec_wm8731.o)
 .ARM.attributes
                0x08008b65       0x32 ../../libdaisy/build\libdaisy.a(dma.o)
 .ARM.attributes
                0x08008b97       0x32 ../../libdaisy/build\libdaisy.a(stm32h7xx_ll_fmc.o)
 .ARM.attributes
                0x08008bc9       0x32 ../../daisysp/build\libdaisysp.a(dsy_svf.o)
 .ARM.attributes
                0x08008bfb       0x30 c:/program files (x86)/gnu tools arm embedded/8 2019-q3-update/bin/../lib/gcc/arm-none-eabi/8.3.1/../../../../arm-none-eabi/lib/thumb/v7e-m+dp/hard\libc_nano.a(lib_a-impure.o)
 .ARM.attributes
                0x08008c2b       0x32 c:/program files (x86)/gnu tools arm embedded/8 2019-q3-update/bin/../lib/gcc/arm-none-eabi/8.3.1/../../../../arm-none-eabi/lib/thumb/v7e-m+dp/hard\libc_nano.a(lib_a-init.o)
 .ARM.attributes
                0x08008c5d       0x32 c:/program files (x86)/gnu tools arm embedded/8 2019-q3-update/bin/../lib/gcc/arm-none-eabi/8.3.1/../../../../arm-none-eabi/lib/thumb/v7e-m+dp/hard\libc_nano.a(lib_a-memcpy-stub.o)
 .ARM.attributes
                0x08008c8f       0x32 c:/program files (x86)/gnu tools arm embedded/8 2019-q3-update/bin/../lib/gcc/arm-none-eabi/8.3.1/../../../../arm-none-eabi/lib/thumb/v7e-m+dp/hard\libc_nano.a(lib_a-memset.o)
 .ARM.attributes
                0x08008cc1       0x32 c:/program files (x86)/gnu tools arm embedded/8 2019-q3-update/bin/../lib/gcc/arm-none-eabi/8.3.1/../../../../arm-none-eabi/lib/thumb/v7e-m+dp/hard\libm.a(lib_a-sf_pow.o)
 .ARM.attributes
                0x08008cf3       0x30 c:/program files (x86)/gnu tools arm embedded/8 2019-q3-update/bin/../lib/gcc/arm-none-eabi/8.3.1/../../../../arm-none-eabi/lib/thumb/v7e-m+dp/hard\libm.a(lib_a-sf_pow_log2_data.o)
 .ARM.attributes
                0x08008d23       0x32 c:/program files (x86)/gnu tools arm embedded/8 2019-q3-update/bin/../lib/gcc/arm-none-eabi/8.3.1/../../../../arm-none-eabi/lib/thumb/v7e-m+dp/hard\libm.a(lib_a-sinf.o)
 .ARM.attributes
                0x08008d55       0x32 c:/program files (x86)/gnu tools arm embedded/8 2019-q3-update/bin/../lib/gcc/arm-none-eabi/8.3.1/../../../../arm-none-eabi/lib/thumb/v7e-m+dp/hard\libm.a(lib_a-math_errf.o)
 .ARM.attributes
                0x08008d87       0x30 c:/program files (x86)/gnu tools arm embedded/8 2019-q3-update/bin/../lib/gcc/arm-none-eabi/8.3.1/../../../../arm-none-eabi/lib/thumb/v7e-m+dp/hard\libm.a(lib_a-sf_exp2_data.o)
 .ARM.attributes
                0x08008db7       0x30 c:/program files (x86)/gnu tools arm embedded/8 2019-q3-update/bin/../lib/gcc/arm-none-eabi/8.3.1/../../../../arm-none-eabi/lib/thumb/v7e-m+dp/hard\libm.a(lib_a-sincosf_data.o)
 .ARM.attributes
                0x08008de7       0x1e c:/program files (x86)/gnu tools arm embedded/8 2019-q3-update/bin/../lib/gcc/arm-none-eabi/8.3.1/thumb/v7e-m+dp/hard\libgcc.a(_arm_addsubdf3.o)
 .ARM.attributes
                0x08008e05       0x32 c:/program files (x86)/gnu tools arm embedded/8 2019-q3-update/bin/../lib/gcc/arm-none-eabi/8.3.1/../../../../arm-none-eabi/lib/thumb/v7e-m+dp/hard\libc_nano.a(lib_a-errno.o)
 .ARM.attributes
                0x08008e37       0x1e c:/program files (x86)/gnu tools arm embedded/8 2019-q3-update/bin/../lib/gcc/arm-none-eabi/8.3.1/thumb/v7e-m+dp/hard/crtn.o

.preinit_array  0x080085e0        0x0
                0x080085e0                PROVIDE (__preinit_array_start = .)
 *(.preinit_array*)
                0x080085e0                PROVIDE (__preinit_array_end = .)

.init_array     0x080085e0        0x4
                0x080085e0                PROVIDE (__init_array_start = .)
 *(SORT_BY_NAME(.init_array.*))
 *(.init_array*)
 .init_array    0x080085e0        0x4 c:/program files (x86)/gnu tools arm embedded/8 2019-q3-update/bin/../lib/gcc/arm-none-eabi/8.3.1/thumb/v7e-m+dp/hard/crtbegin.o
                0x080085e4                PROVIDE (__init_array_end = .)

.fini_array     0x080085e4        0x4
                [!provide]                PROVIDE (__fini_array_start = .)
 *(.fini_array*)
 .fini_array    0x080085e4        0x4 c:/program files (x86)/gnu tools arm embedded/8 2019-q3-update/bin/../lib/gcc/arm-none-eabi/8.3.1/thumb/v7e-m+dp/hard/crtbegin.o
 *(SORT_BY_NAME(.fini_array.*))
                [!provide]                PROVIDE (__fini_array_end = .)

.data           0x24000000       0x74 load address 0x080085e8
                0x24000000                . = ALIGN (0x4)
                0x24000000                _sdata = .
                [!provide]                PROVIDE (__data_start__ = _sdata)
 *(.data)
 *(.data*)
 .data.SystemCoreClock
                0x24000000        0x4 build/system_stm32h7xx.o
                0x24000000                SystemCoreClock
 .data.SystemD2Clock
                0x24000004        0x4 build/system_stm32h7xx.o
                0x24000004                SystemD2Clock
 .data.uwTickFreq
                0x24000008        0x1 ../../libdaisy/build\libdaisy.a(stm32h7xx_hal.o)
 *fill*         0x24000009        0x3 
 .data.uwTickPrio
                0x2400000c        0x4 ../../libdaisy/build\libdaisy.a(stm32h7xx_hal.o)
 .data._impure_ptr
                0x24000010        0x4 c:/program files (x86)/gnu tools arm embedded/8 2019-q3-update/bin/../lib/gcc/arm-none-eabi/8.3.1/../../../../arm-none-eabi/lib/thumb/v7e-m+dp/hard\libc_nano.a(lib_a-impure.o)
                0x24000010                _impure_ptr
 .data.impure_data
                0x24000014       0x60 c:/program files (x86)/gnu tools arm embedded/8 2019-q3-update/bin/../lib/gcc/arm-none-eabi/8.3.1/../../../../arm-none-eabi/lib/thumb/v7e-m+dp/hard\libc_nano.a(lib_a-impure.o)
                0x24000074                . = ALIGN (0x4)
                0x24000074                _edata = .
                [!provide]                PROVIDE (__data_end__ = _edata)
                0x080085e8                _sidata = LOADADDR (.data)

.igot.plt       0x24000074        0x0 load address 0x0800865c
 .igot.plt      0x24000074        0x0 c:/program files (x86)/gnu tools arm embedded/8 2019-q3-update/bin/../lib/gcc/arm-none-eabi/8.3.1/thumb/v7e-m+dp/hard/crtbegin.o

.bss            0x24000078     0x1074 load address 0x0800865c
                0x24000078                . = ALIGN (0x4)
                0x24000078                _sbss = .
                0x24000078                PROVIDE (__bss_start__ = _sbss)
 *(.bss)
 .bss           0x24000078       0x1c c:/program files (x86)/gnu tools arm embedded/8 2019-q3-update/bin/../lib/gcc/arm-none-eabi/8.3.1/thumb/v7e-m+dp/hard/crtbegin.o
 *(.bss*)
 .bss.filter    0x24000094       0x44 build/svf.o
 .bss.seed      0x240000d8       0x6a build/svf.o
 *fill*         0x24000142        0x2 
 .bss.dsy_adc_handle
                0x24000144       0x12 ../../libdaisy/build\libdaisy.a(dsy_adc.o)
 *fill*         0x24000156        0x2 
 .bss.audio_handle
                0x24000158      0x494 ../../libdaisy/build\libdaisy.a(dsy_audio.o)
 .bss.audio_handle_ext
                0x240005ec      0x494 ../../libdaisy/build\libdaisy.a(dsy_audio.o)
 .bss.dsy_qspi_handle
                0x24000a80       0x50 ../../libdaisy/build\libdaisy.a(dsy_qspi.o)
 .bss.FMC_Initialized
                0x24000ad0        0x4 ../../libdaisy/build\libdaisy.a(dsy_sdram.o)
 *fill*         0x24000ad4        0x4 
 .bss.dsy_sdram
                0x24000ad8       0x38 ../../libdaisy/build\libdaisy.a(dsy_sdram.o)
 .bss.i2c_handler
                0x24000b10        0x1 ../../libdaisy/build\libdaisy.a(i2c.o)
 *fill*         0x24000b11        0x3 
 .bss.SAI1_client
                0x24000b14        0x4 ../../libdaisy/build\libdaisy.a(sai.o)
 .bss.SAI2_client
                0x24000b18        0x4 ../../libdaisy/build\libdaisy.a(sai.o)
 .bss.dsy_sai_handle
                0x24000b1c        0x3 ../../libdaisy/build\libdaisy.a(sai.o)
 *fill*         0x24000b1f        0x1 
 .bss.uwTick    0x24000b20        0x4 ../../libdaisy/build\libdaisy.a(stm32h7xx_hal.o)
 *(COMMON)
 COMMON         0x24000b24       0xdc ../../libdaisy/build\libdaisy.a(dsy_adc.o)
                0x24000b24                hadc1
                0x24000b88                hdma_adc1
 COMMON         0x24000c00       0x98 ../../libdaisy/build\libdaisy.a(i2c.o)
                0x24000c00                hi2c1
                0x24000c4c                hi2c2
 COMMON         0x24000c98      0x440 ../../libdaisy/build\libdaisy.a(sai.o)
                0x24000c98                hsai_BlockB2
                0x24000d30                hdma_sai2_b
                0x24000da8                hsai_BlockA2
                0x24000e40                hsai_BlockB1
                0x24000ed8                hdma_sai1_a
                0x24000f50                hdma_sai1_b
                0x24000fc8                hdma_sai2_a
                0x24001040                hsai_BlockA1
 COMMON         0x240010d8       0x14 ../../libdaisy/build\libdaisy.a(codec_wm8731.o)
                0x240010d8                codec_handle
                0x240010ec                . = ALIGN (0x4)
                0x240010ec                _ebss = .
                0x240010ec                PROVIDE (__bss_end__ = _ebss)

.sdram_text     0xc0000000        0x0 load address 0x0800865c
                0xc0000000                . = ALIGN (0x4)
                0xc0000000                _ssdram_text = .
                [!provide]                PROVIDE (__sdram_text_start = _ssdram_text)
 *(.sdram_text)
 *(.sdram_text*)
                0xc0000000                . = ALIGN (0x4)
                0xc0000000                _esdram_text = .
                [!provide]                PROVIDE (__sdram_text_end = _esdram_text)
                0x0800865c                _sisdram_text = LOADADDR (.sdram_text)

.sdram_bss      0xc0000000        0x0 load address 0x0800865c
                0xc0000000                . = ALIGN (0x4)
                0xc0000000                _ssdram_bss = .
                [!provide]                PROVIDE (__sdram_bss_start = _ssdram_bss)
 *(.sdram_bss)
 *(.sdram_bss*)
                0xc0000000                . = ALIGN (0x4)
                0xc0000000                _esdram_bss = .
                [!provide]                PROVIDE (__sdram_bss_end = _esdram_bss)
                [!provide]                PROVIDE (end = .)

.heap           0x240010ec        0x0
                0x240010ec                . = ALIGN (0x4)
                [!provide]                PROVIDE (__heap_start__ = .)
 *(.heap)
                0x240010ec                . = ALIGN (0x4)
                [!provide]                PROVIDE (__heap_end__ = .)

.reserved_for_stack
                0x240010ec        0x0
                0x240010ec                . = ALIGN (0x4)
                [!provide]                PROVIDE (__reserved_for_stack_start__ = .)
 *(.reserved_for_stack)
                0x240010ec                . = ALIGN (0x4)
                [!provide]                PROVIDE (__reserved_for_stack_end__ = .)
OUTPUT(build/svf.elf elf32-littlearm)

.comment        0x00000000       0x76
 .comment       0x00000000       0x76 build/svf.o
                                 0x77 (size before relaxing)
 .comment       0x00000076       0x77 build/system_stm32h7xx.o
 .comment       0x00000076       0x77 ../../libdaisy/build\libdaisy.a(dsy_adc.o)
 .comment       0x00000076       0x77 ../../libdaisy/build\libdaisy.a(dsy_audio.o)
 .comment       0x00000076       0x77 ../../libdaisy/build\libdaisy.a(dsy_qspi.o)
 .comment       0x00000076       0x77 ../../libdaisy/build\libdaisy.a(dsy_sdram.o)
 .comment       0x00000076       0x77 ../../libdaisy/build\libdaisy.a(dsy_system.o)
 .comment       0x00000076       0x77 ../../libdaisy/build\libdaisy.a(i2c.o)
 .comment       0x00000076       0x77 ../../libdaisy/build\libdaisy.a(sai.o)
 .comment       0x00000076       0x77 ../../libdaisy/build\libdaisy.a(stm32h7xx_hal_adc.o)
 .comment       0x00000076       0x77 ../../libdaisy/build\libdaisy.a(stm32h7xx_hal_adc_ex.o)
 .comment       0x00000076       0x77 ../../libdaisy/build\libdaisy.a(stm32h7xx_hal_cortex.o)
 .comment       0x00000076       0x77 ../../libdaisy/build\libdaisy.a(stm32h7xx_hal_sdram.o)
 .comment       0x00000076       0x77 ../../libdaisy/build\libdaisy.a(stm32h7xx_hal_i2c.o)
 .comment       0x00000076       0x77 ../../libdaisy/build\libdaisy.a(stm32h7xx_hal_i2c_ex.o)
 .comment       0x00000076       0x77 ../../libdaisy/build\libdaisy.a(stm32h7xx_hal_qspi.o)
 .comment       0x00000076       0x77 ../../libdaisy/build\libdaisy.a(stm32h7xx_hal_sai.o)
 .comment       0x00000076       0x77 ../../libdaisy/build\libdaisy.a(stm32h7xx_hal_rcc.o)
 .comment       0x00000076       0x77 ../../libdaisy/build\libdaisy.a(stm32h7xx_hal_rcc_ex.o)
 .comment       0x00000076       0x77 ../../libdaisy/build\libdaisy.a(stm32h7xx_hal_gpio.o)
 .comment       0x00000076       0x77 ../../libdaisy/build\libdaisy.a(stm32h7xx_hal_dma.o)
 .comment       0x00000076       0x77 ../../libdaisy/build\libdaisy.a(stm32h7xx_hal_mdma.o)
 .comment       0x00000076       0x77 ../../libdaisy/build\libdaisy.a(stm32h7xx_hal_pwr_ex.o)
 .comment       0x00000076       0x77 ../../libdaisy/build\libdaisy.a(stm32h7xx_hal.o)
 .comment       0x00000076       0x77 ../../libdaisy/build\libdaisy.a(codec_pcm3060.o)
 .comment       0x00000076       0x77 ../../libdaisy/build\libdaisy.a(codec_wm8731.o)
 .comment       0x00000076       0x77 ../../libdaisy/build\libdaisy.a(dma.o)
 .comment       0x00000076       0x77 ../../libdaisy/build\libdaisy.a(stm32h7xx_ll_fmc.o)
 .comment       0x00000076       0x77 ../../daisysp/build\libdaisysp.a(dsy_svf.o)

.debug_frame    0x00000000      0x328
 .debug_frame   0x00000000       0x2c c:/program files (x86)/gnu tools arm embedded/8 2019-q3-update/bin/../lib/gcc/arm-none-eabi/8.3.1/../../../../arm-none-eabi/lib/thumb/v7e-m+dp/hard\libc_nano.a(lib_a-init.o)
 .debug_frame   0x0000002c       0x28 c:/program files (x86)/gnu tools arm embedded/8 2019-q3-update/bin/../lib/gcc/arm-none-eabi/8.3.1/../../../../arm-none-eabi/lib/thumb/v7e-m+dp/hard\libc_nano.a(lib_a-memcpy-stub.o)
 .debug_frame   0x00000054       0x20 c:/program files (x86)/gnu tools arm embedded/8 2019-q3-update/bin/../lib/gcc/arm-none-eabi/8.3.1/../../../../arm-none-eabi/lib/thumb/v7e-m+dp/hard\libc_nano.a(lib_a-memset.o)
 .debug_frame   0x00000074       0xfc c:/program files (x86)/gnu tools arm embedded/8 2019-q3-update/bin/../lib/gcc/arm-none-eabi/8.3.1/../../../../arm-none-eabi/lib/thumb/v7e-m+dp/hard\libm.a(lib_a-sf_pow.o)
 .debug_frame   0x00000170       0x54 c:/program files (x86)/gnu tools arm embedded/8 2019-q3-update/bin/../lib/gcc/arm-none-eabi/8.3.1/../../../../arm-none-eabi/lib/thumb/v7e-m+dp/hard\libm.a(lib_a-sinf.o)
 .debug_frame   0x000001c4       0x98 c:/program files (x86)/gnu tools arm embedded/8 2019-q3-update/bin/../lib/gcc/arm-none-eabi/8.3.1/../../../../arm-none-eabi/lib/thumb/v7e-m+dp/hard\libm.a(lib_a-math_errf.o)
 .debug_frame   0x0000025c       0xac c:/program files (x86)/gnu tools arm embedded/8 2019-q3-update/bin/../lib/gcc/arm-none-eabi/8.3.1/thumb/v7e-m+dp/hard\libgcc.a(_arm_addsubdf3.o)
 .debug_frame   0x00000308       0x20 c:/program files (x86)/gnu tools arm embedded/8 2019-q3-update/bin/../lib/gcc/arm-none-eabi/8.3.1/../../../../arm-none-eabi/lib/thumb/v7e-m+dp/hard\libc_nano.a(lib_a-errno.o)

Cross Reference Table

Symbol                                            File
ADC3_IRQHandler                                   build/startup_stm32h750xx.o
ADC_ConfigureBoostMode                            ../../libdaisy/build\libdaisy.a(stm32h7xx_hal_adc.o)
ADC_ConversionStop                                ../../libdaisy/build\libdaisy.a(stm32h7xx_hal_adc.o)
                                                  ../../libdaisy/build\libdaisy.a(stm32h7xx_hal_adc_ex.o)
ADC_DMAConvCplt                                   ../../libdaisy/build\libdaisy.a(stm32h7xx_hal_adc.o)
                                                  ../../libdaisy/build\libdaisy.a(stm32h7xx_hal_adc_ex.o)
ADC_DMAError                                      ../../libdaisy/build\libdaisy.a(stm32h7xx_hal_adc.o)
                                                  ../../libdaisy/build\libdaisy.a(stm32h7xx_hal_adc_ex.o)
ADC_DMAHalfConvCplt                               ../../libdaisy/build\libdaisy.a(stm32h7xx_hal_adc.o)
                                                  ../../libdaisy/build\libdaisy.a(stm32h7xx_hal_adc_ex.o)
ADC_Disable                                       ../../libdaisy/build\libdaisy.a(stm32h7xx_hal_adc.o)
                                                  ../../libdaisy/build\libdaisy.a(stm32h7xx_hal_adc_ex.o)
ADC_Enable                                        ../../libdaisy/build\libdaisy.a(stm32h7xx_hal_adc.o)
                                                  ../../libdaisy/build\libdaisy.a(stm32h7xx_hal_adc_ex.o)
ADC_IRQHandler                                    build/startup_stm32h750xx.o
BDMA_Channel0_IRQHandler                          build/startup_stm32h750xx.o
BDMA_Channel1_IRQHandler                          build/startup_stm32h750xx.o
BDMA_Channel2_IRQHandler                          build/startup_stm32h750xx.o
BDMA_Channel3_IRQHandler                          build/startup_stm32h750xx.o
BDMA_Channel4_IRQHandler                          build/startup_stm32h750xx.o
BDMA_Channel5_IRQHandler                          build/startup_stm32h750xx.o
BDMA_Channel6_IRQHandler                          build/startup_stm32h750xx.o
BDMA_Channel7_IRQHandler                          build/startup_stm32h750xx.o
BusFault_Handler                                  build/startup_stm32h750xx.o
CEC_IRQHandler                                    build/startup_stm32h750xx.o
COMP1_IRQHandler                                  build/startup_stm32h750xx.o
CRS_IRQHandler                                    build/startup_stm32h750xx.o
CRYP_IRQHandler                                   build/startup_stm32h750xx.o
D1CorePrescTable                                  build/system_stm32h7xx.o
                                                  ../../libdaisy/build\libdaisy.a(stm32h7xx_hal.o)
                                                  ../../libdaisy/build\libdaisy.a(stm32h7xx_hal_rcc_ex.o)
                                                  ../../libdaisy/build\libdaisy.a(stm32h7xx_hal_rcc.o)
DCMI_IRQHandler                                   build/startup_stm32h750xx.o
DFSDM1_FLT0_IRQHandler                            build/startup_stm32h750xx.o
DFSDM1_FLT1_IRQHandler                            build/startup_stm32h750xx.o
DFSDM1_FLT2_IRQHandler                            build/startup_stm32h750xx.o
DFSDM1_FLT3_IRQHandler                            build/startup_stm32h750xx.o
DMA1_Stream0_IRQHandler                           ../../libdaisy/build\libdaisy.a(dsy_audio.o)
                                                  build/startup_stm32h750xx.o
DMA1_Stream1_IRQHandler                           ../../libdaisy/build\libdaisy.a(dsy_audio.o)
                                                  build/startup_stm32h750xx.o
DMA1_Stream2_IRQHandler                           ../../libdaisy/build\libdaisy.a(dsy_adc.o)
                                                  build/startup_stm32h750xx.o
DMA1_Stream3_IRQHandler                           ../../libdaisy/build\libdaisy.a(dsy_audio.o)
                                                  build/startup_stm32h750xx.o
DMA1_Stream4_IRQHandler                           ../../libdaisy/build\libdaisy.a(dsy_audio.o)
                                                  build/startup_stm32h750xx.o
DMA1_Stream5_IRQHandler                           build/startup_stm32h750xx.o
DMA1_Stream6_IRQHandler                           build/startup_stm32h750xx.o
DMA1_Stream7_IRQHandler                           build/startup_stm32h750xx.o
DMA2D_IRQHandler                                  build/startup_stm32h750xx.o
DMA2_Stream0_IRQHandler                           build/startup_stm32h750xx.o
DMA2_Stream1_IRQHandler                           build/startup_stm32h750xx.o
DMA2_Stream2_IRQHandler                           build/startup_stm32h750xx.o
DMA2_Stream3_IRQHandler                           build/startup_stm32h750xx.o
DMA2_Stream4_IRQHandler                           build/startup_stm32h750xx.o
DMA2_Stream5_IRQHandler                           build/startup_stm32h750xx.o
DMA2_Stream6_IRQHandler                           build/startup_stm32h750xx.o
DMA2_Stream7_IRQHandler                           build/startup_stm32h750xx.o
DMAMUX1_OVR_IRQHandler                            build/startup_stm32h750xx.o
DMAMUX2_OVR_IRQHandler                            build/startup_stm32h750xx.o
DebugMon_Handler                                  build/startup_stm32h750xx.o
Default_Handler                                   build/startup_stm32h750xx.o
ECC_IRQHandler                                    build/startup_stm32h750xx.o
ETH_IRQHandler                                    build/startup_stm32h750xx.o
ETH_WKUP_IRQHandler                               build/startup_stm32h750xx.o
EXTI0_IRQHandler                                  build/startup_stm32h750xx.o
EXTI15_10_IRQHandler                              build/startup_stm32h750xx.o
EXTI1_IRQHandler                                  build/startup_stm32h750xx.o
EXTI2_IRQHandler                                  build/startup_stm32h750xx.o
EXTI3_IRQHandler                                  build/startup_stm32h750xx.o
EXTI4_IRQHandler                                  build/startup_stm32h750xx.o
EXTI9_5_IRQHandler                                build/startup_stm32h750xx.o
FDCAN1_IT0_IRQHandler                             build/startup_stm32h750xx.o
FDCAN1_IT1_IRQHandler                             build/startup_stm32h750xx.o
FDCAN2_IT0_IRQHandler                             build/startup_stm32h750xx.o
FDCAN2_IT1_IRQHandler                             build/startup_stm32h750xx.o
FDCAN_CAL_IRQHandler                              build/startup_stm32h750xx.o
FLASH_IRQHandler                                  build/startup_stm32h750xx.o
FMC_IRQHandler                                    build/startup_stm32h750xx.o
FMC_NAND_AttributeSpace_Timing_Init               ../../libdaisy/build\libdaisy.a(stm32h7xx_ll_fmc.o)
FMC_NAND_CommonSpace_Timing_Init                  ../../libdaisy/build\libdaisy.a(stm32h7xx_ll_fmc.o)
FMC_NAND_DeInit                                   ../../libdaisy/build\libdaisy.a(stm32h7xx_ll_fmc.o)
FMC_NAND_ECC_Disable                              ../../libdaisy/build\libdaisy.a(stm32h7xx_ll_fmc.o)
FMC_NAND_ECC_Enable                               ../../libdaisy/build\libdaisy.a(stm32h7xx_ll_fmc.o)
FMC_NAND_GetECC                                   ../../libdaisy/build\libdaisy.a(stm32h7xx_ll_fmc.o)
FMC_NAND_Init                                     ../../libdaisy/build\libdaisy.a(stm32h7xx_ll_fmc.o)
FMC_NORSRAM_DeInit                                ../../libdaisy/build\libdaisy.a(stm32h7xx_ll_fmc.o)
FMC_NORSRAM_Extended_Timing_Init                  ../../libdaisy/build\libdaisy.a(stm32h7xx_ll_fmc.o)
FMC_NORSRAM_Init                                  ../../libdaisy/build\libdaisy.a(stm32h7xx_ll_fmc.o)
FMC_NORSRAM_Timing_Init                           ../../libdaisy/build\libdaisy.a(stm32h7xx_ll_fmc.o)
FMC_NORSRAM_WriteOperation_Disable                ../../libdaisy/build\libdaisy.a(stm32h7xx_ll_fmc.o)
FMC_NORSRAM_WriteOperation_Enable                 ../../libdaisy/build\libdaisy.a(stm32h7xx_ll_fmc.o)
FMC_SDRAM_DeInit                                  ../../libdaisy/build\libdaisy.a(stm32h7xx_ll_fmc.o)
                                                  ../../libdaisy/build\libdaisy.a(stm32h7xx_hal_sdram.o)
FMC_SDRAM_GetModeStatus                           ../../libdaisy/build\libdaisy.a(stm32h7xx_ll_fmc.o)
                                                  ../../libdaisy/build\libdaisy.a(stm32h7xx_hal_sdram.o)
FMC_SDRAM_Init                                    ../../libdaisy/build\libdaisy.a(stm32h7xx_ll_fmc.o)
                                                  ../../libdaisy/build\libdaisy.a(stm32h7xx_hal_sdram.o)
FMC_SDRAM_ProgramRefreshRate                      ../../libdaisy/build\libdaisy.a(stm32h7xx_ll_fmc.o)
                                                  ../../libdaisy/build\libdaisy.a(stm32h7xx_hal_sdram.o)
FMC_SDRAM_SendCommand                             ../../libdaisy/build\libdaisy.a(stm32h7xx_ll_fmc.o)
                                                  ../../libdaisy/build\libdaisy.a(stm32h7xx_hal_sdram.o)
FMC_SDRAM_SetAutoRefreshNumber                    ../../libdaisy/build\libdaisy.a(stm32h7xx_ll_fmc.o)
                                                  ../../libdaisy/build\libdaisy.a(stm32h7xx_hal_sdram.o)
FMC_SDRAM_Timing_Init                             ../../libdaisy/build\libdaisy.a(stm32h7xx_ll_fmc.o)
                                                  ../../libdaisy/build\libdaisy.a(stm32h7xx_hal_sdram.o)
FMC_SDRAM_WriteProtection_Disable                 ../../libdaisy/build\libdaisy.a(stm32h7xx_ll_fmc.o)
                                                  ../../libdaisy/build\libdaisy.a(stm32h7xx_hal_sdram.o)
FMC_SDRAM_WriteProtection_Enable                  ../../libdaisy/build\libdaisy.a(stm32h7xx_ll_fmc.o)
                                                  ../../libdaisy/build\libdaisy.a(stm32h7xx_hal_sdram.o)
FPU_IRQHandler                                    build/startup_stm32h750xx.o
HAL_ADCEx_Calibration_GetValue                    ../../libdaisy/build\libdaisy.a(stm32h7xx_hal_adc_ex.o)
HAL_ADCEx_Calibration_SetValue                    ../../libdaisy/build\libdaisy.a(stm32h7xx_hal_adc_ex.o)
HAL_ADCEx_Calibration_Start                       ../../libdaisy/build\libdaisy.a(stm32h7xx_hal_adc_ex.o)
HAL_ADCEx_DisableInjectedQueue                    ../../libdaisy/build\libdaisy.a(stm32h7xx_hal_adc_ex.o)
HAL_ADCEx_DisableVoltageRegulator                 ../../libdaisy/build\libdaisy.a(stm32h7xx_hal_adc_ex.o)
HAL_ADCEx_EnableInjectedQueue                     ../../libdaisy/build\libdaisy.a(stm32h7xx_hal_adc_ex.o)
HAL_ADCEx_EndOfSamplingCallback                   ../../libdaisy/build\libdaisy.a(stm32h7xx_hal_adc_ex.o)
                                                  ../../libdaisy/build\libdaisy.a(stm32h7xx_hal_adc.o)
HAL_ADCEx_EnterADCDeepPowerDownMode               ../../libdaisy/build\libdaisy.a(stm32h7xx_hal_adc_ex.o)
HAL_ADCEx_InjectedConfigChannel                   ../../libdaisy/build\libdaisy.a(stm32h7xx_hal_adc_ex.o)
HAL_ADCEx_InjectedConvCpltCallback                ../../libdaisy/build\libdaisy.a(stm32h7xx_hal_adc_ex.o)
                                                  ../../libdaisy/build\libdaisy.a(stm32h7xx_hal_adc.o)
HAL_ADCEx_InjectedGetValue                        ../../libdaisy/build\libdaisy.a(stm32h7xx_hal_adc_ex.o)
HAL_ADCEx_InjectedPollForConversion               ../../libdaisy/build\libdaisy.a(stm32h7xx_hal_adc_ex.o)
HAL_ADCEx_InjectedQueueOverflowCallback           ../../libdaisy/build\libdaisy.a(stm32h7xx_hal_adc_ex.o)
                                                  ../../libdaisy/build\libdaisy.a(stm32h7xx_hal_adc.o)
HAL_ADCEx_InjectedStart                           ../../libdaisy/build\libdaisy.a(stm32h7xx_hal_adc_ex.o)
HAL_ADCEx_InjectedStart_IT                        ../../libdaisy/build\libdaisy.a(stm32h7xx_hal_adc_ex.o)
HAL_ADCEx_InjectedStop                            ../../libdaisy/build\libdaisy.a(stm32h7xx_hal_adc_ex.o)
HAL_ADCEx_InjectedStop_IT                         ../../libdaisy/build\libdaisy.a(stm32h7xx_hal_adc_ex.o)
HAL_ADCEx_LevelOutOfWindow2Callback               ../../libdaisy/build\libdaisy.a(stm32h7xx_hal_adc_ex.o)
                                                  ../../libdaisy/build\libdaisy.a(stm32h7xx_hal_adc.o)
HAL_ADCEx_LevelOutOfWindow3Callback               ../../libdaisy/build\libdaisy.a(stm32h7xx_hal_adc_ex.o)
                                                  ../../libdaisy/build\libdaisy.a(stm32h7xx_hal_adc.o)
HAL_ADCEx_LinearCalibration_GetValue              ../../libdaisy/build\libdaisy.a(stm32h7xx_hal_adc_ex.o)
HAL_ADCEx_LinearCalibration_SetValue              ../../libdaisy/build\libdaisy.a(stm32h7xx_hal_adc_ex.o)
HAL_ADCEx_MultiModeConfigChannel                  ../../libdaisy/build\libdaisy.a(stm32h7xx_hal_adc_ex.o)
                                                  ../../libdaisy/build\libdaisy.a(dsy_adc.o)
HAL_ADCEx_MultiModeGetValue                       ../../libdaisy/build\libdaisy.a(stm32h7xx_hal_adc_ex.o)
HAL_ADCEx_MultiModeStart_DMA                      ../../libdaisy/build\libdaisy.a(stm32h7xx_hal_adc_ex.o)
HAL_ADCEx_MultiModeStop_DMA                       ../../libdaisy/build\libdaisy.a(stm32h7xx_hal_adc_ex.o)
HAL_ADCEx_RegularMultiModeStop_DMA                ../../libdaisy/build\libdaisy.a(stm32h7xx_hal_adc_ex.o)
HAL_ADCEx_RegularStop                             ../../libdaisy/build\libdaisy.a(stm32h7xx_hal_adc_ex.o)
HAL_ADCEx_RegularStop_DMA                         ../../libdaisy/build\libdaisy.a(stm32h7xx_hal_adc_ex.o)
HAL_ADCEx_RegularStop_IT                          ../../libdaisy/build\libdaisy.a(stm32h7xx_hal_adc_ex.o)
HAL_ADC_AnalogWDGConfig                           ../../libdaisy/build\libdaisy.a(stm32h7xx_hal_adc.o)
HAL_ADC_ConfigChannel                             ../../libdaisy/build\libdaisy.a(stm32h7xx_hal_adc.o)
                                                  ../../libdaisy/build\libdaisy.a(dsy_adc.o)
HAL_ADC_ConvCpltCallback                          ../../libdaisy/build\libdaisy.a(stm32h7xx_hal_adc.o)
HAL_ADC_ConvHalfCpltCallback                      ../../libdaisy/build\libdaisy.a(stm32h7xx_hal_adc.o)
HAL_ADC_DeInit                                    ../../libdaisy/build\libdaisy.a(stm32h7xx_hal_adc.o)
HAL_ADC_ErrorCallback                             ../../libdaisy/build\libdaisy.a(stm32h7xx_hal_adc.o)
HAL_ADC_GetError                                  ../../libdaisy/build\libdaisy.a(stm32h7xx_hal_adc.o)
HAL_ADC_GetState                                  ../../libdaisy/build\libdaisy.a(stm32h7xx_hal_adc.o)
HAL_ADC_GetValue                                  ../../libdaisy/build\libdaisy.a(stm32h7xx_hal_adc.o)
HAL_ADC_IRQHandler                                ../../libdaisy/build\libdaisy.a(stm32h7xx_hal_adc.o)
HAL_ADC_Init                                      ../../libdaisy/build\libdaisy.a(stm32h7xx_hal_adc.o)
                                                  ../../libdaisy/build\libdaisy.a(dsy_adc.o)
HAL_ADC_LevelOutOfWindowCallback                  ../../libdaisy/build\libdaisy.a(stm32h7xx_hal_adc.o)
HAL_ADC_MspDeInit                                 ../../libdaisy/build\libdaisy.a(dsy_adc.o)
HAL_ADC_MspInit                                   ../../libdaisy/build\libdaisy.a(dsy_adc.o)
HAL_ADC_PollForConversion                         ../../libdaisy/build\libdaisy.a(stm32h7xx_hal_adc.o)
HAL_ADC_PollForEvent                              ../../libdaisy/build\libdaisy.a(stm32h7xx_hal_adc.o)
HAL_ADC_Start                                     ../../libdaisy/build\libdaisy.a(stm32h7xx_hal_adc.o)
HAL_ADC_Start_DMA                                 ../../libdaisy/build\libdaisy.a(stm32h7xx_hal_adc.o)
                                                  ../../libdaisy/build\libdaisy.a(dsy_adc.o)
HAL_ADC_Start_IT                                  ../../libdaisy/build\libdaisy.a(stm32h7xx_hal_adc.o)
HAL_ADC_Stop                                      ../../libdaisy/build\libdaisy.a(stm32h7xx_hal_adc.o)
HAL_ADC_Stop_DMA                                  ../../libdaisy/build\libdaisy.a(stm32h7xx_hal_adc.o)
                                                  ../../libdaisy/build\libdaisy.a(dsy_adc.o)
HAL_ADC_Stop_IT                                   ../../libdaisy/build\libdaisy.a(stm32h7xx_hal_adc.o)
HAL_DBGMCU_DisableDBGSleepMode                    ../../libdaisy/build\libdaisy.a(stm32h7xx_hal.o)
HAL_DBGMCU_DisableDBGStandbyMode                  ../../libdaisy/build\libdaisy.a(stm32h7xx_hal.o)
HAL_DBGMCU_DisableDBGStopMode                     ../../libdaisy/build\libdaisy.a(stm32h7xx_hal.o)
HAL_DBGMCU_EnableDBGSleepMode                     ../../libdaisy/build\libdaisy.a(stm32h7xx_hal.o)
HAL_DBGMCU_EnableDBGStandbyMode                   ../../libdaisy/build\libdaisy.a(stm32h7xx_hal.o)
HAL_DBGMCU_EnableDBGStopMode                      ../../libdaisy/build\libdaisy.a(stm32h7xx_hal.o)
HAL_DMA_Abort                                     ../../libdaisy/build\libdaisy.a(stm32h7xx_hal_dma.o)
                                                  ../../libdaisy/build\libdaisy.a(stm32h7xx_hal_sai.o)
                                                  ../../libdaisy/build\libdaisy.a(stm32h7xx_hal_adc_ex.o)
                                                  ../../libdaisy/build\libdaisy.a(stm32h7xx_hal_adc.o)
HAL_DMA_Abort_IT                                  ../../libdaisy/build\libdaisy.a(stm32h7xx_hal_dma.o)
                                                  ../../libdaisy/build\libdaisy.a(stm32h7xx_hal_sai.o)
                                                  ../../libdaisy/build\libdaisy.a(stm32h7xx_hal_i2c.o)
HAL_DMA_DeInit                                    ../../libdaisy/build\libdaisy.a(stm32h7xx_hal_dma.o)
                                                  ../../libdaisy/build\libdaisy.a(sai.o)
                                                  ../../libdaisy/build\libdaisy.a(dsy_adc.o)
HAL_DMA_GetError                                  ../../libdaisy/build\libdaisy.a(stm32h7xx_hal_dma.o)
                                                  ../../libdaisy/build\libdaisy.a(stm32h7xx_hal_sai.o)
                                                  ../../libdaisy/build\libdaisy.a(stm32h7xx_hal_i2c.o)
HAL_DMA_GetState                                  ../../libdaisy/build\libdaisy.a(stm32h7xx_hal_dma.o)
HAL_DMA_IRQHandler                                ../../libdaisy/build\libdaisy.a(stm32h7xx_hal_dma.o)
                                                  ../../libdaisy/build\libdaisy.a(dsy_audio.o)
                                                  ../../libdaisy/build\libdaisy.a(dsy_adc.o)
HAL_DMA_Init                                      ../../libdaisy/build\libdaisy.a(stm32h7xx_hal_dma.o)
                                                  ../../libdaisy/build\libdaisy.a(sai.o)
                                                  ../../libdaisy/build\libdaisy.a(dsy_adc.o)
HAL_DMA_PollForTransfer                           ../../libdaisy/build\libdaisy.a(stm32h7xx_hal_dma.o)
HAL_DMA_RegisterCallback                          ../../libdaisy/build\libdaisy.a(stm32h7xx_hal_dma.o)
HAL_DMA_Start                                     ../../libdaisy/build\libdaisy.a(stm32h7xx_hal_dma.o)
HAL_DMA_Start_IT                                  ../../libdaisy/build\libdaisy.a(stm32h7xx_hal_dma.o)
                                                  ../../libdaisy/build\libdaisy.a(stm32h7xx_hal_sai.o)
                                                  ../../libdaisy/build\libdaisy.a(stm32h7xx_hal_i2c.o)
                                                  ../../libdaisy/build\libdaisy.a(stm32h7xx_hal_adc_ex.o)
                                                  ../../libdaisy/build\libdaisy.a(stm32h7xx_hal_adc.o)
HAL_DMA_UnRegisterCallback                        ../../libdaisy/build\libdaisy.a(stm32h7xx_hal_dma.o)
HAL_DeInit                                        ../../libdaisy/build\libdaisy.a(stm32h7xx_hal.o)
HAL_Delay                                         ../../libdaisy/build\libdaisy.a(stm32h7xx_hal.o)
                                                  ../../libdaisy/build\libdaisy.a(codec_wm8731.o)
                                                  ../../libdaisy/build\libdaisy.a(codec_pcm3060.o)
                                                  ../../libdaisy/build\libdaisy.a(dsy_system.o)
                                                  ../../libdaisy/build\libdaisy.a(dsy_sdram.o)
HAL_DisableCompensationCell                       ../../libdaisy/build\libdaisy.a(stm32h7xx_hal.o)
HAL_DisableDomain3DBGStandbyMode                  ../../libdaisy/build\libdaisy.a(stm32h7xx_hal.o)
HAL_DisableDomain3DBGStopMode                     ../../libdaisy/build\libdaisy.a(stm32h7xx_hal.o)
HAL_EXTI_D1_ClearFlag                             ../../libdaisy/build\libdaisy.a(stm32h7xx_hal.o)
HAL_EXTI_D1_EventInputConfig                      ../../libdaisy/build\libdaisy.a(stm32h7xx_hal.o)
HAL_EXTI_D3_EventInputConfig                      ../../libdaisy/build\libdaisy.a(stm32h7xx_hal.o)
HAL_EXTI_EdgeConfig                               ../../libdaisy/build\libdaisy.a(stm32h7xx_hal.o)
HAL_EXTI_GenerateSWInterrupt                      ../../libdaisy/build\libdaisy.a(stm32h7xx_hal.o)
HAL_EnableCompensationCell                        ../../libdaisy/build\libdaisy.a(stm32h7xx_hal.o)
HAL_EnableDomain3DBGStandbyMode                   ../../libdaisy/build\libdaisy.a(stm32h7xx_hal.o)
HAL_EnableDomain3DBGStopMode                      ../../libdaisy/build\libdaisy.a(stm32h7xx_hal.o)
HAL_GPIO_DeInit                                   ../../libdaisy/build\libdaisy.a(stm32h7xx_hal_gpio.o)
                                                  ../../libdaisy/build\libdaisy.a(sai.o)
                                                  ../../libdaisy/build\libdaisy.a(i2c.o)
                                                  ../../libdaisy/build\libdaisy.a(dsy_sdram.o)
                                                  ../../libdaisy/build\libdaisy.a(dsy_qspi.o)
                                                  ../../libdaisy/build\libdaisy.a(dsy_adc.o)
HAL_GPIO_EXTI_Callback                            ../../libdaisy/build\libdaisy.a(stm32h7xx_hal_gpio.o)
HAL_GPIO_EXTI_IRQHandler                          ../../libdaisy/build\libdaisy.a(stm32h7xx_hal_gpio.o)
HAL_GPIO_Init                                     ../../libdaisy/build\libdaisy.a(stm32h7xx_hal_gpio.o)
                                                  ../../libdaisy/build\libdaisy.a(stm32h7xx_hal_rcc.o)
                                                  ../../libdaisy/build\libdaisy.a(sai.o)
                                                  ../../libdaisy/build\libdaisy.a(i2c.o)
                                                  ../../libdaisy/build\libdaisy.a(dsy_sdram.o)
                                                  ../../libdaisy/build\libdaisy.a(dsy_qspi.o)
                                                  ../../libdaisy/build\libdaisy.a(dsy_adc.o)
HAL_GPIO_LockPin                                  ../../libdaisy/build\libdaisy.a(stm32h7xx_hal_gpio.o)
HAL_GPIO_ReadPin                                  ../../libdaisy/build\libdaisy.a(stm32h7xx_hal_gpio.o)
HAL_GPIO_TogglePin                                ../../libdaisy/build\libdaisy.a(stm32h7xx_hal_gpio.o)
HAL_GPIO_WritePin                                 ../../libdaisy/build\libdaisy.a(stm32h7xx_hal_gpio.o)
HAL_GetCurrentCPUID                               ../../libdaisy/build\libdaisy.a(stm32h7xx_hal_cortex.o)
HAL_GetDEVID                                      ../../libdaisy/build\libdaisy.a(stm32h7xx_hal.o)
HAL_GetFMCMemorySwappingConfig                    ../../libdaisy/build\libdaisy.a(stm32h7xx_hal.o)
HAL_GetHalVersion                                 ../../libdaisy/build\libdaisy.a(stm32h7xx_hal.o)
HAL_GetREVID                                      ../../libdaisy/build\libdaisy.a(stm32h7xx_hal.o)
                                                  ../../libdaisy/build\libdaisy.a(stm32h7xx_hal_rcc_ex.o)
                                                  ../../libdaisy/build\libdaisy.a(stm32h7xx_hal_rcc.o)
                                                  ../../libdaisy/build\libdaisy.a(stm32h7xx_hal_sai.o)
                                                  ../../libdaisy/build\libdaisy.a(stm32h7xx_hal_adc.o)
HAL_GetTick                                       ../../libdaisy/build\libdaisy.a(stm32h7xx_hal.o)
                                                  ../../libdaisy/build\libdaisy.a(stm32h7xx_ll_fmc.o)
                                                  ../../libdaisy/build\libdaisy.a(stm32h7xx_hal_pwr_ex.o)
                                                  ../../libdaisy/build\libdaisy.a(stm32h7xx_hal_mdma.o)
                                                  ../../libdaisy/build\libdaisy.a(stm32h7xx_hal_dma.o)
                                                  ../../libdaisy/build\libdaisy.a(stm32h7xx_hal_rcc_ex.o)
                                                  ../../libdaisy/build\libdaisy.a(stm32h7xx_hal_rcc.o)
                                                  ../../libdaisy/build\libdaisy.a(stm32h7xx_hal_sai.o)
                                                  ../../libdaisy/build\libdaisy.a(stm32h7xx_hal_qspi.o)
                                                  ../../libdaisy/build\libdaisy.a(stm32h7xx_hal_i2c.o)
                                                  ../../libdaisy/build\libdaisy.a(stm32h7xx_hal_adc_ex.o)
                                                  ../../libdaisy/build\libdaisy.a(stm32h7xx_hal_adc.o)
                                                  ../../libdaisy/build\libdaisy.a(dsy_system.o)
HAL_GetTickFreq                                   ../../libdaisy/build\libdaisy.a(stm32h7xx_hal.o)
HAL_GetTickPrio                                   ../../libdaisy/build\libdaisy.a(stm32h7xx_hal.o)
HAL_I2CEx_ConfigAnalogFilter                      ../../libdaisy/build\libdaisy.a(stm32h7xx_hal_i2c_ex.o)
                                                  ../../libdaisy/build\libdaisy.a(i2c.o)
HAL_I2CEx_ConfigDigitalFilter                     ../../libdaisy/build\libdaisy.a(stm32h7xx_hal_i2c_ex.o)
                                                  ../../libdaisy/build\libdaisy.a(i2c.o)
HAL_I2CEx_DisableFastModePlus                     ../../libdaisy/build\libdaisy.a(stm32h7xx_hal_i2c_ex.o)
HAL_I2CEx_DisableWakeUp                           ../../libdaisy/build\libdaisy.a(stm32h7xx_hal_i2c_ex.o)
HAL_I2CEx_EnableFastModePlus                      ../../libdaisy/build\libdaisy.a(stm32h7xx_hal_i2c_ex.o)
HAL_I2CEx_EnableWakeUp                            ../../libdaisy/build\libdaisy.a(stm32h7xx_hal_i2c_ex.o)
HAL_I2C_AbortCpltCallback                         ../../libdaisy/build\libdaisy.a(stm32h7xx_hal_i2c.o)
HAL_I2C_AddrCallback                              ../../libdaisy/build\libdaisy.a(stm32h7xx_hal_i2c.o)
HAL_I2C_DeInit                                    ../../libdaisy/build\libdaisy.a(stm32h7xx_hal_i2c.o)
HAL_I2C_DisableListen_IT                          ../../libdaisy/build\libdaisy.a(stm32h7xx_hal_i2c.o)
HAL_I2C_ER_IRQHandler                             ../../libdaisy/build\libdaisy.a(stm32h7xx_hal_i2c.o)
HAL_I2C_EV_IRQHandler                             ../../libdaisy/build\libdaisy.a(stm32h7xx_hal_i2c.o)
HAL_I2C_EnableListen_IT                           ../../libdaisy/build\libdaisy.a(stm32h7xx_hal_i2c.o)
HAL_I2C_ErrorCallback                             ../../libdaisy/build\libdaisy.a(stm32h7xx_hal_i2c.o)
HAL_I2C_GetError                                  ../../libdaisy/build\libdaisy.a(stm32h7xx_hal_i2c.o)
HAL_I2C_GetMode                                   ../../libdaisy/build\libdaisy.a(stm32h7xx_hal_i2c.o)
HAL_I2C_GetState                                  ../../libdaisy/build\libdaisy.a(stm32h7xx_hal_i2c.o)
HAL_I2C_Init                                      ../../libdaisy/build\libdaisy.a(stm32h7xx_hal_i2c.o)
                                                  ../../libdaisy/build\libdaisy.a(i2c.o)
HAL_I2C_IsDeviceReady                             ../../libdaisy/build\libdaisy.a(stm32h7xx_hal_i2c.o)
HAL_I2C_ListenCpltCallback                        ../../libdaisy/build\libdaisy.a(stm32h7xx_hal_i2c.o)
HAL_I2C_MasterRxCpltCallback                      ../../libdaisy/build\libdaisy.a(stm32h7xx_hal_i2c.o)
HAL_I2C_MasterTxCpltCallback                      ../../libdaisy/build\libdaisy.a(stm32h7xx_hal_i2c.o)
HAL_I2C_Master_Abort_IT                           ../../libdaisy/build\libdaisy.a(stm32h7xx_hal_i2c.o)
HAL_I2C_Master_Receive                            ../../libdaisy/build\libdaisy.a(stm32h7xx_hal_i2c.o)
HAL_I2C_Master_Receive_DMA                        ../../libdaisy/build\libdaisy.a(stm32h7xx_hal_i2c.o)
HAL_I2C_Master_Receive_IT                         ../../libdaisy/build\libdaisy.a(stm32h7xx_hal_i2c.o)
HAL_I2C_Master_Seq_Receive_DMA                    ../../libdaisy/build\libdaisy.a(stm32h7xx_hal_i2c.o)
HAL_I2C_Master_Seq_Receive_IT                     ../../libdaisy/build\libdaisy.a(stm32h7xx_hal_i2c.o)
HAL_I2C_Master_Seq_Transmit_DMA                   ../../libdaisy/build\libdaisy.a(stm32h7xx_hal_i2c.o)
HAL_I2C_Master_Seq_Transmit_IT                    ../../libdaisy/build\libdaisy.a(stm32h7xx_hal_i2c.o)
HAL_I2C_Master_Transmit                           ../../libdaisy/build\libdaisy.a(stm32h7xx_hal_i2c.o)
                                                  ../../libdaisy/build\libdaisy.a(codec_wm8731.o)
                                                  ../../libdaisy/build\libdaisy.a(codec_pcm3060.o)
HAL_I2C_Master_Transmit_DMA                       ../../libdaisy/build\libdaisy.a(stm32h7xx_hal_i2c.o)
HAL_I2C_Master_Transmit_IT                        ../../libdaisy/build\libdaisy.a(stm32h7xx_hal_i2c.o)
HAL_I2C_MemRxCpltCallback                         ../../libdaisy/build\libdaisy.a(stm32h7xx_hal_i2c.o)
HAL_I2C_MemTxCpltCallback                         ../../libdaisy/build\libdaisy.a(stm32h7xx_hal_i2c.o)
HAL_I2C_Mem_Read                                  ../../libdaisy/build\libdaisy.a(stm32h7xx_hal_i2c.o)
HAL_I2C_Mem_Read_DMA                              ../../libdaisy/build\libdaisy.a(stm32h7xx_hal_i2c.o)
HAL_I2C_Mem_Read_IT                               ../../libdaisy/build\libdaisy.a(stm32h7xx_hal_i2c.o)
HAL_I2C_Mem_Write                                 ../../libdaisy/build\libdaisy.a(stm32h7xx_hal_i2c.o)
HAL_I2C_Mem_Write_DMA                             ../../libdaisy/build\libdaisy.a(stm32h7xx_hal_i2c.o)
HAL_I2C_Mem_Write_IT                              ../../libdaisy/build\libdaisy.a(stm32h7xx_hal_i2c.o)
HAL_I2C_MspDeInit                                 ../../libdaisy/build\libdaisy.a(i2c.o)
HAL_I2C_MspInit                                   ../../libdaisy/build\libdaisy.a(i2c.o)
HAL_I2C_SlaveRxCpltCallback                       ../../libdaisy/build\libdaisy.a(stm32h7xx_hal_i2c.o)
HAL_I2C_SlaveTxCpltCallback                       ../../libdaisy/build\libdaisy.a(stm32h7xx_hal_i2c.o)
HAL_I2C_Slave_Receive                             ../../libdaisy/build\libdaisy.a(stm32h7xx_hal_i2c.o)