Archive member included to satisfy reference by file (symbol)

../../libdaisy/build\libdaisy.a(dsy_adc.o)
                              build/noise.o (dsy_adc_init)
../../libdaisy/build\libdaisy.a(dsy_audio.o)
                              build/noise.o (dsy_audio_init)
../../libdaisy/build\libdaisy.a(dsy_qspi.o)
                              build/noise.o (dsy_qspi_init)
../../libdaisy/build\libdaisy.a(dsy_sdram.o)
                              build/noise.o (dsy_sdram_init)
../../libdaisy/build\libdaisy.a(dsy_system.o)
                              build/noise.o (dsy_system_init)
../../libdaisy/build\libdaisy.a(i2c.o)
                              ../../libdaisy/build\libdaisy.a(dsy_audio.o) (dsy_i2c1_init)
../../libdaisy/build\libdaisy.a(sai.o)
                              ../../libdaisy/build\libdaisy.a(dsy_audio.o) (dsy_sai1_init)
../../libdaisy/build\libdaisy.a(stm32h7xx_hal_adc.o)
                              ../../libdaisy/build\libdaisy.a(dsy_adc.o) (HAL_ADC_ConfigChannel)
../../libdaisy/build\libdaisy.a(stm32h7xx_hal_adc_ex.o)
                              ../../libdaisy/build\libdaisy.a(stm32h7xx_hal_adc.o) (HAL_ADCEx_InjectedConvCpltCallback)
../../libdaisy/build\libdaisy.a(stm32h7xx_hal_cortex.o)
                              ../../libdaisy/build\libdaisy.a(dsy_qspi.o) (HAL_NVIC_SetPriority)
../../libdaisy/build\libdaisy.a(stm32h7xx_hal_sdram.o)
                              ../../libdaisy/build\libdaisy.a(dsy_sdram.o) (HAL_SDRAM_Init)
../../libdaisy/build\libdaisy.a(stm32h7xx_hal_i2c.o)
                              ../../libdaisy/build\libdaisy.a(i2c.o) (HAL_I2C_Init)
../../libdaisy/build\libdaisy.a(stm32h7xx_hal_i2c_ex.o)
                              ../../libdaisy/build\libdaisy.a(i2c.o) (HAL_I2CEx_ConfigAnalogFilter)
../../libdaisy/build\libdaisy.a(stm32h7xx_hal_qspi.o)
                              ../../libdaisy/build\libdaisy.a(dsy_qspi.o) (HAL_QSPI_Init)
../../libdaisy/build\libdaisy.a(stm32h7xx_hal_sai.o)
                              ../../libdaisy/build\libdaisy.a(sai.o) (HAL_SAI_InitProtocol)
../../libdaisy/build\libdaisy.a(stm32h7xx_hal_rcc.o)
                              ../../libdaisy/build\libdaisy.a(dsy_system.o) (HAL_RCC_OscConfig)
../../libdaisy/build\libdaisy.a(stm32h7xx_hal_rcc_ex.o)
                              ../../libdaisy/build\libdaisy.a(dsy_system.o) (HAL_RCCEx_PeriphCLKConfig)
../../libdaisy/build\libdaisy.a(stm32h7xx_hal_gpio.o)
                              ../../libdaisy/build\libdaisy.a(dsy_adc.o) (HAL_GPIO_Init)
../../libdaisy/build\libdaisy.a(stm32h7xx_hal_dma.o)
                              ../../libdaisy/build\libdaisy.a(dsy_adc.o) (HAL_DMA_Init)
../../libdaisy/build\libdaisy.a(stm32h7xx_hal_mdma.o)
                              ../../libdaisy/build\libdaisy.a(stm32h7xx_hal_sdram.o) (HAL_MDMA_Start_IT)
../../libdaisy/build\libdaisy.a(stm32h7xx_hal_pwr_ex.o)
                              ../../libdaisy/build\libdaisy.a(dsy_system.o) (HAL_PWREx_ConfigSupply)
../../libdaisy/build\libdaisy.a(stm32h7xx_hal.o)
                              ../../libdaisy/build\libdaisy.a(stm32h7xx_hal_rcc.o) (HAL_InitTick)
../../libdaisy/build\libdaisy.a(codec_pcm3060.o)
                              ../../libdaisy/build\libdaisy.a(dsy_audio.o) (codec_pcm3060_init)
../../libdaisy/build\libdaisy.a(codec_wm8731.o)
                              ../../libdaisy/build\libdaisy.a(dsy_audio.o) (codec_wm8731_init)
../../libdaisy/build\libdaisy.a(dma.o)
                              ../../libdaisy/build\libdaisy.a(dsy_system.o) (dsy_dma_init)
../../libdaisy/build\libdaisy.a(stm32h7xx_ll_fmc.o)
                              ../../libdaisy/build\libdaisy.a(stm32h7xx_hal_sdram.o) (FMC_SDRAM_Init)
../../libdaisy/build\libdaisy.a(stm32h7xx_hal_pwr.o)
                              ../../libdaisy/build\libdaisy.a(stm32h7xx_hal_pwr_ex.o) (HAL_PWR_PVDCallback)
../../daisysp/build\libdaisysp.a(dsy_noise.o)
                              build/noise.o (dsy_noise_init)
c:/program files (x86)/gnu tools arm embedded/8 2019-q3-update/bin/../lib/gcc/arm-none-eabi/8.3.1/../../../../arm-none-eabi/lib/thumb/v7e-m+dp/hard\libc_nano.a(lib_a-exit.o)
                              c:/program files (x86)/gnu tools arm embedded/8 2019-q3-update/bin/../lib/gcc/arm-none-eabi/8.3.1/../../../../arm-none-eabi/lib/thumb/v7e-m+dp/hard/crt0.o (exit)
c:/program files (x86)/gnu tools arm embedded/8 2019-q3-update/bin/../lib/gcc/arm-none-eabi/8.3.1/../../../../arm-none-eabi/lib/thumb/v7e-m+dp/hard\libc_nano.a(lib_a-impure.o)
                              c:/program files (x86)/gnu tools arm embedded/8 2019-q3-update/bin/../lib/gcc/arm-none-eabi/8.3.1/../../../../arm-none-eabi/lib/thumb/v7e-m+dp/hard\libc_nano.a(lib_a-exit.o) (_global_impure_ptr)
c:/program files (x86)/gnu tools arm embedded/8 2019-q3-update/bin/../lib/gcc/arm-none-eabi/8.3.1/../../../../arm-none-eabi/lib/thumb/v7e-m+dp/hard\libc_nano.a(lib_a-init.o)
[...]
Memory Configuration

Name             Origin             Length             Attributes
FLASH            0x08000000         0x00020000         xr
DTCMRAM          0x20000000         0x00020000         xrw
SRAM             0x24000000         0x00080000         xrw
RAM_D2           0x30000000         0x00048000         xrw
RAM_D3           0x38000000         0x00010000         xrw
ITCMRAM          0x00000000         0x00010000         xrw
SDRAM            0xc0000000         0x04000000         xrw
*default*        0x00000000         0xffffffff

Linker script and memory map

LOAD c:/program files (x86)/gnu tools arm embedded/8 2019-q3-update/bin/../lib/gcc/arm-none-eabi/8.3.1/thumb/v7e-m+dp/hard/crti.o
LOAD c:/program files (x86)/gnu tools arm embedded/8 2019-q3-update/bin/../lib/gcc/arm-none-eabi/8.3.1/thumb/v7e-m+dp/hard/crtbegin.o
LOAD c:/program files (x86)/gnu tools arm embedded/8 2019-q3-update/bin/../lib/gcc/arm-none-eabi/8.3.1/../../../../arm-none-eabi/lib/thumb/v7e-m+dp/hard/crt0.o
LOAD build/noise.o
LOAD build/system_stm32h7xx.o
LOAD build/startup_stm32h750xx.o
LOAD ../../libdaisy/build\libdaisy.a
LOAD ../../daisysp/build\libdaisysp.a
LOAD c:/program files (x86)/gnu tools arm embedded/8 2019-q3-update/bin/../lib/gcc/arm-none-eabi/8.3.1/../../../../arm-none-eabi/lib/thumb/v7e-m+dp/hard\libc_nano.a
LOAD c:/program files (x86)/gnu tools arm embedded/8 2019-q3-update/bin/../lib/gcc/arm-none-eabi/8.3.1/../../../../arm-none-eabi/lib/thumb/v7e-m+dp/hard\libm.a
LOAD c:/program files (x86)/gnu tools arm embedded/8 2019-q3-update/bin/../lib/gcc/arm-none-eabi/8.3.1/../../../../arm-none-eabi/lib/thumb/v7e-m+dp/hard\libnosys.a
START GROUP
LOAD c:/program files (x86)/gnu tools arm embedded/8 2019-q3-update/bin/../lib/gcc/arm-none-eabi/8.3.1/thumb/v7e-m+dp/hard\libgcc.a
LOAD c:/program files (x86)/gnu tools arm embedded/8 2019-q3-update/bin/../lib/gcc/arm-none-eabi/8.3.1/../../../../arm-none-eabi/lib/thumb/v7e-m+dp/hard\libc_nano.a
END GROUP
START GROUP
LOAD c:/program files (x86)/gnu tools arm embedded/8 2019-q3-update/bin/../lib/gcc/arm-none-eabi/8.3.1/thumb/v7e-m+dp/hard\libgcc.a
LOAD c:/program files (x86)/gnu tools arm embedded/8 2019-q3-update/bin/../lib/gcc/arm-none-eabi/8.3.1/../../../../arm-none-eabi/lib/thumb/v7e-m+dp/hard\libc_nano.a
END GROUP
LOAD c:/program files (x86)/gnu tools arm embedded/8 2019-q3-update/bin/../lib/gcc/arm-none-eabi/8.3.1/thumb/v7e-m+dp/hard/crtend.o
LOAD c:/program files (x86)/gnu tools arm embedded/8 2019-q3-update/bin/../lib/gcc/arm-none-eabi/8.3.1/thumb/v7e-m+dp/hard/crtn.o
                0x20020000                _estack = 0x20020000

.isr_vector     0x08000000      0x298
                0x08000000                . = ALIGN (0x4)
 *(.isr_vector)
 .isr_vector    0x08000000      0x298 build/startup_stm32h750xx.o
                0x08000000                g_pfnVectors
                0x08000298                . = ALIGN (0x4)

.eh_frame       0x08000298        0x0
 .eh_frame      0x08000298        0x0 c:/program files (x86)/gnu tools arm embedded/8 2019-q3-update/bin/../lib/gcc/arm-none-eabi/8.3.1/thumb/v7e-m+dp/hard/crtbegin.o

.text           0x08000298     0x702c
                0x08000298                . = ALIGN (0x4)
                0x08000298                _stext = .
 *(.text)
 .text          0x08000298       0x40 c:/program files (x86)/gnu tools arm embedded/8 2019-q3-update/bin/../lib/gcc/arm-none-eabi/8.3.1/thumb/v7e-m+dp/hard/crtbegin.o
 *(.text*)
 .text.audioCallback
                0x080002d8       0x38 build/noise.o
 .text.daisy_seed_init
                0x08000310      0x1f8 build/noise.o
                0x08000310                daisy_seed_init
 .text.startup.main
                0x08000508       0x2c build/noise.o
                0x08000508                main
 .text.SystemInit
                0x08000534       0x80 build/system_stm32h7xx.o
                0x08000534                SystemInit
 .text.Reset_Handler
                0x080005b4       0x50 build/startup_stm32h750xx.o
                0x080005b4                Reset_Handler
 .text.Default_Handler
                0x08000604        0x2 build/startup_stm32h750xx.o
                0x08000604                RTC_Alarm_IRQHandler
                0x08000604                HASH_RNG_IRQHandler
                0x08000604                EXTI2_IRQHandler
                0x08000604                TIM8_CC_IRQHandler
                0x08000604                HRTIM1_Master_IRQHandler
                0x08000604                DebugMon_Handler
                0x08000604                UART8_IRQHandler
                0x08000604                SPI4_IRQHandler
                0x08000604                TIM1_CC_IRQHandler
                0x08000604                BDMA_Channel6_IRQHandler
                0x08000604                DMA2_Stream5_IRQHandler
                0x08000604                HardFault_Handler
                0x08000604                HRTIM1_FLT_IRQHandler
                0x08000604                JPEG_IRQHandler
                0x08000604                DMA1_Stream5_IRQHandler
                0x08000604                BDMA_Channel1_IRQHandler
                0x08000604                HRTIM1_TIMD_IRQHandler
                0x08000604                TAMP_STAMP_IRQHandler
                0x08000604                PendSV_Handler
                0x08000604                NMI_Handler
                0x08000604                EXTI3_IRQHandler
                0x08000604                LPTIM4_IRQHandler
                0x08000604                TIM8_TRG_COM_TIM14_IRQHandler
                0x08000604                LPTIM2_IRQHandler
                0x08000604                DFSDM1_FLT1_IRQHandler
                0x08000604                DMAMUX2_OVR_IRQHandler
                0x08000604                TIM8_UP_TIM13_IRQHandler
                0x08000604                I2C3_ER_IRQHandler
                0x08000604                DFSDM1_FLT2_IRQHandler
                0x08000604                MDMA_IRQHandler
                0x08000604                LPTIM3_IRQHandler
                0x08000604                HSEM1_IRQHandler
                0x08000604                EXTI0_IRQHandler
                0x08000604                I2C2_EV_IRQHandler
                0x08000604                FPU_IRQHandler
                0x08000604                OTG_HS_WKUP_IRQHandler
                0x08000604                FDCAN1_IT1_IRQHandler
                0x08000604                UsageFault_Handler
                0x08000604                LTDC_ER_IRQHandler
                0x08000604                DMA2_Stream2_IRQHandler
                0x08000604                HRTIM1_TIME_IRQHandler
                0x08000604                SPI1_IRQHandler
                0x08000604                TIM6_DAC_IRQHandler
                0x08000604                DCMI_IRQHandler
                0x08000604                HRTIM1_TIMC_IRQHandler
                0x08000604                DMA2_Stream3_IRQHandler
                0x08000604                SAI2_IRQHandler
                0x08000604                DFSDM1_FLT3_IRQHandler
                0x08000604                USART6_IRQHandler
                0x08000604                TIM17_IRQHandler
                0x08000604                USART3_IRQHandler
                0x08000604                BDMA_Channel7_IRQHandler
                0x08000604                CRYP_IRQHandler
                0x08000604                LPTIM5_IRQHandler
                0x08000604                UART5_IRQHandler
                0x08000604                ADC3_IRQHandler
                0x08000604                DMA2_Stream0_IRQHandler
                0x08000604                TIM4_IRQHandler
                0x08000604                BDMA_Channel2_IRQHandler
                0x08000604                I2C1_EV_IRQHandler
                0x08000604                DMA1_Stream6_IRQHandler
                0x08000604                DMAMUX1_OVR_IRQHandler
                0x08000604                TIM16_IRQHandler
                0x08000604                UART4_IRQHandler
                0x08000604                BDMA_Channel5_IRQHandler
                0x08000604                TIM3_IRQHandler
                0x08000604                RCC_IRQHandler
                0x08000604                TIM8_BRK_TIM12_IRQHandler
                0x08000604                TIM1_TRG_COM_IRQHandler
                0x08000604                Default_Handler
                0x08000604                ECC_IRQHandler
                0x08000604                CEC_IRQHandler
                0x08000604                EXTI15_10_IRQHandler
                0x08000604                BDMA_Channel0_IRQHandler
                0x08000604                ADC_IRQHandler
                0x08000604                DMA1_Stream7_IRQHandler
                0x08000604                HRTIM1_TIMA_IRQHandler
                0x08000604                SPI5_IRQHandler
                0x08000604                TIM7_IRQHandler
                0x08000604                SDMMC1_IRQHandler
                0x08000604                TIM5_IRQHandler
                0x08000604                DMA2_Stream7_IRQHandler
                0x08000604                TIM15_IRQHandler
                0x08000604                PVD_AVD_IRQHandler
                0x08000604                I2C3_EV_IRQHandler
                0x08000604                EXTI9_5_IRQHandler
                0x08000604                RTC_WKUP_IRQHandler
                0x08000604                LTDC_IRQHandler
                0x08000604                SAI3_IRQHandler
                0x08000604                ETH_WKUP_IRQHandler
                0x08000604                SPDIF_RX_IRQHandler
                0x08000604                SPI2_IRQHandler
                0x08000604                OTG_HS_EP1_IN_IRQHandler
                0x08000604                MemManage_Handler
                0x08000604                SVC_Handler
                0x08000604                CRS_IRQHandler
                0x08000604                EXTI4_IRQHandler
                0x08000604                HRTIM1_TIMB_IRQHandler
                0x08000604                FDCAN2_IT1_IRQHandler
                0x08000604                ETH_IRQHandler
                0x08000604                TIM1_UP_IRQHandler
                0x08000604                BDMA_Channel4_IRQHandler
                0x08000604                OTG_HS_EP1_OUT_IRQHandler
                0x08000604                WWDG_IRQHandler
                0x08000604                SPI6_IRQHandler
                0x08000604                MDIOS_IRQHandler
                0x08000604                I2C4_EV_IRQHandler
                0x08000604                FDCAN2_IT0_IRQHandler
                0x08000604                LPUART1_IRQHandler
                0x08000604                FDCAN1_IT0_IRQHandler
                0x08000604                TIM2_IRQHandler
                0x08000604                OTG_FS_WKUP_IRQHandler
                0x08000604                OTG_HS_IRQHandler
                0x08000604                DMA2D_IRQHandler
                0x08000604                TIM1_BRK_IRQHandler
                0x08000604                EXTI1_IRQHandler
                0x08000604                SDMMC2_IRQHandler
                0x08000604                OTG_FS_EP1_OUT_IRQHandler
                0x08000604                BDMA_Channel3_IRQHandler
                0x08000604                UART7_IRQHandler
                0x08000604                MDIOS_WKUP_IRQHandler
                0x08000604                USART2_IRQHandler
                0x08000604                DFSDM1_FLT0_IRQHandler
                0x08000604                SAI4_IRQHandler
                0x08000604                I2C2_ER_IRQHandler
                0x08000604                DMA2_Stream1_IRQHandler
                0x08000604                FLASH_IRQHandler
                0x08000604                DMA2_Stream4_IRQHandler
                0x08000604                BusFault_Handler
                0x08000604                USART1_IRQHandler
                0x08000604                OTG_FS_IRQHandler
                0x08000604                SPI3_IRQHandler
                0x08000604                WAKEUP_PIN_IRQHandler
                0x08000604                OTG_FS_EP1_IN_IRQHandler
                0x08000604                I2C1_ER_IRQHandler
                0x08000604                FMC_IRQHandler
                0x08000604                FDCAN_CAL_IRQHandler
                0x08000604                SWPMI1_IRQHandler
                0x08000604                COMP1_IRQHandler
                0x08000604                LPTIM1_IRQHandler
                0x08000604                I2C4_ER_IRQHandler
                0x08000604                DMA2_Stream6_IRQHandler
                0x08000604                SAI1_IRQHandler
 *fill*         0x08000606        0x2 
 .text.dsy_adc_init
                0x08000608      0x148 ../../libdaisy/build\libdaisy.a(dsy_adc.o)
                0x08000608                dsy_adc_init
 .text.HAL_ADC_MspInit
                0x08000750       0xec ../../libdaisy/build\libdaisy.a(dsy_adc.o)
                0x08000750                HAL_ADC_MspInit
 .text.DMA1_Stream2_IRQHandler
                0x0800083c        0xc ../../libdaisy/build\libdaisy.a(dsy_adc.o)
                0x0800083c                DMA1_Stream2_IRQHandler
 .text.dsy_audio_passthru
                0x08000848        0xc ../../libdaisy/build\libdaisy.a(dsy_audio.o)
                0x08000848                dsy_audio_passthru
 .text.DMA1_Stream0_IRQHandler
                0x08000854        0xc ../../libdaisy/build\libdaisy.a(dsy_audio.o)
                0x08000854                DMA1_Stream0_IRQHandler
 .text.DMA1_Stream1_IRQHandler
                0x08000860        0xc ../../libdaisy/build\libdaisy.a(dsy_audio.o)
                0x08000860                DMA1_Stream1_IRQHandler
 .text.DMA1_Stream3_IRQHandler
                0x0800086c        0xc ../../libdaisy/build\libdaisy.a(dsy_audio.o)
                0x0800086c                DMA1_Stream3_IRQHandler
 .text.DMA1_Stream4_IRQHandler
                0x08000878        0xc ../../libdaisy/build\libdaisy.a(dsy_audio.o)
                0x08000878                DMA1_Stream4_IRQHandler
 .text.dsy_audio_init
                0x08000884      0x148 ../../libdaisy/build\libdaisy.a(dsy_audio.o)
                0x08000884                dsy_audio_init
 .text.dsy_audio_set_callback
                0x080009cc       0x18 ../../libdaisy/build\libdaisy.a(dsy_audio.o)
                0x080009cc                dsy_audio_set_callback
 .text.dsy_audio_start
                0x080009e4       0x54 ../../libdaisy/build\libdaisy.a(dsy_audio.o)
                0x080009e4                dsy_audio_start
 .text.HAL_SAI_RxHalfCpltCallback
                0x08000a38      0x160 ../../libdaisy/build\libdaisy.a(dsy_audio.o)
                0x08000a38                HAL_SAI_RxHalfCpltCallback
 .text.HAL_SAI_RxCpltCallback
                0x08000b98      0x16c ../../libdaisy/build\libdaisy.a(dsy_audio.o)
                0x08000b98                HAL_SAI_RxCpltCallback
 .text.dsy_qspi_init
                0x08000d04      0x398 ../../libdaisy/build\libdaisy.a(dsy_qspi.o)
                0x08000d04                dsy_qspi_init
 .text.HAL_QSPI_MspInit
                0x0800109c      0x11c ../../libdaisy/build\libdaisy.a(dsy_qspi.o)
                0x0800109c                HAL_QSPI_MspInit
 .text.HAL_QSPI_MspDeInit
                0x080011b8       0x64 ../../libdaisy/build\libdaisy.a(dsy_qspi.o)
                0x080011b8                HAL_QSPI_MspDeInit
 .text.QUADSPI_IRQHandler
                0x0800121c        0xc ../../libdaisy/build\libdaisy.a(dsy_qspi.o)
                0x0800121c                QUADSPI_IRQHandler
 .text.dsy_sdram_init
                0x08001228      0x110 ../../libdaisy/build\libdaisy.a(dsy_sdram.o)
                0x08001228                dsy_sdram_init
 .text.HAL_SDRAM_MspInit
                0x08001338      0x1e4 ../../libdaisy/build\libdaisy.a(dsy_sdram.o)
                0x08001338                HAL_SDRAM_MspInit
 .text.SystemClock_Config
                0x0800151c      0x178 ../../libdaisy/build\libdaisy.a(dsy_system.o)
 .text.SysTick_Handler
                0x08001694       0x10 ../../libdaisy/build\libdaisy.a(dsy_system.o)
                0x08001694                SysTick_Handler
 .text.dsy_system_init
                0x080016a4       0x40 ../../libdaisy/build\libdaisy.a(dsy_system.o)
                0x080016a4                dsy_system_init
 .text.dsy_i2c1_init
                0x080016e4       0x4c ../../libdaisy/build\libdaisy.a(i2c.o)
                0x080016e4                dsy_i2c1_init
 .text.dsy_i2c2_init
                0x08001730       0x4c ../../libdaisy/build\libdaisy.a(i2c.o)
                0x08001730                dsy_i2c2_init
 .text.HAL_I2C_MspInit
                0x0800177c      0x104 ../../libdaisy/build\libdaisy.a(i2c.o)
                0x0800177c                HAL_I2C_MspInit
 .text.dsy_sai1_init
                0x08001880       0x88 ../../libdaisy/build\libdaisy.a(sai.o)
                0x08001880                dsy_sai1_init
 .text.dsy_sai2_init
                0x08001908       0x80 ../../libdaisy/build\libdaisy.a(sai.o)
                0x08001908                dsy_sai2_init
 .text.HAL_SAI_MspInit
                0x08001988      0x3d8 ../../libdaisy/build\libdaisy.a(sai.o)
                0x08001988                HAL_SAI_MspInit
 .text.HAL_ADC_ConfigChannel
                0x08001d60      0x3cc ../../libdaisy/build\libdaisy.a(stm32h7xx_hal_adc.o)
                0x08001d60                HAL_ADC_ConfigChannel
 .text.ADC_ConfigureBoostMode
                0x0800212c      0x17c ../../libdaisy/build\libdaisy.a(stm32h7xx_hal_adc.o)
                0x0800212c                ADC_ConfigureBoostMode
 .text.HAL_ADC_Init
                0x080022a8      0x218 ../../libdaisy/build\libdaisy.a(stm32h7xx_hal_adc.o)
                0x080022a8                HAL_ADC_Init
 .text.HAL_ADCEx_MultiModeConfigChannel
                0x080024c0       0xc4 ../../libdaisy/build\libdaisy.a(stm32h7xx_hal_adc_ex.o)
                0x080024c0                HAL_ADCEx_MultiModeConfigChannel
 .text.HAL_NVIC_SetPriorityGrouping
                0x08002584       0x28 ../../libdaisy/build\libdaisy.a(stm32h7xx_hal_cortex.o)
                0x08002584                HAL_NVIC_SetPriorityGrouping
 .text.HAL_NVIC_SetPriority
                0x080025ac       0x6c ../../libdaisy/build\libdaisy.a(stm32h7xx_hal_cortex.o)
                0x080025ac                HAL_NVIC_SetPriority
 .text.HAL_NVIC_EnableIRQ
                0x08002618       0x1c ../../libdaisy/build\libdaisy.a(stm32h7xx_hal_cortex.o)
                0x08002618                HAL_NVIC_EnableIRQ
 .text.HAL_NVIC_DisableIRQ
                0x08002634       0x28 ../../libdaisy/build\libdaisy.a(stm32h7xx_hal_cortex.o)
                0x08002634                HAL_NVIC_DisableIRQ
 .text.HAL_SYSTICK_Config
                0x0800265c       0x30 ../../libdaisy/build\libdaisy.a(stm32h7xx_hal_cortex.o)
                0x0800265c                HAL_SYSTICK_Config
 .text.HAL_SYSTICK_Callback
                0x0800268c        0x4 ../../libdaisy/build\libdaisy.a(stm32h7xx_hal_cortex.o)
                0x0800268c                HAL_SYSTICK_Callback
 .text.HAL_SYSTICK_IRQHandler
                0x08002690        0x8 ../../libdaisy/build\libdaisy.a(stm32h7xx_hal_cortex.o)
                0x08002690                HAL_SYSTICK_IRQHandler
 .text.HAL_SDRAM_Init
                0x08002698       0x54 ../../libdaisy/build\libdaisy.a(stm32h7xx_hal_sdram.o)
                0x08002698                HAL_SDRAM_Init
 .text.HAL_SDRAM_SendCommand
                0x080026ec       0x4c ../../libdaisy/build\libdaisy.a(stm32h7xx_hal_sdram.o)
                0x080026ec                HAL_SDRAM_SendCommand
 .text.HAL_SDRAM_ProgramRefreshRate
                0x08002738       0x34 ../../libdaisy/build\libdaisy.a(stm32h7xx_hal_sdram.o)
                0x08002738                HAL_SDRAM_ProgramRefreshRate
 .text.I2C_WaitOnTXISFlagUntilTimeout
                0x0800276c       0xc8 ../../libdaisy/build\libdaisy.a(stm32h7xx_hal_i2c.o)
 .text.I2C_WaitOnSTOPFlagUntilTimeout
                0x08002834       0xb4 ../../libdaisy/build\libdaisy.a(stm32h7xx_hal_i2c.o)
 .text.HAL_I2C_Init
                0x080028e8       0xa8 ../../libdaisy/build\libdaisy.a(stm32h7xx_hal_i2c.o)
                0x080028e8                HAL_I2C_Init
 .text.HAL_I2C_Master_Transmit
                0x08002990      0x1b4 ../../libdaisy/build\libdaisy.a(stm32h7xx_hal_i2c.o)
                0x08002990                HAL_I2C_Master_Transmit
 .text.HAL_I2CEx_ConfigAnalogFilter
                0x08002b44       0x54 ../../libdaisy/build\libdaisy.a(stm32h7xx_hal_i2c_ex.o)
                0x08002b44                HAL_I2CEx_ConfigAnalogFilter
 .text.HAL_I2CEx_ConfigDigitalFilter
                0x08002b98       0x50 ../../libdaisy/build\libdaisy.a(stm32h7xx_hal_i2c_ex.o)
                0x08002b98                HAL_I2CEx_ConfigDigitalFilter
 .text.QSPI_Config
                0x08002be8      0x1a0 ../../libdaisy/build\libdaisy.a(stm32h7xx_hal_qspi.o)
 .text.HAL_QSPI_Init
                0x08002d88       0xd8 ../../libdaisy/build\libdaisy.a(stm32h7xx_hal_qspi.o)
                0x08002d88                HAL_QSPI_Init
 .text.HAL_QSPI_DeInit
                0x08002e60       0x3c ../../libdaisy/build\libdaisy.a(stm32h7xx_hal_qspi.o)
                0x08002e60                HAL_QSPI_DeInit
 .text.HAL_QSPI_Command
                0x08002e9c       0xd4 ../../libdaisy/build\libdaisy.a(stm32h7xx_hal_qspi.o)
                0x08002e9c                HAL_QSPI_Command
 .text.HAL_QSPI_Transmit
                0x08002f70      0x11c ../../libdaisy/build\libdaisy.a(stm32h7xx_hal_qspi.o)
                0x08002f70                HAL_QSPI_Transmit
 .text.HAL_QSPI_Receive
                0x0800308c      0x11c ../../libdaisy/build\libdaisy.a(stm32h7xx_hal_qspi.o)
                0x0800308c                HAL_QSPI_Receive
 .text.HAL_QSPI_AutoPolling
                0x080031a8       0xe0 ../../libdaisy/build\libdaisy.a(stm32h7xx_hal_qspi.o)
                0x080031a8                HAL_QSPI_AutoPolling
 .text.HAL_QSPI_MemoryMapped
                0x08003288       0xb8 ../../libdaisy/build\libdaisy.a(stm32h7xx_hal_qspi.o)
                0x08003288                HAL_QSPI_MemoryMapped
 .text.HAL_QSPI_ErrorCallback
                0x08003340        0x4 ../../libdaisy/build\libdaisy.a(stm32h7xx_hal_qspi.o)
                0x08003340                HAL_QSPI_ErrorCallback
 .text.QSPI_DMAAbortCplt
                0x08003344       0x38 ../../libdaisy/build\libdaisy.a(stm32h7xx_hal_qspi.o)
 .text.HAL_QSPI_AbortCpltCallback
                0x0800337c        0x4 ../../libdaisy/build\libdaisy.a(stm32h7xx_hal_qspi.o)
                0x0800337c                HAL_QSPI_AbortCpltCallback
 .text.HAL_QSPI_CmdCpltCallback
                0x08003380        0x4 ../../libdaisy/build\libdaisy.a(stm32h7xx_hal_qspi.o)
                0x08003380                HAL_QSPI_CmdCpltCallback
 .text.HAL_QSPI_RxCpltCallback
                0x08003384        0x4 ../../libdaisy/build\libdaisy.a(stm32h7xx_hal_qspi.o)
                0x08003384                HAL_QSPI_RxCpltCallback
 .text.HAL_QSPI_TxCpltCallback
                0x08003388        0x4 ../../libdaisy/build\libdaisy.a(stm32h7xx_hal_qspi.o)
                0x08003388                HAL_QSPI_TxCpltCallback
 .text.HAL_QSPI_FifoThresholdCallback
                0x0800338c        0x4 ../../libdaisy/build\libdaisy.a(stm32h7xx_hal_qspi.o)
                0x0800338c                HAL_QSPI_FifoThresholdCallback
 .text.HAL_QSPI_StatusMatchCallback
                0x08003390        0x4 ../../libdaisy/build\libdaisy.a(stm32h7xx_hal_qspi.o)
                0x08003390                HAL_QSPI_StatusMatchCallback
 .text.HAL_QSPI_TimeOutCallback
                0x08003394        0x4 ../../libdaisy/build\libdaisy.a(stm32h7xx_hal_qspi.o)
                0x08003394                HAL_QSPI_TimeOutCallback
 .text.HAL_QSPI_IRQHandler
                0x08003398      0x21c ../../libdaisy/build\libdaisy.a(stm32h7xx_hal_qspi.o)
                0x08003398                HAL_QSPI_IRQHandler
 .text.HAL_QSPI_GetFifoThreshold
                0x080035b4        0xc ../../libdaisy/build\libdaisy.a(stm32h7xx_hal_qspi.o)
                0x080035b4                HAL_QSPI_GetFifoThreshold
 .text.HAL_SAI_Init
                0x080035c0      0x39c ../../libdaisy/build\libdaisy.a(stm32h7xx_hal_sai.o)
                0x080035c0                HAL_SAI_Init
 .text.HAL_SAI_InitProtocol
                0x0800395c      0x154 ../../libdaisy/build\libdaisy.a(stm32h7xx_hal_sai.o)
                0x0800395c                HAL_SAI_InitProtocol
 .text.HAL_SAI_Transmit_DMA
                0x08003ab0      0x134 ../../libdaisy/build\libdaisy.a(stm32h7xx_hal_sai.o)
                0x08003ab0                HAL_SAI_Transmit_DMA
 .text.HAL_SAI_Receive_DMA
                0x08003be4       0xdc ../../libdaisy/build\libdaisy.a(stm32h7xx_hal_sai.o)
                0x08003be4                HAL_SAI_Receive_DMA
 .text.HAL_SAI_TxCpltCallback
                0x08003cc0        0x4 ../../libdaisy/build\libdaisy.a(stm32h7xx_hal_sai.o)
                0x08003cc0                HAL_SAI_TxCpltCallback
 .text.SAI_DMATxCplt
                0x08003cc4       0x60 ../../libdaisy/build\libdaisy.a(stm32h7xx_hal_sai.o)
 .text.HAL_SAI_TxHalfCpltCallback
                0x08003d24        0x4 ../../libdaisy/build\libdaisy.a(stm32h7xx_hal_sai.o)
                0x08003d24                HAL_SAI_TxHalfCpltCallback
 .text.SAI_DMATxHalfCplt
                0x08003d28        0xc ../../libdaisy/build\libdaisy.a(stm32h7xx_hal_sai.o)
 .text.SAI_DMARxCplt
                0x08003d34       0x60 ../../libdaisy/build\libdaisy.a(stm32h7xx_hal_sai.o)
 .text.SAI_DMARxHalfCplt
                0x08003d94        0xc ../../libdaisy/build\libdaisy.a(stm32h7xx_hal_sai.o)
 .text.HAL_SAI_ErrorCallback
                0x08003da0        0x4 ../../libdaisy/build\libdaisy.a(stm32h7xx_hal_sai.o)
                0x08003da0                HAL_SAI_ErrorCallback
 .text.SAI_DMAError
                0x08003da4       0x7c ../../libdaisy/build\libdaisy.a(stm32h7xx_hal_sai.o)
 .text.HAL_RCC_OscConfig
                0x08003e20      0x548 ../../libdaisy/build\libdaisy.a(stm32h7xx_hal_rcc.o)
                0x08003e20                HAL_RCC_OscConfig
 .text.HAL_RCC_GetSysClockFreq
                0x08004368      0x118 ../../libdaisy/build\libdaisy.a(stm32h7xx_hal_rcc.o)
                0x08004368                HAL_RCC_GetSysClockFreq
 .text.HAL_RCC_ClockConfig
                0x08004480      0x22c ../../libdaisy/build\libdaisy.a(stm32h7xx_hal_rcc.o)
                0x08004480                HAL_RCC_ClockConfig
 .text.HAL_RCC_GetHCLKFreq
                0x080046ac       0x2c ../../libdaisy/build\libdaisy.a(stm32h7xx_hal_rcc.o)
                0x080046ac                HAL_RCC_GetHCLKFreq
 .text.RCCEx_PLL2_Config
                0x080046d8       0xf8 ../../libdaisy/build\libdaisy.a(stm32h7xx_hal_rcc_ex.o)
 .text.RCCEx_PLL3_Config
                0x080047d0       0xf8 ../../libdaisy/build\libdaisy.a(stm32h7xx_hal_rcc_ex.o)
 .text.HAL_RCCEx_PeriphCLKConfig
                0x080048c8      0xa88 ../../libdaisy/build\libdaisy.a(stm32h7xx_hal_rcc_ex.o)
                0x080048c8                HAL_RCCEx_PeriphCLKConfig
 .text.HAL_RCCEx_GetPLL2ClockFreq
                0x08005350      0x130 ../../libdaisy/build\libdaisy.a(stm32h7xx_hal_rcc_ex.o)
                0x08005350                HAL_RCCEx_GetPLL2ClockFreq
 .text.HAL_RCCEx_GetPLL3ClockFreq
                0x08005480      0x130 ../../libdaisy/build\libdaisy.a(stm32h7xx_hal_rcc_ex.o)
                0x08005480                HAL_RCCEx_GetPLL3ClockFreq
 .text.HAL_RCCEx_GetPLL1ClockFreq
                0x080055b0      0x130 ../../libdaisy/build\libdaisy.a(stm32h7xx_hal_rcc_ex.o)
                0x080055b0                HAL_RCCEx_GetPLL1ClockFreq
 .text.HAL_RCCEx_GetPeriphCLKFreq
                0x080056e0      0x198 ../../libdaisy/build\libdaisy.a(stm32h7xx_hal_rcc_ex.o)
                0x080056e0                HAL_RCCEx_GetPeriphCLKFreq
 .text.HAL_RCCEx_GetD1SysClockFreq
                0x08005878       0x2c ../../libdaisy/build\libdaisy.a(stm32h7xx_hal_rcc_ex.o)
                0x08005878                HAL_RCCEx_GetD1SysClockFreq
 .text.HAL_GPIO_Init
                0x080058a4      0x250 ../../libdaisy/build\libdaisy.a(stm32h7xx_hal_gpio.o)
                0x080058a4                HAL_GPIO_Init
 .text.HAL_GPIO_DeInit
                0x08005af4      0x198 ../../libdaisy/build\libdaisy.a(stm32h7xx_hal_gpio.o)
                0x08005af4                HAL_GPIO_DeInit
 .text.DMA_SetConfig
                0x08005c8c      0x178 ../../libdaisy/build\libdaisy.a(stm32h7xx_hal_dma.o)
 .text.DMA_CalcBaseAndBitshift
                0x08005e04       0xf4 ../../libdaisy/build\libdaisy.a(stm32h7xx_hal_dma.o)
 .text.DMA_CalcDMAMUXChannelBaseAndMask
                0x08005ef8       0xdc ../../libdaisy/build\libdaisy.a(stm32h7xx_hal_dma.o)
 .text.HAL_DMA_Init
                0x08005fd4      0x394 ../../libdaisy/build\libdaisy.a(stm32h7xx_hal_dma.o)
                0x08005fd4                HAL_DMA_Init
 .text.HAL_DMA_Start_IT
                0x08006368      0x170 ../../libdaisy/build\libdaisy.a(stm32h7xx_hal_dma.o)
                0x08006368                HAL_DMA_Start_IT
 .text.HAL_DMA_IRQHandler
                0x080064d8      0x6b0 ../../libdaisy/build\libdaisy.a(stm32h7xx_hal_dma.o)
                0x080064d8                HAL_DMA_IRQHandler
 .text.HAL_DMA_GetError
                0x08006b88        0x4 ../../libdaisy/build\libdaisy.a(stm32h7xx_hal_dma.o)
                0x08006b88                HAL_DMA_GetError
 .text.HAL_MDMA_Abort_IT
                0x08006b8c       0x2c ../../libdaisy/build\libdaisy.a(stm32h7xx_hal_mdma.o)
                0x08006b8c                HAL_MDMA_Abort_IT
 .text.HAL_PWREx_ConfigSupply
                0x08006bb8       0x4c ../../libdaisy/build\libdaisy.a(stm32h7xx_hal_pwr_ex.o)
                0x08006bb8                HAL_PWREx_ConfigSupply
 .text.HAL_PWREx_EnableUSBVoltageDetector
                0x08006c04       0x10 ../../libdaisy/build\libdaisy.a(stm32h7xx_hal_pwr_ex.o)
                0x08006c04                HAL_PWREx_EnableUSBVoltageDetector
 .text.HAL_MspInit
                0x08006c14        0x4 ../../libdaisy/build\libdaisy.a(stm32h7xx_hal.o)
                0x08006c14                HAL_MspInit
 .text.HAL_InitTick
                0x08006c18       0x4c ../../libdaisy/build\libdaisy.a(stm32h7xx_hal.o)
                0x08006c18                HAL_InitTick
 .text.HAL_Init
                0x08006c64       0x5c ../../libdaisy/build\libdaisy.a(stm32h7xx_hal.o)
                0x08006c64                HAL_Init
 .text.HAL_IncTick
                0x08006cc0       0x18 ../../libdaisy/build\libdaisy.a(stm32h7xx_hal.o)
                0x08006cc0                HAL_IncTick
 .text.HAL_GetTick
                0x08006cd8        0xc ../../libdaisy/build\libdaisy.a(stm32h7xx_hal.o)
                0x08006cd8                HAL_GetTick
 .text.HAL_Delay
                0x08006ce4       0x24 ../../libdaisy/build\libdaisy.a(stm32h7xx_hal.o)
                0x08006ce4                HAL_Delay
 .text.HAL_GetREVID
                0x08006d08        0xc ../../libdaisy/build\libdaisy.a(stm32h7xx_hal.o)
                0x08006d08                HAL_GetREVID
 .text.codec_pcm3060_init
                0x08006d14       0x7c ../../libdaisy/build\libdaisy.a(codec_pcm3060.o)
                0x08006d14                codec_pcm3060_init
 .text.codec_wm8731_init
                0x08006d90      0x208 ../../libdaisy/build\libdaisy.a(codec_wm8731.o)
                0x08006d90                codec_wm8731_init
 .text.dsy_dma_init
                0x08006f98       0x78 ../../libdaisy/build\libdaisy.a(dma.o)
                0x08006f98                dsy_dma_init
 .text.FMC_SDRAM_Init
                0x08007010       0x78 ../../libdaisy/build\libdaisy.a(stm32h7xx_ll_fmc.o)
                0x08007010                FMC_SDRAM_Init
 .text.FMC_SDRAM_Timing_Init
                0x08007088       0x84 ../../libdaisy/build\libdaisy.a(stm32h7xx_ll_fmc.o)
                0x08007088                FMC_SDRAM_Timing_Init
 .text.FMC_SDRAM_SendCommand
                0x0800710c       0x24 ../../libdaisy/build\libdaisy.a(stm32h7xx_ll_fmc.o)
                0x0800710c                FMC_SDRAM_SendCommand
 .text.FMC_SDRAM_ProgramRefreshRate
                0x08007130       0x1c ../../libdaisy/build\libdaisy.a(stm32h7xx_ll_fmc.o)
                0x08007130                FMC_SDRAM_ProgramRefreshRate
 .text.dsy_noise_init
                0x0800714c        0xc ../../daisysp/build\libdaisysp.a(dsy_noise.o)
                0x0800714c                dsy_noise_init
 .text.dsy_noise_process
                0x08007158       0x20 ../../daisysp/build\libdaisysp.a(dsy_noise.o)
                0x08007158                dsy_noise_process
 .text.__libc_init_array
                0x08007178       0x48 c:/program files (x86)/gnu tools arm embedded/8 2019-q3-update/bin/../lib/gcc/arm-none-eabi/8.3.1/../../../../arm-none-eabi/lib/thumb/v7e-m+dp/hard\libc_nano.a(lib_a-init.o)
                0x08007178                __libc_init_array
 .text.memcpy   0x080071c0       0x1c c:/program files (x86)/gnu tools arm embedded/8 2019-q3-update/bin/../lib/gcc/arm-none-eabi/8.3.1/../../../../arm-none-eabi/lib/thumb/v7e-m+dp/hard\libc_nano.a(lib_a-memcpy-stub.o)
                0x080071c0                memcpy
 .text.memset   0x080071dc       0x10 c:/program files (x86)/gnu tools arm embedded/8 2019-q3-update/bin/../lib/gcc/arm-none-eabi/8.3.1/../../../../arm-none-eabi/lib/thumb/v7e-m+dp/hard\libc_nano.a(lib_a-memset.o)
                0x080071dc                memset
 *(.rodata)
 *(.rodata*)
 .rodata.D1CorePrescTable
                0x080071ec       0x10 build/system_stm32h7xx.o
                0x080071ec                D1CorePrescTable
 .rodata.gpio_config_af
                0x080071fc       0x18 ../../libdaisy/build\libdaisy.a(dsy_qspi.o)
 .rodata.gpio_config_pins
                0x08007214       0x30 ../../libdaisy/build\libdaisy.a(dsy_qspi.o)
 .rodata.gpio_config_ports
                0x08007244       0x60 ../../libdaisy/build\libdaisy.a(dsy_qspi.o)
 .rodata.flagBitshiftOffset.17833
                0x080072a4        0x8 ../../libdaisy/build\libdaisy.a(stm32h7xx_hal_dma.o)
 *(.glue_7)
 .glue_7        0x080072ac        0x0 linker stubs
 *(.glue_7t)
 .glue_7t       0x080072ac        0x0 linker stubs
 *(.init)
 .init          0x080072ac        0x4 c:/program files (x86)/gnu tools arm embedded/8 2019-q3-update/bin/../lib/gcc/arm-none-eabi/8.3.1/thumb/v7e-m+dp/hard/crti.o
                0x080072ac                _init
 .init          0x080072b0        0x8 c:/program files (x86)/gnu tools arm embedded/8 2019-q3-update/bin/../lib/gcc/arm-none-eabi/8.3.1/thumb/v7e-m+dp/hard/crtn.o
 *(.fini)
 .fini          0x080072b8        0x4 c:/program files (x86)/gnu tools arm embedded/8 2019-q3-update/bin/../lib/gcc/arm-none-eabi/8.3.1/thumb/v7e-m+dp/hard/crti.o
                0x080072b8                _fini
 .fini          0x080072bc        0x8 c:/program files (x86)/gnu tools arm embedded/8 2019-q3-update/bin/../lib/gcc/arm-none-eabi/8.3.1/thumb/v7e-m+dp/hard/crtn.o
                0x080072c4                . = ALIGN (0x4)
                0x080072c4                _etext = .

.vfp11_veneer   0x080072c4        0x0
 .vfp11_veneer  0x080072c4        0x0 linker stubs

.v4_bx          0x080072c4        0x0
 .v4_bx         0x080072c4        0x0 linker stubs

.iplt           0x080072c4        0x0
 .iplt          0x080072c4        0x0 c:/program files (x86)/gnu tools arm embedded/8 2019-q3-update/bin/../lib/gcc/arm-none-eabi/8.3.1/thumb/v7e-m+dp/hard/crtbegin.o

.rel.dyn        0x080072c4        0x0
 .rel.iplt      0x080072c4        0x0 c:/program files (x86)/gnu tools arm embedded/8 2019-q3-update/bin/../lib/gcc/arm-none-eabi/8.3.1/thumb/v7e-m+dp/hard/crtbegin.o

.ARM.extab      0x080072c4        0x0
                0x080072c4                . = ALIGN (0x4)
 *(.ARM.extab)
 *(.gnu.linkonce.armextab.*)
                0x080072c4                . = ALIGN (0x4)

.exidx          0x080072c4        0x0
                0x080072c4                . = ALIGN (0x4)
                [!provide]                PROVIDE (__exidx_start = .)
 *(.ARM.exidx*)
                0x080072c4                . = ALIGN (0x4)
                [!provide]                PROVIDE (__exidx_end = .)

.ARM.attributes
                0x080072c4       0x2e
 *(.ARM.attributes)
 .ARM.attributes
                0x080072c4       0x1e c:/program files (x86)/gnu tools arm embedded/8 2019-q3-update/bin/../lib/gcc/arm-none-eabi/8.3.1/thumb/v7e-m+dp/hard/crti.o
 .ARM.attributes
                0x080072e2       0x32 c:/program files (x86)/gnu tools arm embedded/8 2019-q3-update/bin/../lib/gcc/arm-none-eabi/8.3.1/thumb/v7e-m+dp/hard/crtbegin.o
 .ARM.attributes
                0x08007314       0x32 build/noise.o
 .ARM.attributes
                0x08007346       0x32 build/system_stm32h7xx.o
 .ARM.attributes
                0x08007378       0x21 build/startup_stm32h750xx.o
 .ARM.attributes
                0x08007399       0x32 ../../libdaisy/build\libdaisy.a(dsy_adc.o)
 .ARM.attributes
                0x080073cb       0x32 ../../libdaisy/build\libdaisy.a(dsy_audio.o)
 .ARM.attributes
                0x080073fd       0x32 ../../libdaisy/build\libdaisy.a(dsy_qspi.o)
 .ARM.attributes
                0x0800742f       0x32 ../../libdaisy/build\libdaisy.a(dsy_sdram.o)
 .ARM.attributes
                0x08007461       0x32 ../../libdaisy/build\libdaisy.a(dsy_system.o)
 .ARM.attributes
                0x08007493       0x32 ../../libdaisy/build\libdaisy.a(i2c.o)
 .ARM.attributes
                0x080074c5       0x32 ../../libdaisy/build\libdaisy.a(sai.o)
 .ARM.attributes
                0x080074f7       0x32 ../../libdaisy/build\libdaisy.a(stm32h7xx_hal_adc.o)
 .ARM.attributes
                0x08007529       0x32 ../../libdaisy/build\libdaisy.a(stm32h7xx_hal_adc_ex.o)
 .ARM.attributes
                0x0800755b       0x32 ../../libdaisy/build\libdaisy.a(stm32h7xx_hal_cortex.o)
 .ARM.attributes
                0x0800758d       0x32 ../../libdaisy/build\libdaisy.a(stm32h7xx_hal_sdram.o)
 .ARM.attributes
                0x080075bf       0x32 ../../libdaisy/build\libdaisy.a(stm32h7xx_hal_i2c.o)
 .ARM.attributes
                0x080075f1       0x32 ../../libdaisy/build\libdaisy.a(stm32h7xx_hal_i2c_ex.o)
 .ARM.attributes
                0x08007623       0x32 ../../libdaisy/build\libdaisy.a(stm32h7xx_hal_qspi.o)
 .ARM.attributes
                0x08007655       0x32 ../../libdaisy/build\libdaisy.a(stm32h7xx_hal_sai.o)
 .ARM.attributes
                0x08007687       0x32 ../../libdaisy/build\libdaisy.a(stm32h7xx_hal_rcc.o)
 .ARM.attributes
                0x080076b9       0x32 ../../libdaisy/build\libdaisy.a(stm32h7xx_hal_rcc_ex.o)
 .ARM.attributes
                0x080076eb       0x32 ../../libdaisy/build\libdaisy.a(stm32h7xx_hal_gpio.o)
 .ARM.attributes
                0x0800771d       0x32 ../../libdaisy/build\libdaisy.a(stm32h7xx_hal_dma.o)
 .ARM.attributes
                0x0800774f       0x32 ../../libdaisy/build\libdaisy.a(stm32h7xx_hal_mdma.o)
 .ARM.attributes
                0x08007781       0x32 ../../libdaisy/build\libdaisy.a(stm32h7xx_hal_pwr_ex.o)
 .ARM.attributes
                0x080077b3       0x32 ../../libdaisy/build\libdaisy.a(stm32h7xx_hal.o)
 .ARM.attributes
                0x080077e5       0x32 ../../libdaisy/build\libdaisy.a(codec_pcm3060.o)
 .ARM.attributes
                0x08007817       0x32 ../../libdaisy/build\libdaisy.a(codec_wm8731.o)
 .ARM.attributes
                0x08007849       0x32 ../../libdaisy/build\libdaisy.a(dma.o)
 .ARM.attributes
                0x0800787b       0x32 ../../libdaisy/build\libdaisy.a(stm32h7xx_ll_fmc.o)
 .ARM.attributes
                0x080078ad       0x32 ../../daisysp/build\libdaisysp.a(dsy_noise.o)
 .ARM.attributes
                0x080078df       0x32 c:/program files (x86)/gnu tools arm embedded/8 2019-q3-update/bin/../lib/gcc/arm-none-eabi/8.3.1/../../../../arm-none-eabi/lib/thumb/v7e-m+dp/hard\libc_nano.a(lib_a-init.o)
 .ARM.attributes
                0x08007911       0x32 c:/program files (x86)/gnu tools arm embedded/8 2019-q3-update/bin/../lib/gcc/arm-none-eabi/8.3.1/../../../../arm-none-eabi/lib/thumb/v7e-m+dp/hard\libc_nano.a(lib_a-memcpy-stub.o)
 .ARM.attributes
                0x08007943       0x32 c:/program files (x86)/gnu tools arm embedded/8 2019-q3-update/bin/../lib/gcc/arm-none-eabi/8.3.1/../../../../arm-none-eabi/lib/thumb/v7e-m+dp/hard\libc_nano.a(lib_a-memset.o)
 .ARM.attributes
                0x08007975       0x1e c:/program files (x86)/gnu tools arm embedded/8 2019-q3-update/bin/../lib/gcc/arm-none-eabi/8.3.1/thumb/v7e-m+dp/hard/crtn.o

.preinit_array  0x080072c4        0x0
                0x080072c4                PROVIDE (__preinit_array_start = .)
 *(.preinit_array*)
                0x080072c4                PROVIDE (__preinit_array_end = .)

.init_array     0x080072c4        0x4
                0x080072c4                PROVIDE (__init_array_start = .)
 *(SORT_BY_NAME(.init_array.*))
 *(.init_array*)
 .init_array    0x080072c4        0x4 c:/program files (x86)/gnu tools arm embedded/8 2019-q3-update/bin/../lib/gcc/arm-none-eabi/8.3.1/thumb/v7e-m+dp/hard/crtbegin.o
                0x080072c8                PROVIDE (__init_array_end = .)

.fini_array     0x080072c8        0x4
                [!provide]                PROVIDE (__fini_array_start = .)
 *(.fini_array*)
 .fini_array    0x080072c8        0x4 c:/program files (x86)/gnu tools arm embedded/8 2019-q3-update/bin/../lib/gcc/arm-none-eabi/8.3.1/thumb/v7e-m+dp/hard/crtbegin.o
 *(SORT_BY_NAME(.fini_array.*))
                [!provide]                PROVIDE (__fini_array_end = .)

.data           0x24000000       0x10 load address 0x080072cc
                0x24000000                . = ALIGN (0x4)
                0x24000000                _sdata = .
                [!provide]                PROVIDE (__data_start__ = _sdata)
 *(.data)
 *(.data*)
 .data.SystemCoreClock
                0x24000000        0x4 build/system_stm32h7xx.o
                0x24000000                SystemCoreClock
 .data.SystemD2Clock
                0x24000004        0x4 build/system_stm32h7xx.o
                0x24000004                SystemD2Clock
 .data.uwTickFreq
                0x24000008        0x1 ../../libdaisy/build\libdaisy.a(stm32h7xx_hal.o)
 *fill*         0x24000009        0x3 
 .data.uwTickPrio
                0x2400000c        0x4 ../../libdaisy/build\libdaisy.a(stm32h7xx_hal.o)
                0x24000010                . = ALIGN (0x4)
                0x24000010                _edata = .
                [!provide]                PROVIDE (__data_end__ = _edata)
                0x080072cc                _sidata = LOADADDR (.data)

.igot.plt       0x24000010        0x0 load address 0x080072dc
 .igot.plt      0x24000010        0x0 c:/program files (x86)/gnu tools arm embedded/8 2019-q3-update/bin/../lib/gcc/arm-none-eabi/8.3.1/thumb/v7e-m+dp/hard/crtbegin.o

.bss            0x24000010     0x1034 load address 0x080072dc
                0x24000010                . = ALIGN (0x4)
                0x24000010                _sbss = .
                0x24000010                PROVIDE (__bss_start__ = _sbss)
 *(.bss)
 .bss           0x24000010       0x1c c:/program files (x86)/gnu tools arm embedded/8 2019-q3-update/bin/../lib/gcc/arm-none-eabi/8.3.1/thumb/v7e-m+dp/hard/crtbegin.o
 *(.bss*)
 .bss.noise_gen
                0x2400002c        0x8 build/noise.o
 .bss.seed      0x24000034       0x6a build/noise.o
 *fill*         0x2400009e        0x2 
 .bss.dsy_adc_handle
                0x240000a0       0x12 ../../libdaisy/build\libdaisy.a(dsy_adc.o)
 *fill*         0x240000b2        0x2 
 .bss.audio_handle
                0x240000b4      0x494 ../../libdaisy/build\libdaisy.a(dsy_audio.o)
 .bss.audio_handle_ext
                0x24000548      0x494 ../../libdaisy/build\libdaisy.a(dsy_audio.o)
 .bss.dsy_qspi_handle
                0x240009dc       0x50 ../../libdaisy/build\libdaisy.a(dsy_qspi.o)
 .bss.FMC_Initialized
                0x24000a2c        0x4 ../../libdaisy/build\libdaisy.a(dsy_sdram.o)
 .bss.dsy_sdram
                0x24000a30       0x38 ../../libdaisy/build\libdaisy.a(dsy_sdram.o)
 .bss.i2c_handler
                0x24000a68        0x1 ../../libdaisy/build\libdaisy.a(i2c.o)
 *fill*         0x24000a69        0x3 
 .bss.SAI1_client
                0x24000a6c        0x4 ../../libdaisy/build\libdaisy.a(sai.o)
 .bss.SAI2_client
                0x24000a70        0x4 ../../libdaisy/build\libdaisy.a(sai.o)
 .bss.dsy_sai_handle
                0x24000a74        0x3 ../../libdaisy/build\libdaisy.a(sai.o)
 *fill*         0x24000a77        0x1 
 .bss.uwTick    0x24000a78        0x4 ../../libdaisy/build\libdaisy.a(stm32h7xx_hal.o)
 *(COMMON)
 COMMON         0x24000a7c       0xdc ../../libdaisy/build\libdaisy.a(dsy_adc.o)
                0x24000a7c                hadc1
                0x24000ae0                hdma_adc1
 COMMON         0x24000b58       0x98 ../../libdaisy/build\libdaisy.a(i2c.o)
                0x24000b58                hi2c1
                0x24000ba4                hi2c2
 COMMON         0x24000bf0      0x440 ../../libdaisy/build\libdaisy.a(sai.o)
                0x24000bf0                hsai_BlockB2
                0x24000c88                hdma_sai2_b
                0x24000d00                hsai_BlockA2
                0x24000d98                hsai_BlockB1
                0x24000e30                hdma_sai1_a
                0x24000ea8                hdma_sai1_b
                0x24000f20                hdma_sai2_a
                0x24000f98                hsai_BlockA1
 COMMON         0x24001030       0x14 ../../libdaisy/build\libdaisy.a(codec_wm8731.o)
                0x24001030                codec_handle
                0x24001044                . = ALIGN (0x4)
                0x24001044                _ebss = .
                0x24001044                PROVIDE (__bss_end__ = _ebss)

.sdram_text     0xc0000000        0x0 load address 0x080072dc
                0xc0000000                . = ALIGN (0x4)
                0xc0000000                _ssdram_text = .
                [!provide]                PROVIDE (__sdram_text_start = _ssdram_text)
 *(.sdram_text)
 *(.sdram_text*)
                0xc0000000                . = ALIGN (0x4)
                0xc0000000                _esdram_text = .
                [!provide]                PROVIDE (__sdram_text_end = _esdram_text)
                0x080072dc                _sisdram_text = LOADADDR (.sdram_text)

.sdram_bss      0xc0000000        0x0 load address 0x080072dc
                0xc0000000                . = ALIGN (0x4)
                0xc0000000                _ssdram_bss = .
                [!provide]                PROVIDE (__sdram_bss_start = _ssdram_bss)
 *(.sdram_bss)
 *(.sdram_bss*)
                0xc0000000                . = ALIGN (0x4)
                0xc0000000                _esdram_bss = .
                [!provide]                PROVIDE (__sdram_bss_end = _esdram_bss)
                [!provide]                PROVIDE (end = .)

.heap           0x24001044        0x0
                0x24001044                . = ALIGN (0x4)
                [!provide]                PROVIDE (__heap_start__ = .)
 *(.heap)
                0x24001044                . = ALIGN (0x4)
                [!provide]                PROVIDE (__heap_end__ = .)

.reserved_for_stack
                0x24001044        0x0
                0x24001044                . = ALIGN (0x4)
                [!provide]                PROVIDE (__reserved_for_stack_start__ = .)
 *(.reserved_for_stack)
                0x24001044                . = ALIGN (0x4)
                [!provide]                PROVIDE (__reserved_for_stack_end__ = .)
OUTPUT(build/noise.elf elf32-littlearm)

.comment        0x00000000       0x76
 .comment       0x00000000       0x76 build/noise.o
                                 0x77 (size before relaxing)
 .comment       0x00000076       0x77 build/system_stm32h7xx.o
 .comment       0x00000076       0x77 ../../libdaisy/build\libdaisy.a(dsy_adc.o)
 .comment       0x00000076       0x77 ../../libdaisy/build\libdaisy.a(dsy_audio.o)
 .comment       0x00000076       0x77 ../../libdaisy/build\libdaisy.a(dsy_qspi.o)
 .comment       0x00000076       0x77 ../../libdaisy/build\libdaisy.a(dsy_sdram.o)
 .comment       0x00000076       0x77 ../../libdaisy/build\libdaisy.a(dsy_system.o)
 .comment       0x00000076       0x77 ../../libdaisy/build\libdaisy.a(i2c.o)
 .comment       0x00000076       0x77 ../../libdaisy/build\libdaisy.a(sai.o)
 .comment       0x00000076       0x77 ../../libdaisy/build\libdaisy.a(stm32h7xx_hal_adc.o)
 .comment       0x00000076       0x77 ../../libdaisy/build\libdaisy.a(stm32h7xx_hal_adc_ex.o)
 .comment       0x00000076       0x77 ../../libdaisy/build\libdaisy.a(stm32h7xx_hal_cortex.o)
 .comment       0x00000076       0x77 ../../libdaisy/build\libdaisy.a(stm32h7xx_hal_sdram.o)
 .comment       0x00000076       0x77 ../../libdaisy/build\libdaisy.a(stm32h7xx_hal_i2c.o)
 .comment       0x00000076       0x77 ../../libdaisy/build\libdaisy.a(stm32h7xx_hal_i2c_ex.o)
 .comment       0x00000076       0x77 ../../libdaisy/build\libdaisy.a(stm32h7xx_hal_qspi.o)
 .comment       0x00000076       0x77 ../../libdaisy/build\libdaisy.a(stm32h7xx_hal_sai.o)
 .comment       0x00000076       0x77 ../../libdaisy/build\libdaisy.a(stm32h7xx_hal_rcc.o)
 .comment       0x00000076       0x77 ../../libdaisy/build\libdaisy.a(stm32h7xx_hal_rcc_ex.o)
 .comment       0x00000076       0x77 ../../libdaisy/build\libdaisy.a(stm32h7xx_hal_gpio.o)
 .comment       0x00000076       0x77 ../../libdaisy/build\libdaisy.a(stm32h7xx_hal_dma.o)
 .comment       0x00000076       0x77 ../../libdaisy/build\libdaisy.a(stm32h7xx_hal_mdma.o)
 .comment       0x00000076       0x77 ../../libdaisy/build\libdaisy.a(stm32h7xx_hal_pwr_ex.o)
 .comment       0x00000076       0x77 ../../libdaisy/build\libdaisy.a(stm32h7xx_hal.o)
 .comment       0x00000076       0x77 ../../libdaisy/build\libdaisy.a(codec_pcm3060.o)
 .comment       0x00000076       0x77 ../../libdaisy/build\libdaisy.a(codec_wm8731.o)
 .comment       0x00000076       0x77 ../../libdaisy/build\libdaisy.a(dma.o)
 .comment       0x00000076       0x77 ../../libdaisy/build\libdaisy.a(stm32h7xx_ll_fmc.o)
 .comment       0x00000076       0x77 ../../daisysp/build\libdaisysp.a(dsy_noise.o)

.debug_frame    0x00000000       0x74
 .debug_frame   0x00000000       0x2c c:/program files (x86)/gnu tools arm embedded/8 2019-q3-update/bin/../lib/gcc/arm-none-eabi/8.3.1/../../../../arm-none-eabi/lib/thumb/v7e-m+dp/hard\libc_nano.a(lib_a-init.o)
 .debug_frame   0x0000002c       0x28 c:/program files (x86)/gnu tools arm embedded/8 2019-q3-update/bin/../lib/gcc/arm-none-eabi/8.3.1/../../../../arm-none-eabi/lib/thumb/v7e-m+dp/hard\libc_nano.a(lib_a-memcpy-stub.o)
 .debug_frame   0x00000054       0x20 c:/program files (x86)/gnu tools arm embedded/8 2019-q3-update/bin/../lib/gcc/arm-none-eabi/8.3.1/../../../../arm-none-eabi/lib/thumb/v7e-m+dp/hard\libc_nano.a(lib_a-memset.o)

Cross Reference Table

Symbol                                            File
ADC3_IRQHandler                                   build/startup_stm32h750xx.o
ADC_ConfigureBoostMode                            ../../libdaisy/build\libdaisy.a(stm32h7xx_hal_adc.o)
ADC_ConversionStop                                ../../libdaisy/build\libdaisy.a(stm32h7xx_hal_adc.o)
                                                  ../../libdaisy/build\libdaisy.a(stm32h7xx_hal_adc_ex.o)
ADC_DMAConvCplt                                   ../../libdaisy/build\libdaisy.a(stm32h7xx_hal_adc.o)
                                                  ../../libdaisy/build\libdaisy.a(stm32h7xx_hal_adc_ex.o)
ADC_DMAError                                      ../../libdaisy/build\libdaisy.a(stm32h7xx_hal_adc.o)
                                                  ../../libdaisy/build\libdaisy.a(stm32h7xx_hal_adc_ex.o)
ADC_DMAHalfConvCplt                               ../../libdaisy/build\libdaisy.a(stm32h7xx_hal_adc.o)
                                                  ../../libdaisy/build\libdaisy.a(stm32h7xx_hal_adc_ex.o)
ADC_Disable                                       ../../libdaisy/build\libdaisy.a(stm32h7xx_hal_adc.o)
                                                  ../../libdaisy/build\libdaisy.a(stm32h7xx_hal_adc_ex.o)
ADC_Enable                                        ../../libdaisy/build\libdaisy.a(stm32h7xx_hal_adc.o)
                                                  ../../libdaisy/build\libdaisy.a(stm32h7xx_hal_adc_ex.o)
ADC_IRQHandler                                    build/startup_stm32h750xx.o
BDMA_Channel0_IRQHandler                          build/startup_stm32h750xx.o
BDMA_Channel1_IRQHandler                          build/startup_stm32h750xx.o
BDMA_Channel2_IRQHandler                          build/startup_stm32h750xx.o
BDMA_Channel3_IRQHandler                          build/startup_stm32h750xx.o
BDMA_Channel4_IRQHandler                          build/startup_stm32h750xx.o
BDMA_Channel5_IRQHandler                          build/startup_stm32h750xx.o
BDMA_Channel6_IRQHandler                          build/startup_stm32h750xx.o
BDMA_Channel7_IRQHandler                          build/startup_stm32h750xx.o
BusFault_Handler                                  build/startup_stm32h750xx.o
CEC_IRQHandler                                    build/startup_stm32h750xx.o
COMP1_IRQHandler                                  build/startup_stm32h750xx.o
CRS_IRQHandler                                    build/startup_stm32h750xx.o
CRYP_IRQHandler                                   build/startup_stm32h750xx.o
D1CorePrescTable                                  build/system_stm32h7xx.o
                                                  ../../libdaisy/build\libdaisy.a(stm32h7xx_hal.o)
                                                  ../../libdaisy/build\libdaisy.a(stm32h7xx_hal_rcc_ex.o)
                                                  ../../libdaisy/build\libdaisy.a(stm32h7xx_hal_rcc.o)
DCMI_IRQHandler                                   build/startup_stm32h750xx.o
DFSDM1_FLT0_IRQHandler                            build/startup_stm32h750xx.o
DFSDM1_FLT1_IRQHandler                            build/startup_stm32h750xx.o
DFSDM1_FLT2_IRQHandler                            build/startup_stm32h750xx.o
DFSDM1_FLT3_IRQHandler                            build/startup_stm32h750xx.o
DMA1_Stream0_IRQHandler                           ../../libdaisy/build\libdaisy.a(dsy_audio.o)
                                                  build/startup_stm32h750xx.o
DMA1_Stream1_IRQHandler                           ../../libdaisy/build\libdaisy.a(dsy_audio.o)
                                                  build/startup_stm32h750xx.o
DMA1_Stream2_IRQHandler                           ../../libdaisy/build\libdaisy.a(dsy_adc.o)
                                                  build/startup_stm32h750xx.o
DMA1_Stream3_IRQHandler                           ../../libdaisy/build\libdaisy.a(dsy_audio.o)
                                                  build/startup_stm32h750xx.o
DMA1_Stream4_IRQHandler                           ../../libdaisy/build\libdaisy.a(dsy_audio.o)
                                                  build/startup_stm32h750xx.o
DMA1_Stream5_IRQHandler                           build/startup_stm32h750xx.o
DMA1_Stream6_IRQHandler                           build/startup_stm32h750xx.o
DMA1_Stream7_IRQHandler                           build/startup_stm32h750xx.o
DMA2D_IRQHandler                                  build/startup_stm32h750xx.o
DMA2_Stream0_IRQHandler                           build/startup_stm32h750xx.o
DMA2_Stream1_IRQHandler                           build/startup_stm32h750xx.o
DMA2_Stream2_IRQHandler                           build/startup_stm32h750xx.o
DMA2_Stream3_IRQHandler                           build/startup_stm32h750xx.o
DMA2_Stream4_IRQHandler                           build/startup_stm32h750xx.o
DMA2_Stream5_IRQHandler                           build/startup_stm32h750xx.o
DMA2_Stream6_IRQHandler                           build/startup_stm32h750xx.o
DMA2_Stream7_IRQHandler                           build/startup_stm32h750xx.o
DMAMUX1_OVR_IRQHandler                            build/startup_stm32h750xx.o
DMAMUX2_OVR_IRQHandler                            build/startup_stm32h750xx.o
DebugMon_Handler                                  build/startup_stm32h750xx.o
Default_Handler                                   build/startup_stm32h750xx.o
ECC_IRQHandler                                    build/startup_stm32h750xx.o
ETH_IRQHandler                                    build/startup_stm32h750xx.o
ETH_WKUP_IRQHandler                               build/startup_stm32h750xx.o
EXTI0_IRQHandler                                  build/startup_stm32h750xx.o
EXTI15_10_IRQHandler                              build/startup_stm32h750xx.o
EXTI1_IRQHandler                                  build/startup_stm32h750xx.o
EXTI2_IRQHandler                                  build/startup_stm32h750xx.o
EXTI3_IRQHandler                                  build/startup_stm32h750xx.o
EXTI4_IRQHandler                                  build/startup_stm32h750xx.o
EXTI9_5_IRQHandler                                build/startup_stm32h750xx.o
FDCAN1_IT0_IRQHandler                             build/startup_stm32h750xx.o
FDCAN1_IT1_IRQHandler                             build/startup_stm32h750xx.o
FDCAN2_IT0_IRQHandler                             build/startup_stm32h750xx.o
FDCAN2_IT1_IRQHandler                             build/startup_stm32h750xx.o
FDCAN_CAL_IRQHandler                              build/startup_stm32h750xx.o
FLASH_IRQHandler                                  build/startup_stm32h750xx.o
FMC_IRQHandler                                    build/startup_stm32h750xx.o
FMC_NAND_AttributeSpace_Timing_Init               ../../libdaisy/build\libdaisy.a(stm32h7xx_ll_fmc.o)
FMC_NAND_CommonSpace_Timing_Init                  ../../libdaisy/build\libdaisy.a(stm32h7xx_ll_fmc.o)
FMC_NAND_DeInit                                   ../../libdaisy/build\libdaisy.a(stm32h7xx_ll_fmc.o)
FMC_NAND_ECC_Disable                              ../../libdaisy/build\libdaisy.a(stm32h7xx_ll_fmc.o)
FMC_NAND_ECC_Enable                               ../../libdaisy/build\libdaisy.a(stm32h7xx_ll_fmc.o)
FMC_NAND_GetECC                                   ../../libdaisy/build\libdaisy.a(stm32h7xx_ll_fmc.o)
FMC_NAND_Init                                     ../../libdaisy/build\libdaisy.a(stm32h7xx_ll_fmc.o)
FMC_NORSRAM_DeInit                                ../../libdaisy/build\libdaisy.a(stm32h7xx_ll_fmc.o)
FMC_NORSRAM_Extended_Timing_Init                  ../../libdaisy/build\libdaisy.a(stm32h7xx_ll_fmc.o)
FMC_NORSRAM_Init                                  ../../libdaisy/build\libdaisy.a(stm32h7xx_ll_fmc.o)
FMC_NORSRAM_Timing_Init                           ../../libdaisy/build\libdaisy.a(stm32h7xx_ll_fmc.o)
FMC_NORSRAM_WriteOperation_Disable                ../../libdaisy/build\libdaisy.a(stm32h7xx_ll_fmc.o)
FMC_NORSRAM_WriteOperation_Enable                 ../../libdaisy/build\libdaisy.a(stm32h7xx_ll_fmc.o)
FMC_SDRAM_DeInit                                  ../../libdaisy/build\libdaisy.a(stm32h7xx_ll_fmc.o)
                                                  ../../libdaisy/build\libdaisy.a(stm32h7xx_hal_sdram.o)
FMC_SDRAM_GetModeStatus                           ../../libdaisy/build\libdaisy.a(stm32h7xx_ll_fmc.o)
                                                  ../../libdaisy/build\libdaisy.a(stm32h7xx_hal_sdram.o)
FMC_SDRAM_Init                                    ../../libdaisy/build\libdaisy.a(stm32h7xx_ll_fmc.o)
                                                  ../../libdaisy/build\libdaisy.a(stm32h7xx_hal_sdram.o)
FMC_SDRAM_ProgramRefreshRate                      ../../libdaisy/build\libdaisy.a(stm32h7xx_ll_fmc.o)
                                                  ../../libdaisy/build\libdaisy.a(stm32h7xx_hal_sdram.o)
FMC_SDRAM_SendCommand                             ../../libdaisy/build\libdaisy.a(stm32h7xx_ll_fmc.o)
                                                  ../../libdaisy/build\libdaisy.a(stm32h7xx_hal_sdram.o)
FMC_SDRAM_SetAutoRefreshNumber                    ../../libdaisy/build\libdaisy.a(stm32h7xx_ll_fmc.o)
                                                  ../../libdaisy/build\libdaisy.a(stm32h7xx_hal_sdram.o)
FMC_SDRAM_Timing_Init                             ../../libdaisy/build\libdaisy.a(stm32h7xx_ll_fmc.o)
                                                  ../../libdaisy/build\libdaisy.a(stm32h7xx_hal_sdram.o)
FMC_SDRAM_WriteProtection_Disable                 ../../libdaisy/build\libdaisy.a(stm32h7xx_ll_fmc.o)
                                                  ../../libdaisy/build\libdaisy.a(stm32h7xx_hal_sdram.o)
FMC_SDRAM_WriteProtection_Enable                  ../../libdaisy/build\libdaisy.a(stm32h7xx_ll_fmc.o)
                                                  ../../libdaisy/build\libdaisy.a(stm32h7xx_hal_sdram.o)
FPU_IRQHandler                                    build/startup_stm32h750xx.o
HAL_ADCEx_Calibration_GetValue                    ../../libdaisy/build\libdaisy.a(stm32h7xx_hal_adc_ex.o)
HAL_ADCEx_Calibration_SetValue                    ../../libdaisy/build\libdaisy.a(stm32h7xx_hal_adc_ex.o)
HAL_ADCEx_Calibration_Start                       ../../libdaisy/build\libdaisy.a(stm32h7xx_hal_adc_ex.o)
HAL_ADCEx_DisableInjectedQueue                    ../../libdaisy/build\libdaisy.a(stm32h7xx_hal_adc_ex.o)
HAL_ADCEx_DisableVoltageRegulator                 ../../libdaisy/build\libdaisy.a(stm32h7xx_hal_adc_ex.o)
HAL_ADCEx_EnableInjectedQueue                     ../../libdaisy/build\libdaisy.a(stm32h7xx_hal_adc_ex.o)
HAL_ADCEx_EndOfSamplingCallback                   ../../libdaisy/build\libdaisy.a(stm32h7xx_hal_adc_ex.o)
                                                  ../../libdaisy/build\libdaisy.a(stm32h7xx_hal_adc.o)
HAL_ADCEx_EnterADCDeepPowerDownMode               ../../libdaisy/build\libdaisy.a(stm32h7xx_hal_adc_ex.o)
HAL_ADCEx_InjectedConfigChannel                   ../../libdaisy/build\libdaisy.a(stm32h7xx_hal_adc_ex.o)
HAL_ADCEx_InjectedConvCpltCallback                ../../libdaisy/build\libdaisy.a(stm32h7xx_hal_adc_ex.o)
                                                  ../../libdaisy/build\libdaisy.a(stm32h7xx_hal_adc.o)
HAL_ADCEx_InjectedGetValue                        ../../libdaisy/build\libdaisy.a(stm32h7xx_hal_adc_ex.o)
HAL_ADCEx_InjectedPollForConversion               ../../libdaisy/build\libdaisy.a(stm32h7xx_hal_adc_ex.o)
HAL_ADCEx_InjectedQueueOverflowCallback           ../../libdaisy/build\libdaisy.a(stm32h7xx_hal_adc_ex.o)
                                                  ../../libdaisy/build\libdaisy.a(stm32h7xx_hal_adc.o)
HAL_ADCEx_InjectedStart                           ../../libdaisy/build\libdaisy.a(stm32h7xx_hal_adc_ex.o)
HAL_ADCEx_InjectedStart_IT                        ../../libdaisy/build\libdaisy.a(stm32h7xx_hal_adc_ex.o)
HAL_ADCEx_InjectedStop                            ../../libdaisy/build\libdaisy.a(stm32h7xx_hal_adc_ex.o)
HAL_ADCEx_InjectedStop_IT                         ../../libdaisy/build\libdaisy.a(stm32h7xx_hal_adc_ex.o)
HAL_ADCEx_LevelOutOfWindow2Callback               ../../libdaisy/build\libdaisy.a(stm32h7xx_hal_adc_ex.o)
                                                  ../../libdaisy/build\libdaisy.a(stm32h7xx_hal_adc.o)
HAL_ADCEx_LevelOutOfWindow3Callback               ../../libdaisy/build\libdaisy.a(stm32h7xx_hal_adc_ex.o)
                                                  ../../libdaisy/build\libdaisy.a(stm32h7xx_hal_adc.o)
HAL_ADCEx_LinearCalibration_GetValue              ../../libdaisy/build\libdaisy.a(stm32h7xx_hal_adc_ex.o)
HAL_ADCEx_LinearCalibration_SetValue              ../../libdaisy/build\libdaisy.a(stm32h7xx_hal_adc_ex.o)
HAL_ADCEx_MultiModeConfigChannel                  ../../libdaisy/build\libdaisy.a(stm32h7xx_hal_adc_ex.o)
                                                  ../../libdaisy/build\libdaisy.a(dsy_adc.o)
HAL_ADCEx_MultiModeGetValue                       ../../libdaisy/build\libdaisy.a(stm32h7xx_hal_adc_ex.o)
HAL_ADCEx_MultiModeStart_DMA                      ../../libdaisy/build\libdaisy.a(stm32h7xx_hal_adc_ex.o)
HAL_ADCEx_MultiModeStop_DMA                       ../../libdaisy/build\libdaisy.a(stm32h7xx_hal_adc_ex.o)
HAL_ADCEx_RegularMultiModeStop_DMA                ../../libdaisy/build\libdaisy.a(stm32h7xx_hal_adc_ex.o)
HAL_ADCEx_RegularStop                             ../../libdaisy/build\libdaisy.a(stm32h7xx_hal_adc_ex.o)
HAL_ADCEx_RegularStop_DMA                         ../../libdaisy/build\libdaisy.a(stm32h7xx_hal_adc_ex.o)
HAL_ADCEx_RegularStop_IT                          ../../libdaisy/build\libdaisy.a(stm32h7xx_hal_adc_ex.o)
HAL_ADC_AnalogWDGConfig                           ../../libdaisy/build\libdaisy.a(stm32h7xx_hal_adc.o)
HAL_ADC_ConfigChannel                             ../../libdaisy/build\libdaisy.a(stm32h7xx_hal_adc.o)
                                                  ../../libdaisy/build\libdaisy.a(dsy_adc.o)
HAL_ADC_ConvCpltCallback                          ../../libdaisy/build\libdaisy.a(stm32h7xx_hal_adc.o)
HAL_ADC_ConvHalfCpltCallback                      ../../libdaisy/build\libdaisy.a(stm32h7xx_hal_adc.o)
HAL_ADC_DeInit                                    ../../libdaisy/build\libdaisy.a(stm32h7xx_hal_adc.o)
HAL_ADC_ErrorCallback                             ../../libdaisy/build\libdaisy.a(stm32h7xx_hal_adc.o)
HAL_ADC_GetError                                  ../../libdaisy/build\libdaisy.a(stm32h7xx_hal_adc.o)
HAL_ADC_GetState                                  ../../libdaisy/build\libdaisy.a(stm32h7xx_hal_adc.o)
HAL_ADC_GetValue                                  ../../libdaisy/build\libdaisy.a(stm32h7xx_hal_adc.o)
HAL_ADC_IRQHandler                                ../../libdaisy/build\libdaisy.a(stm32h7xx_hal_adc.o)
HAL_ADC_Init                                      ../../libdaisy/build\libdaisy.a(stm32h7xx_hal_adc.o)
                                                  ../../libdaisy/build\libdaisy.a(dsy_adc.o)
HAL_ADC_LevelOutOfWindowCallback                  ../../libdaisy/build\libdaisy.a(stm32h7xx_hal_adc.o)
HAL_ADC_MspDeInit                                 ../../libdaisy/build\libdaisy.a(dsy_adc.o)
HAL_ADC_MspInit                                   ../../libdaisy/build\libdaisy.a(dsy_adc.o)
HAL_ADC_PollForConversion                         ../../libdaisy/build\libdaisy.a(stm32h7xx_hal_adc.o)
HAL_ADC_PollForEvent                              ../../libdaisy/build\libdaisy.a(stm32h7xx_hal_adc.o)
HAL_ADC_Start                                     ../../libdaisy/build\libdaisy.a(stm32h7xx_hal_adc.o)
HAL_ADC_Start_DMA                                 ../../libdaisy/build\libdaisy.a(stm32h7xx_hal_adc.o)
                                                  ../../libdaisy/build\libdaisy.a(dsy_adc.o)
HAL_ADC_Start_IT                                  ../../libdaisy/build\libdaisy.a(stm32h7xx_hal_adc.o)
HAL_ADC_Stop                                      ../../libdaisy/build\libdaisy.a(stm32h7xx_hal_adc.o)
HAL_ADC_Stop_DMA                                  ../../libdaisy/build\libdaisy.a(stm32h7xx_hal_adc.o)
                                                  ../../libdaisy/build\libdaisy.a(dsy_adc.o)
HAL_ADC_Stop_IT                                   ../../libdaisy/build\libdaisy.a(stm32h7xx_hal_adc.o)
HAL_DBGMCU_DisableDBGSleepMode                    ../../libdaisy/build\libdaisy.a(stm32h7xx_hal.o)
HAL_DBGMCU_DisableDBGStandbyMode                  ../../libdaisy/build\libdaisy.a(stm32h7xx_hal.o)
HAL_DBGMCU_DisableDBGStopMode                     ../../libdaisy/build\libdaisy.a(stm32h7xx_hal.o)
HAL_DBGMCU_EnableDBGSleepMode                     ../../libdaisy/build\libdaisy.a(stm32h7xx_hal.o)
HAL_DBGMCU_EnableDBGStandbyMode                   ../../libdaisy/build\libdaisy.a(stm32h7xx_hal.o)
HAL_DBGMCU_EnableDBGStopMode                      ../../libdaisy/build\libdaisy.a(stm32h7xx_hal.o)
HAL_DMA_Abort                                     ../../libdaisy/build\libdaisy.a(stm32h7xx_hal_dma.o)
                                                  ../../libdaisy/build\libdaisy.a(stm32h7xx_hal_sai.o)
                                                  ../../libdaisy/build\libdaisy.a(stm32h7xx_hal_adc_ex.o)
                                                  ../../libdaisy/build\libdaisy.a(stm32h7xx_hal_adc.o)
HAL_DMA_Abort_IT                                  ../../libdaisy/build\libdaisy.a(stm32h7xx_hal_dma.o)
                                                  ../../libdaisy/build\libdaisy.a(stm32h7xx_hal_sai.o)
                                                  ../../libdaisy/build\libdaisy.a(stm32h7xx_hal_i2c.o)
HAL_DMA_DeInit                                    ../../libdaisy/build\libdaisy.a(stm32h7xx_hal_dma.o)
                                                  ../../libdaisy/build\libdaisy.a(sai.o)
                                                  ../../libdaisy/build\libdaisy.a(dsy_adc.o)
HAL_DMA_GetError                                  ../../libdaisy/build\libdaisy.a(stm32h7xx_hal_dma.o)
                                                  ../../libdaisy/build\libdaisy.a(stm32h7xx_hal_sai.o)
                                                  ../../libdaisy/build\libdaisy.a(stm32h7xx_hal_i2c.o)
HAL_DMA_GetState                                  ../../libdaisy/build\libdaisy.a(stm32h7xx_hal_dma.o)
HAL_DMA_IRQHandler                                ../../libdaisy/build\libdaisy.a(stm32h7xx_hal_dma.o)
                                                  ../../libdaisy/build\libdaisy.a(dsy_audio.o)
                                                  ../../libdaisy/build\libdaisy.a(dsy_adc.o)
HAL_DMA_Init                                      ../../libdaisy/build\libdaisy.a(stm32h7xx_hal_dma.o)
                                                  ../../libdaisy/build\libdaisy.a(sai.o)
                                                  ../../libdaisy/build\libdaisy.a(dsy_adc.o)
HAL_DMA_PollForTransfer                           ../../libdaisy/build\libdaisy.a(stm32h7xx_hal_dma.o)
HAL_DMA_RegisterCallback                          ../../libdaisy/build\libdaisy.a(stm32h7xx_hal_dma.o)
HAL_DMA_Start                                     ../../libdaisy/build\libdaisy.a(stm32h7xx_hal_dma.o)
HAL_DMA_Start_IT                                  ../../libdaisy/build\libdaisy.a(stm32h7xx_hal_dma.o)
                                                  ../../libdaisy/build\libdaisy.a(stm32h7xx_hal_sai.o)
                                                  ../../libdaisy/build\libdaisy.a(stm32h7xx_hal_i2c.o)
                                                  ../../libdaisy/build\libdaisy.a(stm32h7xx_hal_adc_ex.o)
                                                  ../../libdaisy/build\libdaisy.a(stm32h7xx_hal_adc.o)
HAL_DMA_UnRegisterCallback                        ../../libdaisy/build\libdaisy.a(stm32h7xx_hal_dma.o)
HAL_DeInit                                        ../../libdaisy/build\libdaisy.a(stm32h7xx_hal.o)
HAL_Delay                                         ../../libdaisy/build\libdaisy.a(stm32h7xx_hal.o)
                                                  ../../libdaisy/build\libdaisy.a(codec_wm8731.o)
                                                  ../../libdaisy/build\libdaisy.a(codec_pcm3060.o)
                                                  ../../libdaisy/build\libdaisy.a(dsy_system.o)
                                                  ../../libdaisy/build\libdaisy.a(dsy_sdram.o)
HAL_DisableCompensationCell                       ../../libdaisy/build\libdaisy.a(stm32h7xx_hal.o)
HAL_DisableDomain3DBGStandbyMode                  ../../libdaisy/build\libdaisy.a(stm32h7xx_hal.o)
HAL_DisableDomain3DBGStopMode                     ../../libdaisy/build\libdaisy.a(stm32h7xx_hal.o)
HAL_EXTI_D1_ClearFlag                             ../../libdaisy/build\libdaisy.a(stm32h7xx_hal.o)
HAL_EXTI_D1_EventInputConfig                      ../../libdaisy/build\libdaisy.a(stm32h7xx_hal.o)
HAL_EXTI_D3_EventInputConfig                      ../../libdaisy/build\libdaisy.a(stm32h7xx_hal.o)
HAL_EXTI_EdgeConfig                               ../../libdaisy/build\libdaisy.a(stm32h7xx_hal.o)
HAL_EXTI_GenerateSWInterrupt                      ../../libdaisy/build\libdaisy.a(stm32h7xx_hal.o)
HAL_EnableCompensationCell                        ../../libdaisy/build\libdaisy.a(stm32h7xx_hal.o)
HAL_EnableDomain3DBGStandbyMode                   ../../libdaisy/build\libdaisy.a(stm32h7xx_hal.o)
HAL_EnableDomain3DBGStopMode                      ../../libdaisy/build\libdaisy.a(stm32h7xx_hal.o)
HAL_GPIO_DeInit                                   ../../libdaisy/build\libdaisy.a(stm32h7xx_hal_gpio.o)
                                                  ../../libdaisy/build\libdaisy.a(sai.o)
                                                  ../../libdaisy/build\libdaisy.a(i2c.o)
                                                  ../../libdaisy/build\libdaisy.a(dsy_sdram.o)
                                                  ../../libdaisy/build\libdaisy.a(dsy_qspi.o)
                                                  ../../libdaisy/build\libdaisy.a(dsy_adc.o)
HAL_GPIO_EXTI_Callback                            ../../libdaisy/build\libdaisy.a(stm32h7xx_hal_gpio.o)
HAL_GPIO_EXTI_IRQHandler                          ../../libdaisy/build\libdaisy.a(stm32h7xx_hal_gpio.o)
HAL_GPIO_Init                                     ../../libdaisy/build\libdaisy.a(stm32h7xx_hal_gpio.o)
                                                  ../../libdaisy/build\libdaisy.a(stm32h7xx_hal_rcc.o)
                                                  ../../libdaisy/build\libdaisy.a(sai.o)
                                                  ../../libdaisy/build\libdaisy.a(i2c.o)
                                                  ../../libdaisy/build\libdaisy.a(dsy_sdram.o)
                                                  ../../libdaisy/build\libdaisy.a(dsy_qspi.o)
                                                  ../../libdaisy/build\libdaisy.a(dsy_adc.o)
HAL_GPIO_LockPin                                  ../../libdaisy/build\libdaisy.a(stm32h7xx_hal_gpio.o)
HAL_GPIO_ReadPin                                  ../../libdaisy/build\libdaisy.a(stm32h7xx_hal_gpio.o)
HAL_GPIO_TogglePin                                ../../libdaisy/build\libdaisy.a(stm32h7xx_hal_gpio.o)
HAL_GPIO_WritePin                                 ../../libdaisy/build\libdaisy.a(stm32h7xx_hal_gpio.o)
HAL_GetCurrentCPUID                               ../../libdaisy/build\libdaisy.a(stm32h7xx_hal_cortex.o)
HAL_GetDEVID                                      ../../libdaisy/build\libdaisy.a(stm32h7xx_hal.o)
HAL_GetFMCMemorySwappingConfig                    ../../libdaisy/build\libdaisy.a(stm32h7xx_hal.o)
HAL_GetHalVersion                                 ../../libdaisy/build\libdaisy.a(stm32h7xx_hal.o)
HAL_GetREVID                                      ../../libdaisy/build\libdaisy.a(stm32h7xx_hal.o)
                                                  ../../libdaisy/build\libdaisy.a(stm32h7xx_hal_rcc_ex.o)
                                                  ../../libdaisy/build\libdaisy.a(stm32h7xx_hal_rcc.o)
                                                  ../../libdaisy/build\libdaisy.a(stm32h7xx_hal_sai.o)
                                                  ../../libdaisy/build\libdaisy.a(stm32h7xx_hal_adc.o)
HAL_GetTick                                       ../../libdaisy/build\libdaisy.a(stm32h7xx_hal.o)
                                                  ../../libdaisy/build\libdaisy.a(stm32h7xx_ll_fmc.o)
                                                  ../../libdaisy/build\libdaisy.a(stm32h7xx_hal_pwr_ex.o)
                                                  ../../libdaisy/build\libdaisy.a(stm32h7xx_hal_mdma.o)
                                                  ../../libdaisy/build\libdaisy.a(stm32h7xx_hal_dma.o)
                                                  ../../libdaisy/build\libdaisy.a(stm32h7xx_hal_rcc_ex.o)
                                                  ../../libdaisy/build\libdaisy.a(stm32h7xx_hal_rcc.o)
                                                  ../../libdaisy/build\libdaisy.a(stm32h7xx_hal_sai.o)
                                                  ../../libdaisy/build\libdaisy.a(stm32h7xx_hal_qspi.o)
                                                  ../../libdaisy/build\libdaisy.a(stm32h7xx_hal_i2c.o)
                                                  ../../libdaisy/build\libdaisy.a(stm32h7xx_hal_adc_ex.o)
                                                  ../../libdaisy/build\libdaisy.a(stm32h7xx_hal_adc.o)
                                                  ../../libdaisy/build\libdaisy.a(dsy_system.o)
HAL_GetTickFreq                                   ../../libdaisy/build\libdaisy.a(stm32h7xx_hal.o)
HAL_GetTickPrio                                   ../../libdaisy/build\libdaisy.a(stm32h7xx_hal.o)
HAL_I2CEx_ConfigAnalogFilter                      ../../libdaisy/build\libdaisy.a(stm32h7xx_hal_i2c_ex.o)
                                                  ../../libdaisy/build\libdaisy.a(i2c.o)
HAL_I2CEx_ConfigDigitalFilter                     ../../libdaisy/build\libdaisy.a(stm32h7xx_hal_i2c_ex.o)
                                                  ../../libdaisy/build\libdaisy.a(i2c.o)
HAL_I2CEx_DisableFastModePlus                     ../../libdaisy/build\libdaisy.a(stm32h7xx_hal_i2c_ex.o)
HAL_I2CEx_DisableWakeUp                           ../../libdaisy/build\libdaisy.a(stm32h7xx_hal_i2c_ex.o)
HAL_I2CEx_EnableFastModePlus                      ../../libdaisy/build\libdaisy.a(stm32h7xx_hal_i2c_ex.o)
HAL_I2CEx_EnableWakeUp                            ../../libdaisy/build\libdaisy.a(stm32h7xx_hal_i2c_ex.o)
HAL_I2C_AbortCpltCallback                         ../../libdaisy/build\libdaisy.a(stm32h7xx_hal_i2c.o)
HAL_I2C_AddrCallback                              ../../libdaisy/build\libdaisy.a(stm32h7xx_hal_i2c.o)
HAL_I2C_DeInit                                    ../../libdaisy/build\libdaisy.a(stm32h7xx_hal_i2c.o)
HAL_I2C_DisableListen_IT                          ../../libdaisy/build\libdaisy.a(stm32h7xx_hal_i2c.o)
HAL_I2C_ER_IRQHandler                             ../../libdaisy/build\libdaisy.a(stm32h7xx_hal_i2c.o)
HAL_I2C_EV_IRQHandler                             ../../libdaisy/build\libdaisy.a(stm32h7xx_hal_i2c.o)
HAL_I2C_EnableListen_IT                           ../../libdaisy/build\libdaisy.a(stm32h7xx_hal_i2c.o)
HAL_I2C_ErrorCallback                             ../../libdaisy/build\libdaisy.a(stm32h7xx_hal_i2c.o)
HAL_I2C_GetError                                  ../../libdaisy/build\libdaisy.a(stm32h7xx_hal_i2c.o)
HAL_I2C_GetMode                                   ../../libdaisy/build\libdaisy.a(stm32h7xx_hal_i2c.o)
HAL_I2C_GetState                                  ../../libdaisy/build\libdaisy.a(stm32h7xx_hal_i2c.o)
HAL_I2C_Init                                      ../../libdaisy/build\libdaisy.a(stm32h7xx_hal_i2c.o)
                                                  ../../libdaisy/build\libdaisy.a(i2c.o)
HAL_I2C_IsDeviceReady                             ../../libdaisy/build\libdaisy.a(stm32h7xx_hal_i2c.o)
HAL_I2C_ListenCpltCallback                        ../../libdaisy/build\libdaisy.a(stm32h7xx_hal_i2c.o)
HAL_I2C_MasterRxCpltCallback                      ../../libdaisy/build\libdaisy.a(stm32h7xx_hal_i2c.o)
HAL_I2C_MasterTxCpltCallback                      ../../libdaisy/build\libdaisy.a(stm32h7xx_hal_i2c.o)
HAL_I2C_Master_Abort_IT                           ../../libdaisy/build\libdaisy.a(stm32h7xx_hal_i2c.o)
HAL_I2C_Master_Receive                            ../../libdaisy/build\libdaisy.a(stm32h7xx_hal_i2c.o)
HAL_I2C_Master_Receive_DMA                        ../../libdaisy/build\libdaisy.a(stm32h7xx_hal_i2c.o)
HAL_I2C_Master_Receive_IT                         ../../libdaisy/build\libdaisy.a(stm32h7xx_hal_i2c.o)
HAL_I2C_Master_Seq_Receive_DMA                    ../../libdaisy/build\libdaisy.a(stm32h7xx_hal_i2c.o)
HAL_I2C_Master_Seq_Receive_IT                     ../../libdaisy/build\libdaisy.a(stm32h7xx_hal_i2c.o)
HAL_I2C_Master_Seq_Transmit_DMA                   ../../libdaisy/build\libdaisy.a(stm32h7xx_hal_i2c.o)
HAL_I2C_Master_Seq_Transmit_IT                    ../../libdaisy/build\libdaisy.a(stm32h7xx_hal_i2c.o)
HAL_I2C_Master_Transmit                           ../../libdaisy/build\libdaisy.a(stm32h7xx_hal_i2c.o)
                                                  ../../libdaisy/build\libdaisy.a(codec_wm8731.o)
                                                  ../../libdaisy/build\libdaisy.a(codec_pcm3060.o)
HAL_I2C_Master_Transmit_DMA                       ../../libdaisy/build\libdaisy.a(stm32h7xx_hal_i2c.o)
HAL_I2C_Master_Transmit_IT                        ../../libdaisy/build\libdaisy.a(stm32h7xx_hal_i2c.o)
HAL_I2C_MemRxCpltCallback                         ../../libdaisy/build\libdaisy.a(stm32h7xx_hal_i2c.o)
HAL_I2C_MemTxCpltCallback                         ../../libdaisy/build\libdaisy.a(stm32h7xx_hal_i2c.o)
HAL_I2C_Mem_Read                                  ../../libdaisy/build\libdaisy.a(stm32h7xx_hal_i2c.o)
HAL_I2C_Mem_Read_DMA                              ../../libdaisy/build\libdaisy.a(stm32h7xx_hal_i2c.o)
HAL_I2C_Mem_Read_IT                               ../../libdaisy/build\libdaisy.a(stm32h7xx_hal_i2c.o)
HAL_I2C_Mem_Write                                 ../../libdaisy/build\libdaisy.a(stm32h7xx_hal_i2c.o)
HAL_I2C_Mem_Write_DMA                             ../../libdaisy/build\libdaisy.a(stm32h7xx_hal_i2c.o)
HAL_I2C_Mem_Write_IT                              ../../libdaisy/build\libdaisy.a(stm32h7xx_hal_i2c.o)
HAL_I2C_MspDeInit                                 ../../libdaisy/build\libdaisy.a(i2c.o)
HAL_I2C_MspInit                                   ../../libdaisy/build\libdaisy.a(i2c.o)
HAL_I2C_SlaveRxCpltCallback                       ../../libdaisy/build\libdaisy.a(stm32h7xx_hal_i2c.o)
HAL_I2C_SlaveTxCpltCallback                       ../../libdaisy/build\libdaisy.a(stm32h7xx_hal_i2c.o)
HAL_I2C_Slave_Receive                             ../../libdaisy/build\libdaisy.a(stm32h7xx_hal_i2c.o)
HAL_I2C_Slave_Receive_DMA                         ../../libdaisy/build\libdaisy.a(stm32h7xx_hal_i2c.o)
HAL_I2C_Slave_Receive_IT                          ../../libdaisy/build\libdaisy.a(stm32h7xx_hal_i2c.o)
HAL_I2C_Slave_Seq_Receive_DMA                     ../../libdaisy/build\libdaisy.a(stm32h7xx_hal_i2c.o)
HAL_I2C_Slave_Seq_Receive_IT                      ../../libdaisy/build\libdaisy.a(stm32h7xx_hal_i2c.o)
HAL_I2C_Slave_Seq_Transmit_DMA                    ../../libdaisy/build\libdaisy.a(stm32h7xx_hal_i2c.o)
HAL_I2C_Slave_Seq_Transmit_IT                     ../../libdaisy/build\libdaisy.a(stm32h7xx_hal_i2c.o)
HAL_I2C_Slave_Transmit                            ../../libdaisy/build\libdaisy.a(stm32h7xx_hal_i2c.o)
HAL_I2C_Slave_Transmit_DMA                        ../../libdaisy/build\libdaisy.a(stm32h7xx_hal_i2c.o)
HAL_I2C_Slave_Transmit_IT                         ../../libdaisy/build\libdaisy.a(stm32h7xx_hal_i2c.o)
HAL_IncTick                                       ../../libdaisy/build\libdaisy.a(stm32h7xx_hal.o)
                                                  ../../libdaisy/build\libdaisy.a(dsy_system.o)
HAL_Init                                          ../../libdaisy/build\libdaisy.a(stm32h7xx_hal.o)
                                                  ../../libdaisy/build\libdaisy.a(dsy_system.o)
HAL_InitTick                                      ../../libdaisy/build\libdaisy.a(stm32h7xx_hal.o)
                                                  ../../libdaisy/build\libdaisy.a(stm32h7xx_hal_rcc.o)
HAL_MDMA_Abort                                    ../../libdaisy/build\libdaisy.a(stm32h7xx_hal_mdma.o)
                                                  ../../libdaisy/build\libdaisy.a(stm32h7xx_hal_qspi.o)
HAL_MDMA_Abort_IT                                 ../../libdaisy/build\libdaisy.a(stm32h7xx_hal_mdma.o)
                                                  ../../libdaisy/build\libdaisy.a(stm32h7xx_hal_qspi.o)
HAL_MDMA_ConfigPostRequestMask                    ../../libdaisy/build\libdaisy.a(stm32h7xx_hal_mdma.o)
HAL_MDMA_DeInit                                   ../../libdaisy/build\libdaisy.a(stm32h7xx_hal_mdma.o)
HAL_MDMA_GenerateSWRequest                        ../../libdaisy/build\libdaisy.a(stm32h7xx_hal_mdma.o)
HAL_MDMA_GetError                                 ../../libdaisy/build\libdaisy.a(stm32h7xx_hal_mdma.o)
HAL_MDMA_GetState                                 ../../libdaisy/build\libdaisy.a(stm32h7xx_hal_mdma.o)
HAL_MDMA_IRQHandler                               ../../libdaisy/build\libdaisy.a(stm32h7xx_hal_mdma.o)
HAL_MDMA_Init                                     ../../libdaisy/build\libdaisy.a(stm32h7xx_hal_mdma.o)
HAL_MDMA_LinkedList_AddNode                       ../../libdaisy/build\libdaisy.a(stm32h7xx_hal_mdma.o)
HAL_MDMA_LinkedList_CreateNode                    ../../libdaisy/build\libdaisy.a(stm32h7xx_hal_mdma.o)
HAL_MDMA_LinkedList_DisableCircularMode           ../../libdaisy/build\libdaisy.a(stm32h7xx_hal_mdma.o)
HAL_MDMA_LinkedList_EnableCircularMode            ../../libdaisy/build\libdaisy.a(stm32h7xx_hal_mdma.o)
HAL_MDMA_LinkedList_RemoveNode                    ../../libdaisy/build\libdaisy.a(stm32h7xx_hal_mdma.o)
HAL_MDMA_PollForTransfer                          ../../libdaisy/build\libdaisy.a(stm32h7xx_hal_mdma.o)
HAL_MDMA_RegisterCallback                         ../../libdaisy/build\libdaisy.a(stm32h7xx_hal_mdma.o)
HAL_MDMA_Start                                    ../../libdaisy/build\libdaisy.a(stm32h7xx_hal_mdma.o)
HAL_MDMA_Start_IT                                 ../../libdaisy/build\libdaisy.a(stm32h7xx_hal_mdma.o)
                                                  ../../libdaisy/build\libdaisy.a(stm32h7xx_hal_qspi.o)
                                                  ../../libdaisy/build\libdaisy.a(stm32h7xx_hal_sdram.o)
HAL_MDMA_UnRegisterCallback                       ../../libdaisy/build\libdaisy.a(stm32h7xx_hal_mdma.o)
HAL_MPU_ConfigRegion                              ../../libdaisy/build\libdaisy.a(stm32h7xx_hal_cortex.o)
HAL_MPU_Disable                                   ../../libdaisy/build\libdaisy.a(stm32h7xx_hal_cortex.o)
HAL_MPU_Enable                                    ../../libdaisy/build\libdaisy.a(stm32h7xx_hal_cortex.o)
HAL_MspDeInit                                     ../../libdaisy/build\libdaisy.a(stm32h7xx_hal.o)
HAL_MspInit                                       ../../libdaisy/build\libdaisy.a(stm32h7xx_hal.o)
HAL_NVIC_ClearPendingIRQ                          ../../libdaisy/build\libdaisy.a(stm32h7xx_hal_cortex.o)
HAL_NVIC_DisableIRQ                               ../../libdaisy/build\libdaisy.a(stm32h7xx_hal_cortex.o)
                                                  ../../libdaisy/build\libdaisy.a(dsy_qspi.o)
HAL_NVIC_EnableIRQ                                ../../libdaisy/build\libdaisy.a(stm32h7xx_hal_cortex.o)
                                                  ../../libdaisy/build\libdaisy.a(dma.o)
                                                  ../../libdaisy/build\libdaisy.a(dsy_qspi.o)
HAL_NVIC_GetActive                                ../../libdaisy/build\libdaisy.a(stm32h7xx_hal_cortex.o)
HAL_NVIC_GetPendingIRQ                            ../../libdaisy/build\libdaisy.a(stm32h7xx_hal_cortex.o)
HAL_NVIC_GetPriority                              ../../libdaisy/build\libdaisy.a(stm32h7xx_hal_cortex.o)
HAL_NVIC_GetPriorityGrouping                      ../../libdaisy/build\libdaisy.a(stm32h7xx_hal_cortex.o)
HAL_NVIC_SetPendingIRQ                            ../../libdaisy/build\libdaisy.a(stm32h7xx_hal_cortex.o)
HAL_NVIC_SetPriority                              ../../libdaisy/build\libdaisy.a(stm32h7xx_hal_cortex.o)
                                                  ../../libdaisy/build\libdaisy.a(dma.o)
                                                  ../../libdaisy/build\libdaisy.a(stm32h7xx_hal.o)
                                                  ../../libdaisy/build\libdaisy.a(dsy_qspi.o)
HAL_NVIC_SetPriorityGrouping                      ../../libdaisy/build\libdaisy.a(stm32h7xx_hal_cortex.o)
                                                  ../../libdaisy/build\libdaisy.a(stm32h7xx_hal.o)
HAL_NVIC_SystemReset                              ../../libdaisy/build\libdaisy.a(stm32h7xx_hal_cortex.o)
HAL_PWREx_AVDCallback                             ../../libdaisy/build\libdaisy.a(stm32h7xx_hal_pwr_ex.o)
HAL_PWREx_ClearPendingEvent                       ../../libdaisy/build\libdaisy.a(stm32h7xx_hal_pwr_ex.o)
HAL_PWREx_ClearWakeupFlag                         ../../libdaisy/build\libdaisy.a(stm32h7xx_hal_pwr_ex.o)
HAL_PWREx_ConfigAVD                               ../../libdaisy/build\libdaisy.a(stm32h7xx_hal_pwr_ex.o)
HAL_PWREx_ConfigD3Domain                          ../../libdaisy/build\libdaisy.a(stm32h7xx_hal_pwr_ex.o)
HAL_PWREx_ConfigSupply                            ../../libdaisy/build\libdaisy.a(stm32h7xx_hal_pwr_ex.o)
                                                  ../../libdaisy/build\libdaisy.a(dsy_system.o)
HAL_PWREx_ControlStopModeVoltageScaling           ../../libdaisy/build\libdaisy.a(stm32h7xx_hal_pwr_ex.o)
HAL_PWREx_ControlVoltageScaling                   ../../libdaisy/build\libdaisy.a(stm32h7xx_hal_pwr_ex.o)
HAL_PWREx_DisableAVD                              ../../libdaisy/build\libdaisy.a(stm32h7xx_hal_pwr_ex.o)
HAL_PWREx_DisableBatteryCharging                  ../../libdaisy/build\libdaisy.a(stm32h7xx_hal_pwr_ex.o)
HAL_PWREx_DisableBkUpReg                          ../../libdaisy/build\libdaisy.a(stm32h7xx_hal_pwr_ex.o)
HAL_PWREx_DisableFlashPowerDown                   ../../libdaisy/build\libdaisy.a(stm32h7xx_hal_pwr_ex.o)
HAL_PWREx_DisableMonitoring                       ../../libdaisy/build\libdaisy.a(stm32h7xx_hal_pwr_ex.o)
HAL_PWREx_DisableUSBReg                           ../../libdaisy/build\libdaisy.a(stm32h7xx_hal_pwr_ex.o)
HAL_PWREx_DisableUSBVoltageDetector               ../../libdaisy/build\libdaisy.a(stm32h7xx_hal_pwr_ex.o)
HAL_PWREx_DisableWakeUpPin                        ../../libdaisy/build\libdaisy.a(stm32h7xx_hal_pwr_ex.o)
HAL_PWREx_EnableAVD                               ../../libdaisy/build\libdaisy.a(stm32h7xx_hal_pwr_ex.o)
HAL_PWREx_EnableBatteryCharging                   ../../libdaisy/build\libdaisy.a(stm32h7xx_hal_pwr_ex.o)
HAL_PWREx_EnableBkUpReg                           ../../libdaisy/build\libdaisy.a(stm32h7xx_hal_pwr_ex.o)
HAL_PWREx_EnableFlashPowerDown                    ../../libdaisy/build\libdaisy.a(stm32h7xx_hal_pwr_ex.o)
HAL_PWREx_EnableMonitoring                        ../../libdaisy/build\libdaisy.a(stm32h7xx_hal_pwr_ex.o)
HAL_PWREx_EnableUSBReg                            ../../libdaisy/build\libdaisy.a(stm32h7xx_hal_pwr_ex.o)
HAL_PWREx_EnableUSBVoltageDetector                ../../libdaisy/build\libdaisy.a(stm32h7xx_hal_pwr_ex.o)
                                                  ../../libdaisy/build\libdaisy.a(dsy_system.o)
HAL_PWREx_EnableWakeUpPin                         ../../libdaisy/build\libdaisy.a(stm32h7xx_hal_pwr_ex.o)
HAL_PWREx_EnterSTANDBYMode                        ../../libdaisy/build\libdaisy.a(stm32h7xx_hal_pwr_ex.o)
HAL_PWREx_EnterSTOPMode                           ../../libdaisy/build\libdaisy.a(stm32h7xx_hal_pwr_ex.o)
HAL_PWREx_GetStopModeVoltageRange                 ../../libdaisy/build\libdaisy.a(stm32h7xx_hal_pwr_ex.o)
HAL_PWREx_GetSupplyConfig                         ../../libdaisy/build\libdaisy.a(stm32h7xx_hal_pwr_ex.o)
HAL_PWREx_GetTemperatureLevel                     ../../libdaisy/build\libdaisy.a(stm32h7xx_hal_pwr_ex.o)
HAL_PWREx_GetVBATLevel                            ../../libdaisy/build\libdaisy.a(stm32h7xx_hal_pwr_ex.o)
HAL_PWREx_GetVoltageRange                         ../../libdaisy/build\libdaisy.a(stm32h7xx_hal_pwr_ex.o)
HAL_PWREx_GetWakeupFlag                           ../../libdaisy/build\libdaisy.a(stm32h7xx_hal_pwr_ex.o)
HAL_PWREx_PVD_AVD_IRQHandler                      ../../libdaisy/build\libdaisy.a(stm32h7xx_hal_pwr_ex.o)
HAL_PWREx_WAKEUP_PIN_IRQHandler                   ../../libdaisy/build\libdaisy.a(stm32h7xx_hal_pwr_ex.o)
HAL_PWREx_WKUP1_Callback                          ../../libdaisy/build\libdaisy.a(stm32h7xx_hal_pwr_ex.o)
HAL_PWREx_WKUP2_Callback                          ../../libdaisy/build\libdaisy.a(stm32h7xx_hal_pwr_ex.o)
HAL_PWREx_WKUP3_Callback                          ../../libdaisy/build\libdaisy.a(stm32h7xx_hal_pwr_ex.o)
HAL_PWREx_WKUP4_Callback                          ../../libdaisy/build\libdaisy.a(stm32h7xx_hal_pwr_ex.o)
HAL_PWREx_WKUP5_Callback                          ../../libdaisy/build\libdaisy.a(stm32h7xx_hal_pwr_ex.o)
HAL_PWREx_WKUP6_Callback                          ../../libdaisy/build\libdaisy.a(stm32h7xx_hal_pwr_ex.o)
HAL_PWR_ConfigPVD                                 ../../libdaisy/build\libdaisy.a(stm32h7xx_hal_pwr.o)
HAL_PWR_DeInit                                    ../../libdaisy/build\libdaisy.a(stm32h7xx_hal_pwr.o)
HAL_PWR_DisableBkUpAccess                         ../../libdaisy/build\libdaisy.a(stm32h7xx_hal_pwr.o)